---------------------------------------------------------------
Running Training
Current device: cuda
---------------------------------------------------------------
---------------------------------------------------------------
Begin Training Loop
---------------------------------------------------------------
Episode:  1 / 2500 Pursuer Error:  0.25678732991218567 Evader Error:  0.25678732991218567
Episode:  2 / 2500 Pursuer Error:  0.2506810426712036 Evader Error:  0.2506810426712036
Episode:  3 / 2500 Pursuer Error:  0.2506202757358551 Evader Error:  0.2506202757358551
Episode:  4 / 2500 Pursuer Error:  0.25055792927742004 Evader Error:  0.25055789947509766
Episode:  5 / 2500 Pursuer Error:  0.250495970249176 Evader Error:  0.250495970249176
Episode:  6 / 2500 Pursuer Error:  0.2504345178604126 Evader Error:  0.2504345178604126
Episode:  7 / 2500 Pursuer Error:  0.24769845604896545 Evader Error:  0.24769845604896545
Episode:  8 / 2500 Pursuer Error:  0.24769826233386993 Evader Error:  0.24769826233386993
Episode:  9 / 2500 Pursuer Error:  0.24769984185695648 Evader Error:  0.24769984185695648
Episode:  10 / 2500 Pursuer Error:  0.2476997822523117 Evader Error:  0.2476997822523117
Episode:  11 / 2500 Pursuer Error:  0.24769990146160126 Evader Error:  0.24769990146160126
Episode:  12 / 2500 Pursuer Error:  0.24942055344581604 Evader Error:  0.24942055344581604
Episode:  13 / 2500 Pursuer Error:  0.24918778240680695 Evader Error:  0.24918778240680695
Episode:  14 / 2500 Pursuer Error:  0.24895958602428436 Evader Error:  0.24895958602428436
Episode:  15 / 2500 Pursuer Error:  0.24873541295528412 Evader Error:  0.24873541295528412
Episode:  16 / 2500 Pursuer Error:  0.2485157996416092 Evader Error:  0.2485157996416092
Episode:  17 / 2500 Pursuer Error:  0.24054090678691864 Evader Error:  0.24054089188575745
Episode:  18 / 2500 Pursuer Error:  0.2405279278755188 Evader Error:  0.2405279278755188
Episode:  19 / 2500 Pursuer Error:  0.24051593244075775 Evader Error:  0.24051593244075775
Episode:  20 / 2500 Pursuer Error:  0.2405054271221161 Evader Error:  0.2405054271221161
Episode:  21 / 2500 Pursuer Error:  0.24049055576324463 Evader Error:  0.24049055576324463
Episode:  22 / 2500 Pursuer Error:  0.23541709780693054 Evader Error:  0.23541709780693054
Episode:  23 / 2500 Pursuer Error:  0.23526085913181305 Evader Error:  0.23526087403297424
Episode:  24 / 2500 Pursuer Error:  0.23511023819446564 Evader Error:  0.23511023819446564
Episode:  25 / 2500 Pursuer Error:  0.2349640130996704 Evader Error:  0.2349640130996704
Episode:  26 / 2500 Pursuer Error:  0.23482227325439453 Evader Error:  0.23482227325439453
Episode:  27 / 2500 Pursuer Error:  0.2361394464969635 Evader Error:  0.2361394464969635
Episode:  28 / 2500 Pursuer Error:  0.2358284443616867 Evader Error:  0.2358284443616867
Episode:  29 / 2500 Pursuer Error:  0.23552517592906952 Evader Error:  0.23552517592906952
Episode:  30 / 2500 Pursuer Error:  0.23522913455963135 Evader Error:  0.23522913455963135
Episode:  31 / 2500 Pursuer Error:  0.23490719497203827 Evader Error:  0.23490719497203827
Episode:  32 / 2500 Pursuer Error:  0.22654543817043304 Evader Error:  0.22654543817043304
Episode:  33 / 2500 Pursuer Error:  0.22598174214363098 Evader Error:  0.22598174214363098
Episode:  34 / 2500 Pursuer Error:  0.22536790370941162 Evader Error:  0.22536790370941162
Episode:  35 / 2500 Pursuer Error:  0.22471551597118378 Evader Error:  0.22471551597118378
Episode:  36 / 2500 Pursuer Error:  0.22408533096313477 Evader Error:  0.22408533096313477
Episode:  37 / 2500 Pursuer Error:  0.21073928475379944 Evader Error:  0.21073928475379944
Episode:  38 / 2500 Pursuer Error:  0.21072684228420258 Evader Error:  0.21072684228420258
Episode:  39 / 2500 Pursuer Error:  0.21071425080299377 Evader Error:  0.21071425080299377
Episode:  40 / 2500 Pursuer Error:  0.21070286631584167 Evader Error:  0.21070289611816406
Episode:  41 / 2500 Pursuer Error:  0.21069200336933136 Evader Error:  0.21069198846817017
Episode:  42 / 2500 Pursuer Error:  0.19472672045230865 Evader Error:  0.19472673535346985
Episode:  43 / 2500 Pursuer Error:  0.19469910860061646 Evader Error:  0.19469910860061646
Episode:  44 / 2500 Pursuer Error:  0.19467222690582275 Evader Error:  0.19467222690582275
Episode:  45 / 2500 Pursuer Error:  0.19461098313331604 Evader Error:  0.19461098313331604
Episode:  46 / 2500 Pursuer Error:  0.1943289339542389 Evader Error:  0.1943289339542389
Episode:  47 / 2500 Pursuer Error:  0.18505124747753143 Evader Error:  0.18505124747753143
Episode:  48 / 2500 Pursuer Error:  0.18461072444915771 Evader Error:  0.18461072444915771
Episode:  49 / 2500 Pursuer Error:  0.18418340384960175 Evader Error:  0.18418340384960175
Episode:  50 / 2500 Pursuer Error:  0.18376371264457703 Evader Error:  0.18376371264457703
Episode:  51 / 2500 Pursuer Error:  0.18335692584514618 Evader Error:  0.18335692584514618
Episode:  52 / 2500 Pursuer Error:  0.16372956335544586 Evader Error:  0.16372956335544586
Episode:  53 / 2500 Pursuer Error:  0.16337990760803223 Evader Error:  0.16337990760803223
Episode:  54 / 2500 Pursuer Error:  0.16304023563861847 Evader Error:  0.16304023563861847
Episode:  55 / 2500 Pursuer Error:  0.16271045804023743 Evader Error:  0.16271045804023743
Episode:  56 / 2500 Pursuer Error:  0.16238978505134583 Evader Error:  0.16238978505134583
Episode:  57 / 2500 Pursuer Error:  0.16252446174621582 Evader Error:  0.16252446174621582
Episode:  58 / 2500 Pursuer Error:  0.16209203004837036 Evader Error:  0.16209203004837036
Episode:  59 / 2500 Pursuer Error:  0.16180793941020966 Evader Error:  0.16180793941020966
Episode:  60 / 2500 Pursuer Error:  0.16152872145175934 Evader Error:  0.16152872145175934
Episode:  61 / 2500 Pursuer Error:  0.16125355660915375 Evader Error:  0.16125355660915375
Episode:  62 / 2500 Pursuer Error:  0.13326619565486908 Evader Error:  0.13326621055603027
Episode:  63 / 2500 Pursuer Error:  0.13322223722934723 Evader Error:  0.13322223722934723
Episode:  64 / 2500 Pursuer Error:  0.13317903876304626 Evader Error:  0.13317903876304626
Episode:  65 / 2500 Pursuer Error:  0.13313636183738708 Evader Error:  0.13313636183738708
Episode:  66 / 2500 Pursuer Error:  0.13309305906295776 Evader Error:  0.13309305906295776
Episode:  67 / 2500 Pursuer Error:  0.10502944141626358 Evader Error:  0.10502944141626358
Episode:  68 / 2500 Pursuer Error:  0.10495143383741379 Evader Error:  0.10495143383741379
Episode:  69 / 2500 Pursuer Error:  0.10487445443868637 Evader Error:  0.10487445443868637
Episode:  70 / 2500 Pursuer Error:  0.10479845106601715 Evader Error:  0.10479845106601715
Episode:  71 / 2500 Pursuer Error:  0.10472290962934494 Evader Error:  0.10472290962934494
Episode:  72 / 2500 Pursuer Error:  0.10520948469638824 Evader Error:  0.10520948469638824
Episode:  73 / 2500 Pursuer Error:  0.10484671592712402 Evader Error:  0.10484671592712402
Episode:  74 / 2500 Pursuer Error:  0.10448937863111496 Evader Error:  0.10448937863111496
Episode:  75 / 2500 Pursuer Error:  0.10413604229688644 Evader Error:  0.10413604229688644
Episode:  76 / 2500 Pursuer Error:  0.10378719866275787 Evader Error:  0.10378719866275787
Episode:  77 / 2500 Pursuer Error:  0.087099589407444 Evader Error:  0.087099589407444
Episode:  78 / 2500 Pursuer Error:  0.0866975262761116 Evader Error:  0.0866975262761116
Episode:  79 / 2500 Pursuer Error:  0.08630042523145676 Evader Error:  0.08630042523145676
Episode:  80 / 2500 Pursuer Error:  0.0859074518084526 Evader Error:  0.0859074518084526
Episode:  81 / 2500 Pursuer Error:  0.08551932871341705 Evader Error:  0.08551932871341705
Episode:  82 / 2500 Pursuer Error:  0.07039427012205124 Evader Error:  0.07039427012205124
Episode:  83 / 2500 Pursuer Error:  0.07013577222824097 Evader Error:  0.07013577222824097
Episode:  84 / 2500 Pursuer Error:  0.06988149881362915 Evader Error:  0.06988149881362915
Episode:  85 / 2500 Pursuer Error:  0.06962992995977402 Evader Error:  0.06962992995977402
Episode:  86 / 2500 Pursuer Error:  0.06938042491674423 Evader Error:  0.06938042491674423
Episode:  87 / 2500 Pursuer Error:  0.0613277330994606 Evader Error:  0.0613277330994606
Episode:  88 / 2500 Pursuer Error:  0.060920096933841705 Evader Error:  0.060920096933841705
Episode:  89 / 2500 Pursuer Error:  0.060517486184835434 Evader Error:  0.060517486184835434
Episode:  90 / 2500 Pursuer Error:  0.060121115297079086 Evader Error:  0.060121115297079086
Episode:  91 / 2500 Pursuer Error:  0.05972951278090477 Evader Error:  0.05972951278090477
Episode:  92 / 2500 Pursuer Error:  0.05719409137964249 Evader Error:  0.05719409137964249
Episode:  93 / 2500 Pursuer Error:  0.056781746447086334 Evader Error:  0.056781746447086334
Episode:  94 / 2500 Pursuer Error:  0.05637456849217415 Evader Error:  0.05637456849217415
Episode:  95 / 2500 Pursuer Error:  0.05597257241606712 Evader Error:  0.05597257241606712
Episode:  96 / 2500 Pursuer Error:  0.05557582899928093 Evader Error:  0.05557582899928093
Episode:  97 / 2500 Pursuer Error:  0.051568206399679184 Evader Error:  0.051568206399679184
Episode:  98 / 2500 Pursuer Error:  0.05101572349667549 Evader Error:  0.05101572349667549
Episode:  99 / 2500 Pursuer Error:  0.050456639379262924 Evader Error:  0.050456639379262924
Episode:  100 / 2500 Pursuer Error:  0.049905914813280106 Evader Error:  0.049905914813280106
Episode:  101 / 2500 Pursuer Error:  0.04936341941356659 Evader Error:  0.04936341941356659
Episode:  102 / 2500 Pursuer Error:  0.04291056469082832 Evader Error:  0.04291056469082832
Episode:  103 / 2500 Pursuer Error:  0.04259573668241501 Evader Error:  0.04259573668241501
Episode:  104 / 2500 Pursuer Error:  0.042284637689590454 Evader Error:  0.042284637689590454
Episode:  105 / 2500 Pursuer Error:  0.0419776514172554 Evader Error:  0.0419776514172554
Episode:  106 / 2500 Pursuer Error:  0.041674330830574036 Evader Error:  0.041674330830574036
Evader Caught
Episode:  107 / 2500 Pursuer Error:  0.03555251285433769 Evader Error:  0.03555251285433769
Episode:  108 / 2500 Pursuer Error:  0.7116090059280396 Evader Error:  0.7116090059280396
Episode:  109 / 2500 Pursuer Error:  0.7106834650039673 Evader Error:  0.7106834650039673
Episode:  110 / 2500 Pursuer Error:  0.7097744345664978 Evader Error:  0.7097744345664978
Episode:  111 / 2500 Pursuer Error:  0.7088803648948669 Evader Error:  0.7088803648948669
Episode:  112 / 2500 Pursuer Error:  0.697533905506134 Evader Error:  0.697533905506134
Episode:  113 / 2500 Pursuer Error:  0.696797251701355 Evader Error:  0.696797251701355
Episode:  114 / 2500 Pursuer Error:  0.6960750818252563 Evader Error:  0.6960750818252563
Episode:  115 / 2500 Pursuer Error:  0.6953656077384949 Evader Error:  0.6953656077384949
Episode:  116 / 2500 Pursuer Error:  0.694664478302002 Evader Error:  0.694664478302002
Episode:  117 / 2500 Pursuer Error:  0.6552119851112366 Evader Error:  0.6552119851112366
Episode:  118 / 2500 Pursuer Error:  0.653109610080719 Evader Error:  0.653109610080719
Episode:  119 / 2500 Pursuer Error:  0.6509982943534851 Evader Error:  0.6509982943534851
Episode:  120 / 2500 Pursuer Error:  0.6489163637161255 Evader Error:  0.6489163637161255
Episode:  121 / 2500 Pursuer Error:  0.64686518907547 Evader Error:  0.64686518907547
Episode:  122 / 2500 Pursuer Error:  0.578075647354126 Evader Error:  0.578075647354126
Episode:  123 / 2500 Pursuer Error:  0.578306257724762 Evader Error:  0.578306257724762
Episode:  124 / 2500 Pursuer Error:  0.5785937309265137 Evader Error:  0.5785937905311584
Episode:  125 / 2500 Pursuer Error:  0.5789612531661987 Evader Error:  0.5789612531661987
Episode:  126 / 2500 Pursuer Error:  0.5794006586074829 Evader Error:  0.5794006586074829
Episode:  127 / 2500 Pursuer Error:  0.5252506136894226 Evader Error:  0.5252506732940674
Episode:  128 / 2500 Pursuer Error:  0.5248416066169739 Evader Error:  0.5248416066169739
Episode:  129 / 2500 Pursuer Error:  0.5244371891021729 Evader Error:  0.5244372487068176
Episode:  130 / 2500 Pursuer Error:  0.5240168571472168 Evader Error:  0.524016797542572
Episode:  131 / 2500 Pursuer Error:  0.5235556960105896 Evader Error:  0.5235556960105896
Episode:  132 / 2500 Pursuer Error:  0.45522046089172363 Evader Error:  0.45522046089172363
Episode:  133 / 2500 Pursuer Error:  0.45413637161254883 Evader Error:  0.45413637161254883
Episode:  134 / 2500 Pursuer Error:  0.45307111740112305 Evader Error:  0.45307111740112305
Episode:  135 / 2500 Pursuer Error:  0.43895068764686584 Evader Error:  0.43895068764686584
Episode:  136 / 2500 Pursuer Error:  0.43819698691368103 Evader Error:  0.4381970167160034
Episode:  137 / 2500 Pursuer Error:  0.36862727999687195 Evader Error:  0.36862727999687195
Episode:  138 / 2500 Pursuer Error:  0.3682498633861542 Evader Error:  0.3682498633861542
Episode:  139 / 2500 Pursuer Error:  0.36787381768226624 Evader Error:  0.36787381768226624
Episode:  140 / 2500 Pursuer Error:  0.3674987852573395 Evader Error:  0.3674987852573395
Episode:  141 / 2500 Pursuer Error:  0.3671252429485321 Evader Error:  0.3671252429485321
Episode:  142 / 2500 Pursuer Error:  0.30837273597717285 Evader Error:  0.30837273597717285
Episode:  143 / 2500 Pursuer Error:  0.3081028163433075 Evader Error:  0.3081028163433075
Episode:  144 / 2500 Pursuer Error:  0.3078341782093048 Evader Error:  0.3078341782093048
Episode:  145 / 2500 Pursuer Error:  0.30756744742393494 Evader Error:  0.30756744742393494
Episode:  146 / 2500 Pursuer Error:  0.30730196833610535 Evader Error:  0.30730196833610535
Episode:  147 / 2500 Pursuer Error:  0.24660462141036987 Evader Error:  0.24660462141036987
Episode:  148 / 2500 Pursuer Error:  0.24650952219963074 Evader Error:  0.24650953710079193
Episode:  149 / 2500 Pursuer Error:  0.24641476571559906 Evader Error:  0.24641476571559906
Episode:  150 / 2500 Pursuer Error:  0.24631991982460022 Evader Error:  0.24631991982460022
Episode:  151 / 2500 Pursuer Error:  0.24622489511966705 Evader Error:  0.24622491002082825
Episode:  152 / 2500 Pursuer Error:  0.19019432365894318 Evader Error:  0.19019432365894318
Episode:  153 / 2500 Pursuer Error:  0.19010832905769348 Evader Error:  0.19010832905769348
Episode:  154 / 2500 Pursuer Error:  0.19001077115535736 Evader Error:  0.19001078605651855
Episode:  155 / 2500 Pursuer Error:  0.189919114112854 Evader Error:  0.189919114112854
Episode:  156 / 2500 Pursuer Error:  0.18985320627689362 Evader Error:  0.18985320627689362
Episode:  157 / 2500 Pursuer Error:  0.14688123762607574 Evader Error:  0.14688122272491455
Episode:  158 / 2500 Pursuer Error:  0.14681406319141388 Evader Error:  0.14681404829025269
Episode:  159 / 2500 Pursuer Error:  0.14674651622772217 Evader Error:  0.14674651622772217
Episode:  160 / 2500 Pursuer Error:  0.1466788947582245 Evader Error:  0.1466788947582245
Episode:  161 / 2500 Pursuer Error:  0.14661096036434174 Evader Error:  0.14661094546318054
Episode:  162 / 2500 Pursuer Error:  0.14363490045070648 Evader Error:  0.14363490045070648
Episode:  163 / 2500 Pursuer Error:  0.14350861310958862 Evader Error:  0.14350861310958862
Episode:  164 / 2500 Pursuer Error:  0.1433836966753006 Evader Error:  0.1433836966753006
Episode:  165 / 2500 Pursuer Error:  0.14326004683971405 Evader Error:  0.14326004683971405
Episode:  166 / 2500 Pursuer Error:  0.14313730597496033 Evader Error:  0.14313730597496033
Episode:  167 / 2500 Pursuer Error:  0.08672961592674255 Evader Error:  0.08672961592674255
Episode:  168 / 2500 Pursuer Error:  0.13131628930568695 Evader Error:  0.13131628930568695
Episode:  169 / 2500 Pursuer Error:  0.08675258606672287 Evader Error:  0.08675257861614227
Episode:  170 / 2500 Pursuer Error:  0.13076506555080414 Evader Error:  0.13076506555080414
Episode:  171 / 2500 Pursuer Error:  0.08676990121603012 Evader Error:  0.08676990121603012
Episode:  172 / 2500 Pursuer Error:  0.08002188056707382 Evader Error:  0.08002188056707382
Episode:  173 / 2500 Pursuer Error:  0.06940074265003204 Evader Error:  0.06940074265003204
Episode:  174 / 2500 Pursuer Error:  0.0694134309887886 Evader Error:  0.06941342353820801
Episode:  175 / 2500 Pursuer Error:  0.0694255456328392 Evader Error:  0.0694255456328392
Episode:  176 / 2500 Pursuer Error:  0.0694376677274704 Evader Error:  0.0694376677274704
Episode:  177 / 2500 Pursuer Error:  0.05730811879038811 Evader Error:  0.05730811879038811
Episode:  178 / 2500 Pursuer Error:  0.05721370503306389 Evader Error:  0.05721370130777359
Episode:  179 / 2500 Pursuer Error:  0.05712364986538887 Evader Error:  0.05712365731596947
Episode:  180 / 2500 Pursuer Error:  0.06682521104812622 Evader Error:  0.06682521849870682
Episode:  181 / 2500 Pursuer Error:  0.06626491993665695 Evader Error:  0.06626491993665695
Episode:  182 / 2500 Pursuer Error:  0.06122452765703201 Evader Error:  0.06122452765703201
Episode:  183 / 2500 Pursuer Error:  0.06096496060490608 Evader Error:  0.06096496060490608
Episode:  184 / 2500 Pursuer Error:  0.06070754677057266 Evader Error:  0.06070754677057266
Episode:  185 / 2500 Pursuer Error:  0.060453977435827255 Evader Error:  0.060453977435827255
Episode:  186 / 2500 Pursuer Error:  0.0602031834423542 Evader Error:  0.0602031834423542
Episode:  187 / 2500 Pursuer Error:  0.04262806475162506 Evader Error:  0.04262806102633476
Episode:  188 / 2500 Pursuer Error:  0.04256533086299896 Evader Error:  0.04256533086299896
Episode:  189 / 2500 Pursuer Error:  0.04250470548868179 Evader Error:  0.04250470921397209
Episode:  190 / 2500 Pursuer Error:  0.04244625195860863 Evader Error:  0.04244625195860863
Episode:  191 / 2500 Pursuer Error:  0.04238981753587723 Evader Error:  0.04238981381058693
Episode:  192 / 2500 Pursuer Error:  0.04783737286925316 Evader Error:  0.04783737286925316
Episode:  193 / 2500 Pursuer Error:  0.035958386957645416 Evader Error:  0.035958386957645416
Episode:  194 / 2500 Pursuer Error:  0.03593376651406288 Evader Error:  0.03593377023935318
Episode:  195 / 2500 Pursuer Error:  0.035911787301301956 Evader Error:  0.035911787301301956
Episode:  196 / 2500 Pursuer Error:  0.035892657935619354 Evader Error:  0.035892657935619354
Episode:  197 / 2500 Pursuer Error:  0.03147497400641441 Evader Error:  0.03147497400641441
Episode:  198 / 2500 Pursuer Error:  0.03145194053649902 Evader Error:  0.03145194053649902
Episode:  199 / 2500 Pursuer Error:  0.03143052011728287 Evader Error:  0.03143052011728287
Episode:  200 / 2500 Pursuer Error:  0.04322751984000206 Evader Error:  0.04322751984000206
Episode:  201 / 2500 Pursuer Error:  0.03166569769382477 Evader Error:  0.03166569769382477
Episode:  202 / 2500 Pursuer Error:  0.03978818282485008 Evader Error:  0.03978818282485008
Episode:  203 / 2500 Pursuer Error:  0.0290292426943779 Evader Error:  0.02902924455702305
Episode:  204 / 2500 Pursuer Error:  0.029196592047810555 Evader Error:  0.029196590185165405
Episode:  205 / 2500 Pursuer Error:  0.0293588824570179 Evader Error:  0.029358884319663048
Episode:  206 / 2500 Pursuer Error:  0.02951662614941597 Evader Error:  0.02951662614941597
Episode:  207 / 2500 Pursuer Error:  0.03714476153254509 Evader Error:  0.03714476153254509
Episode:  208 / 2500 Pursuer Error:  0.03692730888724327 Evader Error:  0.03692730888724327
Episode:  209 / 2500 Pursuer Error:  0.027109511196613312 Evader Error:  0.027109509333968163
Episode:  210 / 2500 Pursuer Error:  0.027240712195634842 Evader Error:  0.027240712195634842
Episode:  211 / 2500 Pursuer Error:  0.02736712247133255 Evader Error:  0.0273671243339777
Episode:  212 / 2500 Pursuer Error:  0.03481726348400116 Evader Error:  0.03481726348400116
Episode:  213 / 2500 Pursuer Error:  0.025421280413866043 Evader Error:  0.025421282276511192
Episode:  214 / 2500 Pursuer Error:  0.02552776038646698 Evader Error:  0.02552776038646698
Episode:  215 / 2500 Pursuer Error:  0.025630827993154526 Evader Error:  0.025630826130509377
Episode:  216 / 2500 Pursuer Error:  0.025730686262249947 Evader Error:  0.025730688124895096
Episode:  217 / 2500 Pursuer Error:  0.032957594841718674 Evader Error:  0.032957594841718674
Episode:  218 / 2500 Pursuer Error:  0.024205971509218216 Evader Error:  0.024205973371863365
Episode:  219 / 2500 Pursuer Error:  0.0242958664894104 Evader Error:  0.02429586462676525
Episode:  220 / 2500 Pursuer Error:  0.024383176118135452 Evader Error:  0.024383176118135452
Episode:  221 / 2500 Pursuer Error:  0.024467267096042633 Evader Error:  0.024467265233397484
Episode:  222 / 2500 Pursuer Error:  0.02314554527401924 Evader Error:  0.02314554527401924
Episode:  223 / 2500 Pursuer Error:  0.02322680503129959 Evader Error:  0.02322680689394474
Episode:  224 / 2500 Pursuer Error:  0.023305758833885193 Evader Error:  0.023305756971240044
Episode:  225 / 2500 Pursuer Error:  0.023381810635328293 Evader Error:  0.023381808772683144
Episode:  226 / 2500 Pursuer Error:  0.023455064743757248 Evader Error:  0.023455064743757248
Episode:  227 / 2500 Pursuer Error:  0.022459726780653 Evader Error:  0.02245972864329815
Episode:  228 / 2500 Pursuer Error:  0.022666634991765022 Evader Error:  0.02266663685441017
Episode:  229 / 2500 Pursuer Error:  0.02290075644850731 Evader Error:  0.02290075644850731
Episode:  230 / 2500 Pursuer Error:  0.023151051253080368 Evader Error:  0.023151051253080368
Episode:  231 / 2500 Pursuer Error:  0.023422515019774437 Evader Error:  0.023422516882419586
Episode:  232 / 2500 Pursuer Error:  0.02977093867957592 Evader Error:  0.02977093867957592
Episode:  233 / 2500 Pursuer Error:  0.02956412173807621 Evader Error:  0.02956412173807621
Episode:  234 / 2500 Pursuer Error:  0.029359200969338417 Evader Error:  0.029359200969338417
Episode:  235 / 2500 Pursuer Error:  0.029156828299164772 Evader Error:  0.029156828299164772
Episode:  236 / 2500 Pursuer Error:  0.028956711292266846 Evader Error:  0.028956711292266846
Episode:  237 / 2500 Pursuer Error:  0.021095000207424164 Evader Error:  0.021094996482133865
Episode:  238 / 2500 Pursuer Error:  0.021128924563527107 Evader Error:  0.021128924563527107
Episode:  239 / 2500 Pursuer Error:  0.021163102239370346 Evader Error:  0.021163102239370346
Episode:  240 / 2500 Pursuer Error:  0.02119751274585724 Evader Error:  0.02119751274585724
Episode:  241 / 2500 Pursuer Error:  0.021232284605503082 Evader Error:  0.021232284605503082
Episode:  242 / 2500 Pursuer Error:  0.022389326244592667 Evader Error:  0.022389326244592667
Episode:  243 / 2500 Pursuer Error:  0.0224086232483387 Evader Error:  0.0224086232483387
Episode:  244 / 2500 Pursuer Error:  0.022428490221500397 Evader Error:  0.022428492084145546
Episode:  245 / 2500 Pursuer Error:  0.021979331970214844 Evader Error:  0.021979330107569695
Episode:  246 / 2500 Pursuer Error:  0.022016599774360657 Evader Error:  0.022016599774360657
Episode:  247 / 2500 Pursuer Error:  0.030499953776597977 Evader Error:  0.030499953776597977
Episode:  248 / 2500 Pursuer Error:  0.03028838150203228 Evader Error:  0.03028838150203228
Episode:  249 / 2500 Pursuer Error:  0.030078619718551636 Evader Error:  0.030078619718551636
Episode:  250 / 2500 Pursuer Error:  0.029872024431824684 Evader Error:  0.029872024431824684
Episode:  251 / 2500 Pursuer Error:  0.02966771461069584 Evader Error:  0.02966771461069584
Episode:  252 / 2500 Pursuer Error:  0.02314462512731552 Evader Error:  0.02314462512731552
Episode:  253 / 2500 Pursuer Error:  0.023191651329398155 Evader Error:  0.023191651329398155
Episode:  254 / 2500 Pursuer Error:  0.023239143192768097 Evader Error:  0.023239143192768097
Episode:  255 / 2500 Pursuer Error:  0.0232870951294899 Evader Error:  0.023287098854780197
Episode:  256 / 2500 Pursuer Error:  0.023335739970207214 Evader Error:  0.023335739970207214
Episode:  257 / 2500 Pursuer Error:  0.024744991213083267 Evader Error:  0.024744991213083267
Episode:  258 / 2500 Pursuer Error:  0.024778567254543304 Evader Error:  0.024778567254543304
Episode:  259 / 2500 Pursuer Error:  0.024813169613480568 Evader Error:  0.024813169613480568
Episode:  260 / 2500 Pursuer Error:  0.02484852448105812 Evader Error:  0.02484852448105812
Episode:  261 / 2500 Pursuer Error:  0.02488517388701439 Evader Error:  0.02488517388701439
Episode:  262 / 2500 Pursuer Error:  0.024027440696954727 Evader Error:  0.024027440696954727
Episode:  263 / 2500 Pursuer Error:  0.024037029594182968 Evader Error:  0.024037029594182968
Episode:  264 / 2500 Pursuer Error:  0.024047326296567917 Evader Error:  0.024047326296567917
Episode:  265 / 2500 Pursuer Error:  0.02405836060643196 Evader Error:  0.02405836060643196
Episode:  266 / 2500 Pursuer Error:  0.024070164188742638 Evader Error:  0.024070166051387787
Episode:  267 / 2500 Pursuer Error:  0.034243229776620865 Evader Error:  0.034243229776620865
Episode:  268 / 2500 Pursuer Error:  0.03402196615934372 Evader Error:  0.03402196615934372
Episode:  269 / 2500 Pursuer Error:  0.03380292281508446 Evader Error:  0.03380292281508446
Episode:  270 / 2500 Pursuer Error:  0.0335862822830677 Evader Error:  0.0335862822830677
Episode:  271 / 2500 Pursuer Error:  0.033371832221746445 Evader Error:  0.033371832221746445
Episode:  272 / 2500 Pursuer Error:  0.028704142197966576 Evader Error:  0.028704144060611725
Episode:  273 / 2500 Pursuer Error:  0.028842709958553314 Evader Error:  0.028842709958553314
Episode:  274 / 2500 Pursuer Error:  0.02896904945373535 Evader Error:  0.028969047591090202
Episode:  275 / 2500 Pursuer Error:  0.029102586209774017 Evader Error:  0.029102586209774017
Episode:  276 / 2500 Pursuer Error:  0.029241882264614105 Evader Error:  0.029241882264614105
Episode:  277 / 2500 Pursuer Error:  0.03864046931266785 Evader Error:  0.03864046931266785
Episode:  278 / 2500 Pursuer Error:  0.03839331865310669 Evader Error:  0.03839331865310669
Episode:  279 / 2500 Pursuer Error:  0.03814893215894699 Evader Error:  0.03814893215894699
Episode:  280 / 2500 Pursuer Error:  0.02738238498568535 Evader Error:  0.02738238498568535
Episode:  281 / 2500 Pursuer Error:  0.027378413826227188 Evader Error:  0.02737841196358204
Episode:  282 / 2500 Pursuer Error:  0.03822419047355652 Evader Error:  0.03822419047355652
Episode:  283 / 2500 Pursuer Error:  0.03798992559313774 Evader Error:  0.03798992559313774
Episode:  284 / 2500 Pursuer Error:  0.037758272141218185 Evader Error:  0.037758272141218185
Episode:  285 / 2500 Pursuer Error:  0.03752918168902397 Evader Error:  0.03752918168902397
Episode:  286 / 2500 Pursuer Error:  0.03730279952287674 Evader Error:  0.03730279952287674
Episode:  287 / 2500 Pursuer Error:  0.041753750294446945 Evader Error:  0.041753750294446945
Episode:  288 / 2500 Pursuer Error:  0.06586479395627975 Evader Error:  0.06586479395627975
Episode:  289 / 2500 Pursuer Error:  0.0655679851770401 Evader Error:  0.0655679851770401
Episode:  290 / 2500 Pursuer Error:  0.04102732241153717 Evader Error:  0.041027314960956573
Episode:  291 / 2500 Pursuer Error:  0.0652623102068901 Evader Error:  0.0652623102068901
Episode:  292 / 2500 Pursuer Error:  0.04080939292907715 Evader Error:  0.04080939292907715
Episode:  293 / 2500 Pursuer Error:  0.04056390002369881 Evader Error:  0.04056390002369881
Episode:  294 / 2500 Pursuer Error:  0.04032157361507416 Evader Error:  0.04032157361507416
Episode:  295 / 2500 Pursuer Error:  0.04008207842707634 Evader Error:  0.04008207842707634
Episode:  296 / 2500 Pursuer Error:  0.03984559699892998 Evader Error:  0.03984559699892998
Episode:  297 / 2500 Pursuer Error:  0.06946016848087311 Evader Error:  0.06946016848087311
Episode:  298 / 2500 Pursuer Error:  0.034463874995708466 Evader Error:  0.034463874995708466
Episode:  299 / 2500 Pursuer Error:  0.06916830688714981 Evader Error:  0.06916830688714981
Episode:  300 / 2500 Pursuer Error:  0.034295570105314255 Evader Error:  0.034295570105314255
Episode:  301 / 2500 Pursuer Error:  0.03441649675369263 Evader Error:  0.03441649675369263
Episode:  302 / 2500 Pursuer Error:  0.041011691093444824 Evader Error:  0.041011691093444824
Episode:  303 / 2500 Pursuer Error:  0.040785934776067734 Evader Error:  0.040785934776067734
Episode:  304 / 2500 Pursuer Error:  0.039983510971069336 Evader Error:  0.039983510971069336
Episode:  305 / 2500 Pursuer Error:  0.0386737659573555 Evader Error:  0.0386737659573555
Episode:  306 / 2500 Pursuer Error:  0.037751924246549606 Evader Error:  0.037751924246549606
Episode:  307 / 2500 Pursuer Error:  0.03439062088727951 Evader Error:  0.03439062088727951
Episode:  308 / 2500 Pursuer Error:  0.03463665768504143 Evader Error:  0.03463665395975113
Episode:  309 / 2500 Pursuer Error:  0.03489616885781288 Evader Error:  0.03489616513252258
Episode:  310 / 2500 Pursuer Error:  0.0720323771238327 Evader Error:  0.0720323771238327
Episode:  311 / 2500 Pursuer Error:  0.034663401544094086 Evader Error:  0.03466339781880379
Episode:  312 / 2500 Pursuer Error:  0.037539202719926834 Evader Error:  0.037539202719926834
Episode:  313 / 2500 Pursuer Error:  0.03696410730481148 Evader Error:  0.03696410730481148
Episode:  314 / 2500 Pursuer Error:  0.03648141026496887 Evader Error:  0.03648141026496887
Episode:  315 / 2500 Pursuer Error:  0.03606823831796646 Evader Error:  0.03606823459267616
Episode:  316 / 2500 Pursuer Error:  0.035704538226127625 Evader Error:  0.03570454195141792
Episode:  317 / 2500 Pursuer Error:  0.03426340967416763 Evader Error:  0.03426340967416763
Episode:  318 / 2500 Pursuer Error:  0.03411000594496727 Evader Error:  0.03411000221967697
Episode:  319 / 2500 Pursuer Error:  0.033963192254304886 Evader Error:  0.033963192254304886
Episode:  320 / 2500 Pursuer Error:  0.03382304683327675 Evader Error:  0.03382304310798645
Episode:  321 / 2500 Pursuer Error:  0.033688899129629135 Evader Error:  0.03368889540433884
Episode:  322 / 2500 Pursuer Error:  0.03342903405427933 Evader Error:  0.03342903405427933
Episode:  323 / 2500 Pursuer Error:  0.033244796097278595 Evader Error:  0.033244796097278595
Episode:  324 / 2500 Pursuer Error:  0.03307187557220459 Evader Error:  0.03307187557220459
Episode:  325 / 2500 Pursuer Error:  0.03290850296616554 Evader Error:  0.03290850296616554
Episode:  326 / 2500 Pursuer Error:  0.03275337815284729 Evader Error:  0.03275337815284729
Episode:  327 / 2500 Pursuer Error:  0.032443925738334656 Evader Error:  0.032443925738334656
Episode:  328 / 2500 Pursuer Error:  0.032237350940704346 Evader Error:  0.032237350940704346
Episode:  329 / 2500 Pursuer Error:  0.03204537555575371 Evader Error:  0.03204537555575371
Episode:  330 / 2500 Pursuer Error:  0.03186633437871933 Evader Error:  0.03186633437871933
Episode:  331 / 2500 Pursuer Error:  0.03169849142432213 Evader Error:  0.03169848769903183
Episode:  332 / 2500 Pursuer Error:  0.03131686523556709 Evader Error:  0.03131686523556709
Episode:  333 / 2500 Pursuer Error:  0.031119197607040405 Evader Error:  0.031119197607040405
Episode:  334 / 2500 Pursuer Error:  0.030936583876609802 Evader Error:  0.030936583876609802
Episode:  335 / 2500 Pursuer Error:  0.03076542168855667 Evader Error:  0.03076542168855667
Episode:  336 / 2500 Pursuer Error:  0.030604999512434006 Evader Error:  0.030604995787143707
Episode:  337 / 2500 Pursuer Error:  0.030163075774908066 Evader Error:  0.030163075774908066
Episode:  338 / 2500 Pursuer Error:  0.029977988451719284 Evader Error:  0.029977990314364433
Episode:  339 / 2500 Pursuer Error:  0.02980520948767662 Evader Error:  0.02980521135032177
Episode:  340 / 2500 Pursuer Error:  0.06703350692987442 Evader Error:  0.06703350692987442
Episode:  341 / 2500 Pursuer Error:  0.02976255677640438 Evader Error:  0.02976255863904953
Episode:  342 / 2500 Pursuer Error:  0.029284432530403137 Evader Error:  0.029284432530403137
Episode:  343 / 2500 Pursuer Error:  0.02911565825343132 Evader Error:  0.02911565639078617
Episode:  344 / 2500 Pursuer Error:  0.06579795479774475 Evader Error:  0.06579795479774475
Episode:  345 / 2500 Pursuer Error:  0.02906535565853119 Evader Error:  0.029065359383821487
Episode:  346 / 2500 Pursuer Error:  0.028908442705869675 Evader Error:  0.028908442705869675
Episode:  347 / 2500 Pursuer Error:  0.028372233733534813 Evader Error:  0.028372235596179962
Episode:  348 / 2500 Pursuer Error:  0.06482019275426865 Evader Error:  0.06482019275426865
Episode:  349 / 2500 Pursuer Error:  0.028325248509645462 Evader Error:  0.028325248509645462
Episode:  350 / 2500 Pursuer Error:  0.028172560036182404 Evader Error:  0.028172556310892105
Episode:  351 / 2500 Pursuer Error:  0.06457303464412689 Evader Error:  0.06457303464412689
Episode:  352 / 2500 Pursuer Error:  0.0751073881983757 Evader Error:  0.0751073881983757
Episode:  353 / 2500 Pursuer Error:  0.07466238737106323 Evader Error:  0.07466238737106323
Episode:  354 / 2500 Pursuer Error:  0.07422178238630295 Evader Error:  0.07422178238630295
Episode:  355 / 2500 Pursuer Error:  0.07378547638654709 Evader Error:  0.07378547638654709
Episode:  356 / 2500 Pursuer Error:  0.07335358113050461 Evader Error:  0.07335358113050461
Episode:  357 / 2500 Pursuer Error:  0.07996806502342224 Evader Error:  0.07996806502342224
Episode:  358 / 2500 Pursuer Error:  0.07938142865896225 Evader Error:  0.07938142865896225
Episode:  359 / 2500 Pursuer Error:  0.07879295945167542 Evader Error:  0.07879295945167542
Episode:  360 / 2500 Pursuer Error:  0.07820689678192139 Evader Error:  0.07820689678192139
Episode:  361 / 2500 Pursuer Error:  0.0776275023818016 Evader Error:  0.0776275023818016
Episode:  362 / 2500 Pursuer Error:  0.0800335630774498 Evader Error:  0.0800335630774498
Episode:  363 / 2500 Pursuer Error:  0.07945902645587921 Evader Error:  0.07945902645587921
Episode:  364 / 2500 Pursuer Error:  0.07889095693826675 Evader Error:  0.07889095693826675
Episode:  365 / 2500 Pursuer Error:  0.07832931727170944 Evader Error:  0.07832931727170944
Episode:  366 / 2500 Pursuer Error:  0.07777399569749832 Evader Error:  0.07777399569749832
Episode:  367 / 2500 Pursuer Error:  0.0795876532793045 Evader Error:  0.0795876532793045
Episode:  368 / 2500 Pursuer Error:  0.07903971523046494 Evader Error:  0.07903971523046494
Episode:  369 / 2500 Pursuer Error:  0.07849829643964767 Evader Error:  0.07849829643964767
Episode:  370 / 2500 Pursuer Error:  0.07796300947666168 Evader Error:  0.07796300947666168
Episode:  371 / 2500 Pursuer Error:  0.07743411511182785 Evader Error:  0.07743411511182785
Episode:  372 / 2500 Pursuer Error:  0.0787850171327591 Evader Error:  0.0787850171327591
Episode:  373 / 2500 Pursuer Error:  0.07826539129018784 Evader Error:  0.07826539129018784
Episode:  374 / 2500 Pursuer Error:  0.07775155454874039 Evader Error:  0.07775155454874039
Episode:  375 / 2500 Pursuer Error:  0.07724418491125107 Evader Error:  0.07724418491125107
Episode:  376 / 2500 Pursuer Error:  0.0767425149679184 Evader Error:  0.0767425149679184
Episode:  377 / 2500 Pursuer Error:  0.07759254425764084 Evader Error:  0.07759254425764084
Episode:  378 / 2500 Pursuer Error:  0.0771302878856659 Evader Error:  0.0771302878856659
Episode:  379 / 2500 Pursuer Error:  0.07667255401611328 Evader Error:  0.07667255401611328
Episode:  380 / 2500 Pursuer Error:  0.07622192054986954 Evader Error:  0.07622192054986954
Episode:  381 / 2500 Pursuer Error:  0.039680253714323044 Evader Error:  0.039680253714323044
Episode:  382 / 2500 Pursuer Error:  0.03484451025724411 Evader Error:  0.03484451025724411
Episode:  383 / 2500 Pursuer Error:  0.03481525182723999 Evader Error:  0.03481525555253029
Episode:  384 / 2500 Pursuer Error:  0.03478682041168213 Evader Error:  0.03478682413697243
Episode:  385 / 2500 Pursuer Error:  0.03773772716522217 Evader Error:  0.03773772716522217
Episode:  386 / 2500 Pursuer Error:  0.03755568340420723 Evader Error:  0.03755568340420723
Episode:  387 / 2500 Pursuer Error:  0.03304372355341911 Evader Error:  0.03304372355341911
Episode:  388 / 2500 Pursuer Error:  0.033009886741638184 Evader Error:  0.033009886741638184
Episode:  389 / 2500 Pursuer Error:  0.0329776257276535 Evader Error:  0.0329776257276535
Episode:  390 / 2500 Pursuer Error:  0.0329461470246315 Evader Error:  0.0329461470246315
Episode:  391 / 2500 Pursuer Error:  0.03291502967476845 Evader Error:  0.03291502967476845
Episode:  392 / 2500 Pursuer Error:  0.03131391108036041 Evader Error:  0.03131391108036041
Episode:  393 / 2500 Pursuer Error:  0.03127580136060715 Evader Error:  0.03127580136060715
Episode:  394 / 2500 Pursuer Error:  0.03123856708407402 Evader Error:  0.03123856894671917
Episode:  395 / 2500 Pursuer Error:  0.029653657227754593 Evader Error:  0.029653657227754593
Episode:  396 / 2500 Pursuer Error:  0.029645651578903198 Evader Error:  0.029645651578903198
Episode:  397 / 2500 Pursuer Error:  0.026255188509821892 Evader Error:  0.026255188509821892
Episode:  398 / 2500 Pursuer Error:  0.02625339664518833 Evader Error:  0.02625339664518833
Episode:  399 / 2500 Pursuer Error:  0.02625219151377678 Evader Error:  0.02625219337642193
Episode:  400 / 2500 Pursuer Error:  0.026251154020428658 Evader Error:  0.026251154020428658
Episode:  401 / 2500 Pursuer Error:  0.026250548660755157 Evader Error:  0.026250546798110008
Episode:  402 / 2500 Pursuer Error:  0.02950422093272209 Evader Error:  0.02950422093272209
Episode:  403 / 2500 Pursuer Error:  0.029785307124257088 Evader Error:  0.02978530526161194
Episode:  404 / 2500 Pursuer Error:  0.030112091451883316 Evader Error:  0.030112093314528465
Episode:  405 / 2500 Pursuer Error:  0.03049815259873867 Evader Error:  0.03049815073609352
Episode:  406 / 2500 Pursuer Error:  0.046632181853055954 Evader Error:  0.046632181853055954
Episode:  407 / 2500 Pursuer Error:  0.024918129667639732 Evader Error:  0.024918127804994583
Episode:  408 / 2500 Pursuer Error:  0.02510526031255722 Evader Error:  0.02510526031255722
Episode:  409 / 2500 Pursuer Error:  0.025314616039395332 Evader Error:  0.025314616039395332
Episode:  410 / 2500 Pursuer Error:  0.025550242513418198 Evader Error:  0.025550242513418198
Episode:  411 / 2500 Pursuer Error:  0.0258178673684597 Evader Error:  0.025817865505814552
Episode:  412 / 2500 Pursuer Error:  0.0212553758174181 Evader Error:  0.021255377680063248
Episode:  413 / 2500 Pursuer Error:  0.021231530234217644 Evader Error:  0.021231532096862793
Episode:  414 / 2500 Pursuer Error:  0.021207936108112335 Evader Error:  0.021207936108112335
Episode:  415 / 2500 Pursuer Error:  0.021184567362070084 Evader Error:  0.021184567362070084
Episode:  416 / 2500 Pursuer Error:  0.021175567060709 Evader Error:  0.021175567060709
Episode:  417 / 2500 Pursuer Error:  0.019810721278190613 Evader Error:  0.01981072500348091
Episode:  418 / 2500 Pursuer Error:  0.019800756126642227 Evader Error:  0.019800756126642227
Episode:  419 / 2500 Pursuer Error:  0.019790921360254288 Evader Error:  0.019790921360254288
Episode:  420 / 2500 Pursuer Error:  0.01978110894560814 Evader Error:  0.01978110894560814
Episode:  421 / 2500 Pursuer Error:  0.019771359860897064 Evader Error:  0.019771359860897064
Episode:  422 / 2500 Pursuer Error:  0.022055059671401978 Evader Error:  0.022055061534047127
Episode:  423 / 2500 Pursuer Error:  0.022088931873440742 Evader Error:  0.02208893373608589
Episode:  424 / 2500 Pursuer Error:  0.022125836461782455 Evader Error:  0.022125836461782455
Episode:  425 / 2500 Pursuer Error:  0.022164776921272278 Evader Error:  0.022164776921272278
Episode:  426 / 2500 Pursuer Error:  0.022207386791706085 Evader Error:  0.022207388654351234
Episode:  427 / 2500 Pursuer Error:  0.01881863735616207 Evader Error:  0.018818635493516922
Episode:  428 / 2500 Pursuer Error:  0.018841911107301712 Evader Error:  0.018841911107301712
Episode:  429 / 2500 Pursuer Error:  0.018868377432227135 Evader Error:  0.018868375569581985
Episode:  430 / 2500 Pursuer Error:  0.018895767629146576 Evader Error:  0.018895767629146576
Episode:  431 / 2500 Pursuer Error:  0.018901947885751724 Evader Error:  0.018901947885751724
Evader Caught
Episode:  432 / 2500 Pursuer Error:  0.02277902327477932 Evader Error:  0.02277902327477932
Episode:  433 / 2500 Pursuer Error:  3.594538927078247 Evader Error:  3.594538927078247
Episode:  434 / 2500 Pursuer Error:  3.5793752670288086 Evader Error:  3.5793752670288086
Episode:  435 / 2500 Pursuer Error:  3.5752954483032227 Evader Error:  3.5752956867218018
Episode:  436 / 2500 Pursuer Error:  3.579153537750244 Evader Error:  3.579153537750244
Episode:  437 / 2500 Pursuer Error:  3.485079288482666 Evader Error:  3.485079288482666
Episode:  438 / 2500 Pursuer Error:  3.4662892818450928 Evader Error:  3.4662892818450928
Episode:  439 / 2500 Pursuer Error:  3.4478237628936768 Evader Error:  3.4478237628936768
Episode:  440 / 2500 Pursuer Error:  3.436084032058716 Evader Error:  3.436084032058716
Episode:  441 / 2500 Pursuer Error:  3.433157444000244 Evader Error:  3.433157444000244
Episode:  442 / 2500 Pursuer Error:  3.2211780548095703 Evader Error:  3.2211780548095703
Episode:  443 / 2500 Pursuer Error:  3.203091621398926 Evader Error:  3.2030911445617676
Episode:  444 / 2500 Pursuer Error:  3.2006173133850098 Evader Error:  3.2006173133850098
Episode:  445 / 2500 Pursuer Error:  3.196566343307495 Evader Error:  3.196566104888916
Episode:  446 / 2500 Pursuer Error:  3.1938414573669434 Evader Error:  3.1938419342041016
Episode:  447 / 2500 Pursuer Error:  2.9748964309692383 Evader Error:  2.9748964309692383
Episode:  448 / 2500 Pursuer Error:  2.9868645668029785 Evader Error:  2.9868645668029785
Episode:  449 / 2500 Pursuer Error:  2.978346109390259 Evader Error:  2.978346109390259
Episode:  450 / 2500 Pursuer Error:  2.968038320541382 Evader Error:  2.968038558959961
Episode:  451 / 2500 Pursuer Error:  2.973299503326416 Evader Error:  2.973299503326416
Episode:  452 / 2500 Pursuer Error:  2.72231125831604 Evader Error:  2.722311019897461
Episode:  453 / 2500 Pursuer Error:  2.726083755493164 Evader Error:  2.726083755493164
Episode:  454 / 2500 Pursuer Error:  2.7193989753723145 Evader Error:  2.7193994522094727
Episode:  455 / 2500 Pursuer Error:  2.7188069820404053 Evader Error:  2.7188069820404053
Episode:  456 / 2500 Pursuer Error:  2.709883451461792 Evader Error:  2.709883451461792
Episode:  457 / 2500 Pursuer Error:  2.4977264404296875 Evader Error:  2.4977264404296875
Episode:  458 / 2500 Pursuer Error:  2.4966957569122314 Evader Error:  2.4966957569122314
Episode:  459 / 2500 Pursuer Error:  2.4956817626953125 Evader Error:  2.4956817626953125
Episode:  460 / 2500 Pursuer Error:  2.4946811199188232 Evader Error:  2.4946811199188232
Episode:  461 / 2500 Pursuer Error:  2.4959094524383545 Evader Error:  2.4959094524383545
Episode:  462 / 2500 Pursuer Error:  2.226924180984497 Evader Error:  2.226924180984497
Episode:  463 / 2500 Pursuer Error:  2.2207305431365967 Evader Error:  2.2207305431365967
Episode:  464 / 2500 Pursuer Error:  2.216367721557617 Evader Error:  2.216367721557617
Episode:  465 / 2500 Pursuer Error:  2.2181036472320557 Evader Error:  2.2181036472320557
Episode:  466 / 2500 Pursuer Error:  2.2157907485961914 Evader Error:  2.2157907485961914
Episode:  467 / 2500 Pursuer Error:  1.9572590589523315 Evader Error:  1.957258939743042
Episode:  468 / 2500 Pursuer Error:  1.95826256275177 Evader Error:  1.9582624435424805
Episode:  469 / 2500 Pursuer Error:  1.9592193365097046 Evader Error:  1.9592193365097046
Episode:  470 / 2500 Pursuer Error:  1.9599789381027222 Evader Error:  1.9599789381027222
Episode:  471 / 2500 Pursuer Error:  1.9577428102493286 Evader Error:  1.9577428102493286
Episode:  472 / 2500 Pursuer Error:  1.754970908164978 Evader Error:  1.754970908164978
Episode:  473 / 2500 Pursuer Error:  1.750152587890625 Evader Error:  1.750152587890625
Episode:  474 / 2500 Pursuer Error:  1.7454923391342163 Evader Error:  1.7454923391342163
Episode:  475 / 2500 Pursuer Error:  1.7416753768920898 Evader Error:  1.7416753768920898
Episode:  476 / 2500 Pursuer Error:  1.738036036491394 Evader Error:  1.738036036491394
Episode:  477 / 2500 Pursuer Error:  1.4878228902816772 Evader Error:  1.4878228902816772
Episode:  478 / 2500 Pursuer Error:  1.4872249364852905 Evader Error:  1.4872249364852905
Episode:  479 / 2500 Pursuer Error:  1.4851776361465454 Evader Error:  1.4851776361465454
Episode:  480 / 2500 Pursuer Error:  1.49828040599823 Evader Error:  1.4982802867889404
Episode:  481 / 2500 Pursuer Error:  1.4850714206695557 Evader Error:  1.4850714206695557
Episode:  482 / 2500 Pursuer Error:  1.2736401557922363 Evader Error:  1.2736401557922363
Episode:  483 / 2500 Pursuer Error:  1.2728698253631592 Evader Error:  1.2728698253631592
Episode:  484 / 2500 Pursuer Error:  1.2713799476623535 Evader Error:  1.2713799476623535
Episode:  485 / 2500 Pursuer Error:  1.2705005407333374 Evader Error:  1.2705005407333374
Episode:  486 / 2500 Pursuer Error:  1.2694361209869385 Evader Error:  1.269436240196228
Episode:  487 / 2500 Pursuer Error:  1.0629664659500122 Evader Error:  1.0629664659500122
Episode:  488 / 2500 Pursuer Error:  1.0625697374343872 Evader Error:  1.0625697374343872
Episode:  489 / 2500 Pursuer Error:  1.0621774196624756 Evader Error:  1.0621775388717651
Episode:  490 / 2500 Pursuer Error:  1.0617897510528564 Evader Error:  1.0617897510528564
Episode:  491 / 2500 Pursuer Error:  1.0645827054977417 Evader Error:  1.0645827054977417
Episode:  492 / 2500 Pursuer Error:  0.8665598034858704 Evader Error:  0.8665598034858704
Episode:  493 / 2500 Pursuer Error:  0.865944504737854 Evader Error:  0.865944504737854
Episode:  494 / 2500 Pursuer Error:  0.865371823310852 Evader Error:  0.865371823310852
Episode:  495 / 2500 Pursuer Error:  0.8648244142532349 Evader Error:  0.8648244142532349
Episode:  496 / 2500 Pursuer Error:  0.8642944693565369 Evader Error:  0.8642944693565369
Episode:  497 / 2500 Pursuer Error:  0.682240903377533 Evader Error:  0.682240903377533
Episode:  498 / 2500 Pursuer Error:  0.6821783185005188 Evader Error:  0.6821783185005188
Episode:  499 / 2500 Pursuer Error:  0.6821167469024658 Evader Error:  0.6821167469024658
Episode:  500 / 2500 Pursuer Error:  0.6820568442344666 Evader Error:  0.6820568442344666
Episode:  501 / 2500 Pursuer Error:  0.6817184686660767 Evader Error:  0.6817184686660767
Episode:  502 / 2500 Pursuer Error:  0.5390432476997375 Evader Error:  0.5390432476997375
Episode:  503 / 2500 Pursuer Error:  0.5387482047080994 Evader Error:  0.5387482047080994
Episode:  504 / 2500 Pursuer Error:  0.5384598970413208 Evader Error:  0.5384598970413208
Episode:  505 / 2500 Pursuer Error:  0.5381789207458496 Evader Error:  0.5381789207458496
Episode:  506 / 2500 Pursuer Error:  0.5379038453102112 Evader Error:  0.5379038453102112
Episode:  507 / 2500 Pursuer Error:  0.4089565873146057 Evader Error:  0.4089565873146057
Episode:  508 / 2500 Pursuer Error:  0.4087733328342438 Evader Error:  0.4087733328342438
Episode:  509 / 2500 Pursuer Error:  0.4085944592952728 Evader Error:  0.4085944592952728
Episode:  510 / 2500 Pursuer Error:  0.4084192216396332 Evader Error:  0.4084192216396332
Episode:  511 / 2500 Pursuer Error:  0.4082508683204651 Evader Error:  0.4082508683204651
Episode:  512 / 2500 Pursuer Error:  0.305393785238266 Evader Error:  0.305393785238266
Episode:  513 / 2500 Pursuer Error:  0.3052484691143036 Evader Error:  0.3052484691143036
Episode:  514 / 2500 Pursuer Error:  0.30510589480400085 Evader Error:  0.30510589480400085
Episode:  515 / 2500 Pursuer Error:  0.3049713671207428 Evader Error:  0.3049713671207428
Episode:  516 / 2500 Pursuer Error:  0.30484065413475037 Evader Error:  0.30484065413475037
Episode:  517 / 2500 Pursuer Error:  0.22752927243709564 Evader Error:  0.22752927243709564
Episode:  518 / 2500 Pursuer Error:  0.22747032344341278 Evader Error:  0.22747032344341278
Episode:  519 / 2500 Pursuer Error:  0.2274116575717926 Evader Error:  0.2274116575717926
Episode:  520 / 2500 Pursuer Error:  0.22735059261322021 Evader Error:  0.22735059261322021
Episode:  521 / 2500 Pursuer Error:  0.2272854894399643 Evader Error:  0.2272854894399643
Episode:  522 / 2500 Pursuer Error:  0.19439952075481415 Evader Error:  0.19439952075481415
Episode:  523 / 2500 Pursuer Error:  0.19413991272449493 Evader Error:  0.19413991272449493
Episode:  524 / 2500 Pursuer Error:  0.19394543766975403 Evader Error:  0.19394543766975403
Episode:  525 / 2500 Pursuer Error:  0.1937703937292099 Evader Error:  0.1937703937292099
Episode:  526 / 2500 Pursuer Error:  0.1724676936864853 Evader Error:  0.1724676936864853
Episode:  527 / 2500 Pursuer Error:  0.15030352771282196 Evader Error:  0.15030352771282196
Episode:  528 / 2500 Pursuer Error:  0.15007464587688446 Evader Error:  0.15007464587688446
Episode:  529 / 2500 Pursuer Error:  0.1498945951461792 Evader Error:  0.1498945951461792
Episode:  530 / 2500 Pursuer Error:  0.14972291886806488 Evader Error:  0.14972291886806488
Episode:  531 / 2500 Pursuer Error:  0.1495489925146103 Evader Error:  0.1495489925146103
Episode:  532 / 2500 Pursuer Error:  0.12337114661931992 Evader Error:  0.12337114661931992
Episode:  533 / 2500 Pursuer Error:  0.12311940640211105 Evader Error:  0.12311940640211105
Episode:  534 / 2500 Pursuer Error:  0.1228705644607544 Evader Error:  0.1228705644607544
Episode:  535 / 2500 Pursuer Error:  0.12262435257434845 Evader Error:  0.12262435257434845
Episode:  536 / 2500 Pursuer Error:  0.12238087505102158 Evader Error:  0.12238087505102158
Episode:  537 / 2500 Pursuer Error:  0.09861388802528381 Evader Error:  0.09861388802528381
Episode:  538 / 2500 Pursuer Error:  0.09826068580150604 Evader Error:  0.09826068580150604
Episode:  539 / 2500 Pursuer Error:  0.09791197627782822 Evader Error:  0.09791197627782822
Episode:  540 / 2500 Pursuer Error:  0.09756727516651154 Evader Error:  0.09756727516651154
Episode:  541 / 2500 Pursuer Error:  0.09722775965929031 Evader Error:  0.09722775965929031
Episode:  542 / 2500 Pursuer Error:  0.07988118380308151 Evader Error:  0.07988118380308151
Episode:  543 / 2500 Pursuer Error:  0.07955756038427353 Evader Error:  0.07955756038427353
Episode:  544 / 2500 Pursuer Error:  0.07923773676156998 Evader Error:  0.07923773676156998
Episode:  545 / 2500 Pursuer Error:  0.07892156392335892 Evader Error:  0.07892156392335892
Episode:  546 / 2500 Pursuer Error:  0.07860908657312393 Evader Error:  0.07860908657312393
Episode:  547 / 2500 Pursuer Error:  0.06646730750799179 Evader Error:  0.06646730750799179
Episode:  548 / 2500 Pursuer Error:  0.0661609098315239 Evader Error:  0.0661609098315239
Episode:  549 / 2500 Pursuer Error:  0.06585794687271118 Evader Error:  0.06585794687271118
Episode:  550 / 2500 Pursuer Error:  0.06555839627981186 Evader Error:  0.06555839627981186
Episode:  551 / 2500 Pursuer Error:  0.06526213139295578 Evader Error:  0.06526213139295578
Episode:  552 / 2500 Pursuer Error:  0.042701490223407745 Evader Error:  0.042701490223407745
Episode:  553 / 2500 Pursuer Error:  0.04269400238990784 Evader Error:  0.04269400238990784
Episode:  554 / 2500 Pursuer Error:  0.042686205357313156 Evader Error:  0.04268620163202286
Episode:  555 / 2500 Pursuer Error:  0.0426795557141304 Evader Error:  0.0426795557141304
Episode:  556 / 2500 Pursuer Error:  0.04267238825559616 Evader Error:  0.04267239198088646
Episode:  557 / 2500 Pursuer Error:  0.023515429347753525 Evader Error:  0.023515429347753525
Episode:  558 / 2500 Pursuer Error:  0.023484965786337852 Evader Error:  0.023484965786337852
Episode:  559 / 2500 Pursuer Error:  0.023455249145627022 Evader Error:  0.02345525100827217
Episode:  560 / 2500 Pursuer Error:  0.02342604100704193 Evader Error:  0.023426039144396782
Episode:  561 / 2500 Pursuer Error:  0.023397332057356834 Evader Error:  0.023397333920001984
Episode:  562 / 2500 Pursuer Error:  0.03015167824923992 Evader Error:  0.030151676386594772
Episode:  563 / 2500 Pursuer Error:  0.030116528272628784 Evader Error:  0.030116528272628784
Episode:  564 / 2500 Pursuer Error:  0.03008115291595459 Evader Error:  0.03008114919066429
Episode:  565 / 2500 Pursuer Error:  0.030045459046959877 Evader Error:  0.030045460909605026
Episode:  566 / 2500 Pursuer Error:  0.030009521171450615 Evader Error:  0.030009521171450615
Evader Caught
Episode:  567 / 2500 Pursuer Error:  0.014687560498714447 Evader Error:  0.014687560498714447
Episode:  568 / 2500 Pursuer Error:  2.1163787841796875 Evader Error:  2.1163787841796875
Episode:  569 / 2500 Pursuer Error:  2.1111297607421875 Evader Error:  2.1111297607421875
Episode:  570 / 2500 Pursuer Error:  2.1060197353363037 Evader Error:  2.1060197353363037
Episode:  571 / 2500 Pursuer Error:  2.1009488105773926 Evader Error:  2.1009488105773926
Episode:  572 / 2500 Pursuer Error:  1.9772385358810425 Evader Error:  1.9772385358810425
Episode:  573 / 2500 Pursuer Error:  1.972015380859375 Evader Error:  1.972015380859375
Episode:  574 / 2500 Pursuer Error:  1.9667097330093384 Evader Error:  1.9667097330093384
Episode:  575 / 2500 Pursuer Error:  1.961368441581726 Evader Error:  1.961368441581726
Episode:  576 / 2500 Pursuer Error:  1.9560596942901611 Evader Error:  1.9560596942901611
Episode:  577 / 2500 Pursuer Error:  1.8097724914550781 Evader Error:  1.8097724914550781
Episode:  578 / 2500 Pursuer Error:  1.8011846542358398 Evader Error:  1.8011847734451294
Episode:  579 / 2500 Pursuer Error:  1.8027616739273071 Evader Error:  1.8027616739273071
Episode:  580 / 2500 Pursuer Error:  1.7961359024047852 Evader Error:  1.7961359024047852
Episode:  581 / 2500 Pursuer Error:  1.7969461679458618 Evader Error:  1.7969461679458618
Episode:  582 / 2500 Pursuer Error:  1.6118077039718628 Evader Error:  1.6118077039718628
Episode:  583 / 2500 Pursuer Error:  1.6086527109146118 Evader Error:  1.6086527109146118
Episode:  584 / 2500 Pursuer Error:  1.6055119037628174 Evader Error:  1.6055119037628174
Episode:  585 / 2500 Pursuer Error:  1.6025470495224 Evader Error:  1.6025470495224
Episode:  586 / 2500 Pursuer Error:  1.6024364233016968 Evader Error:  1.6024364233016968
Episode:  587 / 2500 Pursuer Error:  1.4544023275375366 Evader Error:  1.4544023275375366
Episode:  588 / 2500 Pursuer Error:  1.4361380338668823 Evader Error:  1.4361380338668823
Episode:  589 / 2500 Pursuer Error:  1.4330861568450928 Evader Error:  1.4330861568450928
Episode:  590 / 2500 Pursuer Error:  1.4511202573776245 Evader Error:  1.4511202573776245
Episode:  591 / 2500 Pursuer Error:  1.4302690029144287 Evader Error:  1.4302690029144287
Episode:  592 / 2500 Pursuer Error:  1.255542278289795 Evader Error:  1.255542278289795
Episode:  593 / 2500 Pursuer Error:  1.2564432621002197 Evader Error:  1.2564432621002197
Episode:  594 / 2500 Pursuer Error:  1.2542544603347778 Evader Error:  1.2542544603347778
Episode:  595 / 2500 Pursuer Error:  1.272445559501648 Evader Error:  1.272445559501648
Episode:  596 / 2500 Pursuer Error:  1.2530826330184937 Evader Error:  1.2530826330184937
Episode:  597 / 2500 Pursuer Error:  1.1081970930099487 Evader Error:  1.1081970930099487
Episode:  598 / 2500 Pursuer Error:  1.0883747339248657 Evader Error:  1.0883747339248657
Episode:  599 / 2500 Pursuer Error:  1.1064114570617676 Evader Error:  1.1064114570617676
Episode:  600 / 2500 Pursuer Error:  1.086076021194458 Evader Error:  1.086076021194458
Episode:  601 / 2500 Pursuer Error:  1.0879639387130737 Evader Error:  1.0879639387130737
Episode:  602 / 2500 Pursuer Error:  0.9418814182281494 Evader Error:  0.9418814182281494
Episode:  603 / 2500 Pursuer Error:  0.9411197304725647 Evader Error:  0.9411196708679199
Episode:  604 / 2500 Pursuer Error:  0.9403505921363831 Evader Error:  0.9403505921363831
Episode:  605 / 2500 Pursuer Error:  0.9395551085472107 Evader Error:  0.9395551085472107
Episode:  606 / 2500 Pursuer Error:  0.9387217164039612 Evader Error:  0.938721776008606
Episode:  607 / 2500 Pursuer Error:  0.8074695467948914 Evader Error:  0.8074695467948914
Episode:  608 / 2500 Pursuer Error:  0.8061437606811523 Evader Error:  0.8061437606811523
Episode:  609 / 2500 Pursuer Error:  0.7889745235443115 Evader Error:  0.7889745235443115
Episode:  610 / 2500 Pursuer Error:  0.8051565289497375 Evader Error:  0.8051565289497375
Episode:  611 / 2500 Pursuer Error:  0.7875558137893677 Evader Error:  0.7875558137893677
Episode:  612 / 2500 Pursuer Error:  0.6449514627456665 Evader Error:  0.6449514627456665
Episode:  613 / 2500 Pursuer Error:  0.6446881294250488 Evader Error:  0.6446881294250488
Episode:  614 / 2500 Pursuer Error:  0.6444419622421265 Evader Error:  0.6444419622421265
Episode:  615 / 2500 Pursuer Error:  0.6442084312438965 Evader Error:  0.6442084312438965
Episode:  616 / 2500 Pursuer Error:  0.6439854502677917 Evader Error:  0.643985390663147
Episode:  617 / 2500 Pursuer Error:  0.5361829400062561 Evader Error:  0.5361829400062561
Episode:  618 / 2500 Pursuer Error:  0.5355650782585144 Evader Error:  0.5355650782585144
Episode:  619 / 2500 Pursuer Error:  0.5349622368812561 Evader Error:  0.5349622368812561
Episode:  620 / 2500 Pursuer Error:  0.5343613028526306 Evader Error:  0.5343613028526306
Episode:  621 / 2500 Pursuer Error:  0.5089393258094788 Evader Error:  0.5089393258094788
Episode:  622 / 2500 Pursuer Error:  0.3926086127758026 Evader Error:  0.3926086127758026
Episode:  623 / 2500 Pursuer Error:  0.39250513911247253 Evader Error:  0.39250513911247253
Episode:  624 / 2500 Pursuer Error:  0.3924059569835663 Evader Error:  0.3924059569835663
Episode:  625 / 2500 Pursuer Error:  0.3923041522502899 Evader Error:  0.3923041522502899
Episode:  626 / 2500 Pursuer Error:  0.3922078311443329 Evader Error:  0.3922078311443329
Episode:  627 / 2500 Pursuer Error:  0.2943717837333679 Evader Error:  0.2943717837333679
Episode:  628 / 2500 Pursuer Error:  0.2942976951599121 Evader Error:  0.2942976951599121
Episode:  629 / 2500 Pursuer Error:  0.2942253351211548 Evader Error:  0.2942253351211548
Episode:  630 / 2500 Pursuer Error:  0.2941543459892273 Evader Error:  0.2941543459892273
Episode:  631 / 2500 Pursuer Error:  0.2940850853919983 Evader Error:  0.2940850853919983
Episode:  632 / 2500 Pursuer Error:  0.21872691810131073 Evader Error:  0.21872691810131073
Episode:  633 / 2500 Pursuer Error:  0.21867404878139496 Evader Error:  0.21867404878139496
Episode:  634 / 2500 Pursuer Error:  0.2186221182346344 Evader Error:  0.2186221182346344
Episode:  635 / 2500 Pursuer Error:  0.2185712307691574 Evader Error:  0.2185712307691574
Episode:  636 / 2500 Pursuer Error:  0.21852131187915802 Evader Error:  0.21852131187915802
Episode:  637 / 2500 Pursuer Error:  0.16231468319892883 Evader Error:  0.16231468319892883
Episode:  638 / 2500 Pursuer Error:  0.16224732995033264 Evader Error:  0.16224732995033264
Episode:  639 / 2500 Pursuer Error:  0.162181094288826 Evader Error:  0.162181094288826
Episode:  640 / 2500 Pursuer Error:  0.1621156930923462 Evader Error:  0.1621156930923462
Episode:  641 / 2500 Pursuer Error:  0.16206692159175873 Evader Error:  0.16206692159175873
Episode:  642 / 2500 Pursuer Error:  0.1223679780960083 Evader Error:  0.1223679780960083
Episode:  643 / 2500 Pursuer Error:  0.12232394516468048 Evader Error:  0.12232394516468048
Episode:  644 / 2500 Pursuer Error:  0.12229670584201813 Evader Error:  0.12229670584201813
Episode:  645 / 2500 Pursuer Error:  0.12227269262075424 Evader Error:  0.12227269262075424
Episode:  646 / 2500 Pursuer Error:  0.12225949764251709 Evader Error:  0.12225949764251709
Episode:  647 / 2500 Pursuer Error:  0.09211470931768417 Evader Error:  0.09211470931768417
Episode:  648 / 2500 Pursuer Error:  0.09208931773900986 Evader Error:  0.09208931773900986
Episode:  649 / 2500 Pursuer Error:  0.09206445515155792 Evader Error:  0.09206445515155792
Episode:  650 / 2500 Pursuer Error:  0.09203982353210449 Evader Error:  0.09203982353210449
Episode:  651 / 2500 Pursuer Error:  0.09201561659574509 Evader Error:  0.09201561659574509
Episode:  652 / 2500 Pursuer Error:  0.06972141563892365 Evader Error:  0.06972141563892365
Episode:  653 / 2500 Pursuer Error:  0.06969771534204483 Evader Error:  0.06969771534204483
Episode:  654 / 2500 Pursuer Error:  0.06967424601316452 Evader Error:  0.06967424601316452
Episode:  655 / 2500 Pursuer Error:  0.06965108960866928 Evader Error:  0.06965108960866928
Episode:  656 / 2500 Pursuer Error:  0.06962817162275314 Evader Error:  0.06962817162275314
Episode:  657 / 2500 Pursuer Error:  0.05362362414598465 Evader Error:  0.05362362414598465
Episode:  658 / 2500 Pursuer Error:  0.05359895899891853 Evader Error:  0.05359895899891853
Episode:  659 / 2500 Pursuer Error:  0.053574610501527786 Evader Error:  0.053574610501527786
Episode:  660 / 2500 Pursuer Error:  0.05355053022503853 Evader Error:  0.05355053022503853
Episode:  661 / 2500 Pursuer Error:  0.053526658564805984 Evader Error:  0.053526658564805984
Episode:  662 / 2500 Pursuer Error:  0.042795680463314056 Evader Error:  0.042795680463314056
Episode:  663 / 2500 Pursuer Error:  0.04277133196592331 Evader Error:  0.04277133196592331
Episode:  664 / 2500 Pursuer Error:  0.04274723678827286 Evader Error:  0.04274723678827286
Episode:  665 / 2500 Pursuer Error:  0.0427233912050724 Evader Error:  0.0427233912050724
Episode:  666 / 2500 Pursuer Error:  0.04269978404045105 Evader Error:  0.04269978404045105
Episode:  667 / 2500 Pursuer Error:  0.03593125939369202 Evader Error:  0.03593125939369202
Episode:  668 / 2500 Pursuer Error:  0.03590042144060135 Evader Error:  0.03590042144060135
Episode:  669 / 2500 Pursuer Error:  0.03586988523602486 Evader Error:  0.03586988523602486
Episode:  670 / 2500 Pursuer Error:  0.035839613527059555 Evader Error:  0.035839613527059555
Episode:  671 / 2500 Pursuer Error:  0.03580961376428604 Evader Error:  0.03580961376428604
Episode:  672 / 2500 Pursuer Error:  0.03140005096793175 Evader Error:  0.03140005096793175
Episode:  673 / 2500 Pursuer Error:  0.031349994242191315 Evader Error:  0.031349994242191315
Episode:  674 / 2500 Pursuer Error:  0.03130050003528595 Evader Error:  0.03130050003528595
Episode:  675 / 2500 Pursuer Error:  0.03125154972076416 Evader Error:  0.03125154972076416
Episode:  676 / 2500 Pursuer Error:  0.03120315633714199 Evader Error:  0.03120315633714199
Episode:  677 / 2500 Pursuer Error:  0.02795296348631382 Evader Error:  0.02795296348631382
Episode:  678 / 2500 Pursuer Error:  0.027905821800231934 Evader Error:  0.027905821800231934
Episode:  679 / 2500 Pursuer Error:  0.02785920538008213 Evader Error:  0.02785920538008213
Episode:  680 / 2500 Pursuer Error:  0.027816591784358025 Evader Error:  0.027816591784358025
Episode:  681 / 2500 Pursuer Error:  0.027795923873782158 Evader Error:  0.027795923873782158
Episode:  682 / 2500 Pursuer Error:  0.025592273101210594 Evader Error:  0.025592273101210594
Episode:  683 / 2500 Pursuer Error:  0.025542516261339188 Evader Error:  0.025542516261339188
Episode:  684 / 2500 Pursuer Error:  0.025493336841464043 Evader Error:  0.025493336841464043
Episode:  685 / 2500 Pursuer Error:  0.025444740429520607 Evader Error:  0.025444740429520607
Episode:  686 / 2500 Pursuer Error:  0.025396568700671196 Evader Error:  0.025396568700671196
Episode:  687 / 2500 Pursuer Error:  0.02471211366355419 Evader Error:  0.02471211552619934
Episode:  688 / 2500 Pursuer Error:  0.02469923347234726 Evader Error:  0.02469923347234726
Episode:  689 / 2500 Pursuer Error:  0.024686455726623535 Evader Error:  0.024686453863978386
Episode:  690 / 2500 Pursuer Error:  0.02467377670109272 Evader Error:  0.02467377483844757
Episode:  691 / 2500 Pursuer Error:  0.024661190807819366 Evader Error:  0.024661190807819366
Episode:  692 / 2500 Pursuer Error:  0.02264842949807644 Evader Error:  0.02264842763543129
Episode:  693 / 2500 Pursuer Error:  0.022626223042607307 Evader Error:  0.022626221179962158
Episode:  694 / 2500 Pursuer Error:  0.02260555326938629 Evader Error:  0.02260555326938629
Episode:  695 / 2500 Pursuer Error:  0.02258906327188015 Evader Error:  0.02258906327188015
Episode:  696 / 2500 Pursuer Error:  0.02257300727069378 Evader Error:  0.02257300540804863
Episode:  697 / 2500 Pursuer Error:  0.022132836282253265 Evader Error:  0.022132836282253265
Episode:  698 / 2500 Pursuer Error:  0.02211858332157135 Evader Error:  0.02211858332157135
Episode:  699 / 2500 Pursuer Error:  0.02210448868572712 Evader Error:  0.02210449054837227
Episode:  700 / 2500 Pursuer Error:  0.02209055796265602 Evader Error:  0.02209055796265602
Episode:  701 / 2500 Pursuer Error:  0.022076789289712906 Evader Error:  0.022076785564422607
Episode:  702 / 2500 Pursuer Error:  0.0207575261592865 Evader Error:  0.02075752429664135
Episode:  703 / 2500 Pursuer Error:  0.02073553018271923 Evader Error:  0.02073553018271923
Episode:  704 / 2500 Pursuer Error:  0.020714104175567627 Evader Error:  0.020714102312922478
Episode:  705 / 2500 Pursuer Error:  0.02069305256009102 Evader Error:  0.02069305256009102
Episode:  706 / 2500 Pursuer Error:  0.020672651007771492 Evader Error:  0.02067265287041664
Episode:  707 / 2500 Pursuer Error:  0.020336875692009926 Evader Error:  0.020336877554655075
Episode:  708 / 2500 Pursuer Error:  0.020322522148489952 Evader Error:  0.020322520285844803
Episode:  709 / 2500 Pursuer Error:  0.02030833438038826 Evader Error:  0.02030833438038826
Episode:  710 / 2500 Pursuer Error:  0.020294329151511192 Evader Error:  0.02029433101415634
Episode:  711 / 2500 Pursuer Error:  0.020280491560697556 Evader Error:  0.020280491560697556
Episode:  712 / 2500 Pursuer Error:  0.01911568082869053 Evader Error:  0.01911568082869053
Episode:  713 / 2500 Pursuer Error:  0.019096948206424713 Evader Error:  0.019096948206424713
Episode:  714 / 2500 Pursuer Error:  0.019078658893704414 Evader Error:  0.019078660756349564
Episode:  715 / 2500 Pursuer Error:  0.019060790538787842 Evader Error:  0.019060790538787842
Episode:  716 / 2500 Pursuer Error:  0.019043318927288055 Evader Error:  0.019043318927288055
Episode:  717 / 2500 Pursuer Error:  0.018768977373838425 Evader Error:  0.018768979236483574
Episode:  718 / 2500 Pursuer Error:  0.0187564417719841 Evader Error:  0.0187564417719841
Episode:  719 / 2500 Pursuer Error:  0.01874404028058052 Evader Error:  0.01874404028058052
Episode:  720 / 2500 Pursuer Error:  0.01873178407549858 Evader Error:  0.01873178593814373
Episode:  721 / 2500 Pursuer Error:  0.0187196247279644 Evader Error:  0.0187196247279644
Episode:  722 / 2500 Pursuer Error:  0.01767737790942192 Evader Error:  0.01767737790942192
Episode:  723 / 2500 Pursuer Error:  0.017661161720752716 Evader Error:  0.017661161720752716
Episode:  724 / 2500 Pursuer Error:  0.017645224928855896 Evader Error:  0.017645224928855896
Episode:  725 / 2500 Pursuer Error:  0.01762957125902176 Evader Error:  0.017629573121666908
Episode:  726 / 2500 Pursuer Error:  0.0176142118871212 Evader Error:  0.0176142118871212
Episode:  727 / 2500 Pursuer Error:  0.01734740659594536 Evader Error:  0.01734740473330021
Episode:  728 / 2500 Pursuer Error:  0.017335306853055954 Evader Error:  0.017335306853055954
Episode:  729 / 2500 Pursuer Error:  0.017323311418294907 Evader Error:  0.017323311418294907
Episode:  730 / 2500 Pursuer Error:  0.01731141284108162 Evader Error:  0.01731141284108162
Episode:  731 / 2500 Pursuer Error:  0.017299601808190346 Evader Error:  0.017299603670835495
Episode:  732 / 2500 Pursuer Error:  0.01638714410364628 Evader Error:  0.01638714224100113
Episode:  733 / 2500 Pursuer Error:  0.016373001039028168 Evader Error:  0.016373001039028168
Episode:  734 / 2500 Pursuer Error:  0.016359074041247368 Evader Error:  0.016359075903892517
Episode:  735 / 2500 Pursuer Error:  0.016345355659723282 Evader Error:  0.016345355659723282
Episode:  736 / 2500 Pursuer Error:  0.016331840306520462 Evader Error:  0.016331838443875313
Episode:  737 / 2500 Pursuer Error:  0.016051718965172768 Evader Error:  0.016051718965172768
Episode:  738 / 2500 Pursuer Error:  0.016040533781051636 Evader Error:  0.016040533781051636
Episode:  739 / 2500 Pursuer Error:  0.016029436141252518 Evader Error:  0.016029436141252518
Episode:  740 / 2500 Pursuer Error:  0.016018418595194817 Evader Error:  0.016018418595194817
Episode:  741 / 2500 Pursuer Error:  0.01600748673081398 Evader Error:  0.01600748673081398
Episode:  742 / 2500 Pursuer Error:  0.015229977667331696 Evader Error:  0.015229977667331696
Episode:  743 / 2500 Pursuer Error:  0.015217585489153862 Evader Error:  0.015217585489153862
Episode:  744 / 2500 Pursuer Error:  0.01520533673465252 Evader Error:  0.01520533673465252
Episode:  745 / 2500 Pursuer Error:  0.015193238854408264 Evader Error:  0.015193238854408264
Episode:  746 / 2500 Pursuer Error:  0.015181287191808224 Evader Error:  0.015181286260485649
Episode:  747 / 2500 Pursuer Error:  0.01487013604491949 Evader Error:  0.014870135113596916
Episode:  748 / 2500 Pursuer Error:  0.01485973596572876 Evader Error:  0.01485973596572876
Episode:  749 / 2500 Pursuer Error:  0.01484941691160202 Evader Error:  0.01484941691160202
Episode:  750 / 2500 Pursuer Error:  0.014839168637990952 Evader Error:  0.014839168637990952
Episode:  751 / 2500 Pursuer Error:  0.014828996732831001 Evader Error:  0.014828996732831001
Episode:  752 / 2500 Pursuer Error:  0.014175327494740486 Evader Error:  0.01417532842606306
Episode:  753 / 2500 Pursuer Error:  0.014164344407618046 Evader Error:  0.01416434533894062
Episode:  754 / 2500 Pursuer Error:  0.01415346935391426 Evader Error:  0.014153467491269112
Episode:  755 / 2500 Pursuer Error:  0.014142691157758236 Evader Error:  0.01414269208908081
Episode:  756 / 2500 Pursuer Error:  0.014132024720311165 Evader Error:  0.01413202378898859
Episode:  757 / 2500 Pursuer Error:  0.013791587203741074 Evader Error:  0.013791585341095924
Episode:  758 / 2500 Pursuer Error:  0.013781880028545856 Evader Error:  0.013781880959868431
Episode:  759 / 2500 Pursuer Error:  0.013772239908576012 Evader Error:  0.013772239908576012
Episode:  760 / 2500 Pursuer Error:  0.013762660324573517 Evader Error:  0.013762660324573517
Episode:  761 / 2500 Pursuer Error:  0.013753154315054417 Evader Error:  0.013753153383731842
Episode:  762 / 2500 Pursuer Error:  0.013204073533415794 Evader Error:  0.013204073533415794
Episode:  763 / 2500 Pursuer Error:  0.013194216415286064 Evader Error:  0.013194216415286064
Episode:  764 / 2500 Pursuer Error:  0.013184444978833199 Evader Error:  0.013184444978833199
Episode:  765 / 2500 Pursuer Error:  0.013174746185541153 Evader Error:  0.013174746185541153
Episode:  766 / 2500 Pursuer Error:  0.013165125623345375 Evader Error:  0.013165125623345375
Evader Caught
Episode:  767 / 2500 Pursuer Error:  0.012805832549929619 Evader Error:  0.012805832549929619
Episode:  768 / 2500 Pursuer Error:  2.1327061653137207 Evader Error:  2.1327061653137207
Episode:  769 / 2500 Pursuer Error:  2.1270523071289062 Evader Error:  2.1270523071289062
Episode:  770 / 2500 Pursuer Error:  2.1214663982391357 Evader Error:  2.1214663982391357
Episode:  771 / 2500 Pursuer Error:  2.121830463409424 Evader Error:  2.121830463409424
Episode:  772 / 2500 Pursuer Error:  1.9602806568145752 Evader Error:  1.9602806568145752
Episode:  773 / 2500 Pursuer Error:  1.954370141029358 Evader Error:  1.954370141029358
Episode:  774 / 2500 Pursuer Error:  1.955325722694397 Evader Error:  1.955325722694397
Episode:  775 / 2500 Pursuer Error:  1.951864242553711 Evader Error:  1.951864242553711
Episode:  776 / 2500 Pursuer Error:  1.9486421346664429 Evader Error:  1.9486421346664429
Episode:  777 / 2500 Pursuer Error:  1.8077439069747925 Evader Error:  1.8077439069747925
Episode:  778 / 2500 Pursuer Error:  1.8026615381240845 Evader Error:  1.8026615381240845
Episode:  779 / 2500 Pursuer Error:  1.7957737445831299 Evader Error:  1.7957737445831299
Episode:  780 / 2500 Pursuer Error:  1.7979742288589478 Evader Error:  1.7979742288589478
Episode:  781 / 2500 Pursuer Error:  1.7931206226348877 Evader Error:  1.7931206226348877
Episode:  782 / 2500 Pursuer Error:  1.6124275922775269 Evader Error:  1.6124275922775269
Episode:  783 / 2500 Pursuer Error:  1.608559250831604 Evader Error:  1.608559250831604
Episode:  784 / 2500 Pursuer Error:  1.629172921180725 Evader Error:  1.629172921180725
Episode:  785 / 2500 Pursuer Error:  1.6045362949371338 Evader Error:  1.6045362949371338
Episode:  786 / 2500 Pursuer Error:  1.6246016025543213 Evader Error:  1.6246016025543213
Episode:  787 / 2500 Pursuer Error:  1.4507668018341064 Evader Error:  1.4507668018341064
Episode:  788 / 2500 Pursuer Error:  1.4247864484786987 Evader Error:  1.4247864484786987
Episode:  789 / 2500 Pursuer Error:  1.4472893476486206 Evader Error:  1.4472893476486206
Episode:  790 / 2500 Pursuer Error:  1.4212048053741455 Evader Error:  1.4212048053741455
Episode:  791 / 2500 Pursuer Error:  1.4437671899795532 Evader Error:  1.4437671899795532
Episode:  792 / 2500 Pursuer Error:  1.2637332677841187 Evader Error:  1.2637332677841187
Episode:  793 / 2500 Pursuer Error:  1.2373846769332886 Evader Error:  1.2373846769332886
Episode:  794 / 2500 Pursuer Error:  1.2610939741134644 Evader Error:  1.2610939741134644
Episode:  795 / 2500 Pursuer Error:  1.2351616621017456 Evader Error:  1.2351616621017456
Episode:  796 / 2500 Pursuer Error:  1.2584402561187744 Evader Error:  1.2584402561187744
Episode:  797 / 2500 Pursuer Error:  1.0866483449935913 Evader Error:  1.0866483449935913
Episode:  798 / 2500 Pursuer Error:  1.0841699838638306 Evader Error:  1.0841699838638306
Episode:  799 / 2500 Pursuer Error:  1.0815985202789307 Evader Error:  1.0815985202789307
Episode:  800 / 2500 Pursuer Error:  1.0791305303573608 Evader Error:  1.0791305303573608
Episode:  801 / 2500 Pursuer Error:  1.0511937141418457 Evader Error:  1.0511938333511353
Episode:  802 / 2500 Pursuer Error:  0.9130369424819946 Evader Error:  0.9130369424819946
Episode:  803 / 2500 Pursuer Error:  0.9116386771202087 Evader Error:  0.9116386771202087
Episode:  804 / 2500 Pursuer Error:  0.9102479815483093 Evader Error:  0.9102479815483093
Episode:  805 / 2500 Pursuer Error:  0.9087550044059753 Evader Error:  0.9087550044059753
Episode:  806 / 2500 Pursuer Error:  0.9079559445381165 Evader Error:  0.9079559445381165
Episode:  807 / 2500 Pursuer Error:  0.7555918097496033 Evader Error:  0.7555918097496033
Episode:  808 / 2500 Pursuer Error:  0.7555111050605774 Evader Error:  0.7555111050605774
Episode:  809 / 2500 Pursuer Error:  0.7554299831390381 Evader Error:  0.7554299831390381
Episode:  810 / 2500 Pursuer Error:  0.7553333640098572 Evader Error:  0.7553333640098572
Episode:  811 / 2500 Pursuer Error:  0.755253791809082 Evader Error:  0.755253791809082
Episode:  812 / 2500 Pursuer Error:  0.6233620643615723 Evader Error:  0.6233620643615723
Episode:  813 / 2500 Pursuer Error:  0.6233585476875305 Evader Error:  0.6233585476875305
Episode:  814 / 2500 Pursuer Error:  0.6230894923210144 Evader Error:  0.6230894923210144
Episode:  815 / 2500 Pursuer Error:  0.6226871609687805 Evader Error:  0.6226871609687805
Episode:  816 / 2500 Pursuer Error:  0.6222917437553406 Evader Error:  0.6222917437553406
Episode:  817 / 2500 Pursuer Error:  0.5058535933494568 Evader Error:  0.5058535933494568
Episode:  818 / 2500 Pursuer Error:  0.505541980266571 Evader Error:  0.505541980266571
Episode:  819 / 2500 Pursuer Error:  0.5052381753921509 Evader Error:  0.5052381753921509
Episode:  820 / 2500 Pursuer Error:  0.5049509406089783 Evader Error:  0.5049509406089783
Episode:  821 / 2500 Pursuer Error:  0.5046709179878235 Evader Error:  0.5046709179878235
Episode:  822 / 2500 Pursuer Error:  0.3944248855113983 Evader Error:  0.3944248855113983
Episode:  823 / 2500 Pursuer Error:  0.3942175805568695 Evader Error:  0.3942175805568695
Episode:  824 / 2500 Pursuer Error:  0.3940180242061615 Evader Error:  0.3940180242061615
Episode:  825 / 2500 Pursuer Error:  0.3938320279121399 Evader Error:  0.3938320279121399
Episode:  826 / 2500 Pursuer Error:  0.3936389684677124 Evader Error:  0.3936389684677124
Episode:  827 / 2500 Pursuer Error:  0.2949076294898987 Evader Error:  0.2949076294898987
Episode:  828 / 2500 Pursuer Error:  0.2947598993778229 Evader Error:  0.2947598993778229
Episode:  829 / 2500 Pursuer Error:  0.2946096360683441 Evader Error:  0.2946096360683441
Episode:  830 / 2500 Pursuer Error:  0.29445844888687134 Evader Error:  0.29445844888687134
Episode:  831 / 2500 Pursuer Error:  0.2943110764026642 Evader Error:  0.2943110764026642
Episode:  832 / 2500 Pursuer Error:  0.21787594258785248 Evader Error:  0.21787594258785248
Episode:  833 / 2500 Pursuer Error:  0.21775904297828674 Evader Error:  0.21775904297828674
Episode:  834 / 2500 Pursuer Error:  0.21764521300792694 Evader Error:  0.21764521300792694
Episode:  835 / 2500 Pursuer Error:  0.21753346920013428 Evader Error:  0.21753346920013428
Episode:  836 / 2500 Pursuer Error:  0.21742287278175354 Evader Error:  0.21742287278175354
Episode:  837 / 2500 Pursuer Error:  0.15948401391506195 Evader Error:  0.15948401391506195
Episode:  838 / 2500 Pursuer Error:  0.15939441323280334 Evader Error:  0.15939441323280334
Episode:  839 / 2500 Pursuer Error:  0.15930622816085815 Evader Error:  0.15930622816085815
Episode:  840 / 2500 Pursuer Error:  0.15921948850154877 Evader Error:  0.15921948850154877
Episode:  841 / 2500 Pursuer Error:  0.15913407504558563 Evader Error:  0.15913407504558563
Episode:  842 / 2500 Pursuer Error:  0.11508417129516602 Evader Error:  0.11508417129516602
Episode:  843 / 2500 Pursuer Error:  0.11503461748361588 Evader Error:  0.11503461748361588
Episode:  844 / 2500 Pursuer Error:  0.11500751227140427 Evader Error:  0.11500750482082367
Episode:  845 / 2500 Pursuer Error:  0.11498371511697769 Evader Error:  0.11498371511697769
Episode:  846 / 2500 Pursuer Error:  0.11496056616306305 Evader Error:  0.11496055126190186
Episode:  847 / 2500 Pursuer Error:  0.08332949131727219 Evader Error:  0.08332949131727219
Episode:  848 / 2500 Pursuer Error:  0.08329248428344727 Evader Error:  0.08329248428344727
Episode:  849 / 2500 Pursuer Error:  0.08328437805175781 Evader Error:  0.08328437805175781
Episode:  850 / 2500 Pursuer Error:  0.0832674577832222 Evader Error:  0.0832674577832222
Episode:  851 / 2500 Pursuer Error:  0.08325061947107315 Evader Error:  0.08325062692165375
Episode:  852 / 2500 Pursuer Error:  0.06037157401442528 Evader Error:  0.060371577739715576
Episode:  853 / 2500 Pursuer Error:  0.06035591661930084 Evader Error:  0.06035591661930084
Episode:  854 / 2500 Pursuer Error:  0.06034030765295029 Evader Error:  0.06034030765295029
Episode:  855 / 2500 Pursuer Error:  0.060324713587760925 Evader Error:  0.06032470613718033
Episode:  856 / 2500 Pursuer Error:  0.060309164226055145 Evader Error:  0.060309164226055145
Episode:  857 / 2500 Pursuer Error:  0.04402153939008713 Evader Error:  0.04402153939008713
Episode:  858 / 2500 Pursuer Error:  0.04400703310966492 Evader Error:  0.044007036834955215
Episode:  859 / 2500 Pursuer Error:  0.0439925491809845 Evader Error:  0.0439925491809845
Episode:  860 / 2500 Pursuer Error:  0.043978046625852585 Evader Error:  0.043978046625852585
Episode:  861 / 2500 Pursuer Error:  0.04396361857652664 Evader Error:  0.043963611125946045
Episode:  862 / 2500 Pursuer Error:  0.03300473839044571 Evader Error:  0.03300473839044571
Episode:  863 / 2500 Pursuer Error:  0.032989539206027985 Evader Error:  0.032989539206027985
Episode:  864 / 2500 Pursuer Error:  0.03297436982393265 Evader Error:  0.03297436982393265
Episode:  865 / 2500 Pursuer Error:  0.03295925259590149 Evader Error:  0.03295925259590149
Episode:  866 / 2500 Pursuer Error:  0.032944172620773315 Evader Error:  0.032944176346063614
Episode:  867 / 2500 Pursuer Error:  0.025473810732364655 Evader Error:  0.025473810732364655
Episode:  868 / 2500 Pursuer Error:  0.025451913475990295 Evader Error:  0.025451913475990295
Episode:  869 / 2500 Pursuer Error:  0.025430358946323395 Evader Error:  0.025430358946323395
Episode:  870 / 2500 Pursuer Error:  0.02540908195078373 Evader Error:  0.02540908008813858
Episode:  871 / 2500 Pursuer Error:  0.02538808062672615 Evader Error:  0.02538808062672615
Episode:  872 / 2500 Pursuer Error:  0.03821416571736336 Evader Error:  0.03821416571736336
Episode:  873 / 2500 Pursuer Error:  0.03727852553129196 Evader Error:  0.03727852553129196
Episode:  874 / 2500 Pursuer Error:  0.036330241709947586 Evader Error:  0.036330241709947586
Episode:  875 / 2500 Pursuer Error:  0.03538736701011658 Evader Error:  0.03538736701011658
Episode:  876 / 2500 Pursuer Error:  0.03446483239531517 Evader Error:  0.03446483239531517
Episode:  877 / 2500 Pursuer Error:  0.016052698716521263 Evader Error:  0.016052698716521263
Episode:  878 / 2500 Pursuer Error:  0.01600661873817444 Evader Error:  0.01600661873817444
Episode:  879 / 2500 Pursuer Error:  0.015961064025759697 Evader Error:  0.015961064025759697
Episode:  880 / 2500 Pursuer Error:  0.01591602712869644 Evader Error:  0.01591602712869644
Episode:  881 / 2500 Pursuer Error:  0.015871914103627205 Evader Error:  0.015871914103627205
Evader Caught
Episode:  882 / 2500 Pursuer Error:  0.014212081208825111 Evader Error:  0.014212081208825111
Episode:  883 / 2500 Pursuer Error:  1.621192216873169 Evader Error:  1.621192216873169
Episode:  884 / 2500 Pursuer Error:  1.6196516752243042 Evader Error:  1.6196516752243042
Episode:  885 / 2500 Pursuer Error:  1.6181210279464722 Evader Error:  1.6181210279464722
Episode:  886 / 2500 Pursuer Error:  1.6165956258773804 Evader Error:  1.6165956258773804
Episode:  887 / 2500 Pursuer Error:  1.519363284111023 Evader Error:  1.519363284111023
Episode:  888 / 2500 Pursuer Error:  1.5149562358856201 Evader Error:  1.5149562358856201
Episode:  889 / 2500 Pursuer Error:  1.5105847120285034 Evader Error:  1.5105847120285034
Episode:  890 / 2500 Pursuer Error:  1.5058625936508179 Evader Error:  1.5058625936508179
Episode:  891 / 2500 Pursuer Error:  1.5011916160583496 Evader Error:  1.5011916160583496
Episode:  892 / 2500 Pursuer Error:  1.3484071493148804 Evader Error:  1.3484071493148804
Episode:  893 / 2500 Pursuer Error:  1.3455575704574585 Evader Error:  1.3455575704574585
Episode:  894 / 2500 Pursuer Error:  1.3428417444229126 Evader Error:  1.3428417444229126
Episode:  895 / 2500 Pursuer Error:  1.3397167921066284 Evader Error:  1.3397167921066284
Episode:  896 / 2500 Pursuer Error:  1.3305678367614746 Evader Error:  1.3305678367614746
Episode:  897 / 2500 Pursuer Error:  1.1698706150054932 Evader Error:  1.1698706150054932
Episode:  898 / 2500 Pursuer Error:  1.1671963930130005 Evader Error:  1.1671963930130005
Episode:  899 / 2500 Pursuer Error:  1.164555549621582 Evader Error:  1.164555549621582
Episode:  900 / 2500 Pursuer Error:  1.1544917821884155 Evader Error:  1.1544917821884155
Episode:  901 / 2500 Pursuer Error:  1.1529598236083984 Evader Error:  1.1529598236083984
Episode:  902 / 2500 Pursuer Error:  0.9926590323448181 Evader Error:  0.9926590323448181
Episode:  903 / 2500 Pursuer Error:  0.9909501075744629 Evader Error:  0.9909501075744629
Episode:  904 / 2500 Pursuer Error:  0.9828454852104187 Evader Error:  0.9828454852104187
Episode:  905 / 2500 Pursuer Error:  0.9814632534980774 Evader Error:  0.9814632534980774
Episode:  906 / 2500 Pursuer Error:  0.9813737869262695 Evader Error:  0.9813737869262695
Episode:  907 / 2500 Pursuer Error:  0.8269850611686707 Evader Error:  0.8269851207733154
Episode:  908 / 2500 Pursuer Error:  0.8266253471374512 Evader Error:  0.8266253471374512
Episode:  909 / 2500 Pursuer Error:  0.8261623978614807 Evader Error:  0.8261624574661255
Episode:  910 / 2500 Pursuer Error:  0.8254605531692505 Evader Error:  0.8254605531692505
Episode:  911 / 2500 Pursuer Error:  0.8250415921211243 Evader Error:  0.8250415325164795
Episode:  912 / 2500 Pursuer Error:  0.6723982691764832 Evader Error:  0.6723982691764832
Episode:  913 / 2500 Pursuer Error:  0.6721269488334656 Evader Error:  0.6721269488334656
Episode:  914 / 2500 Pursuer Error:  0.6720017790794373 Evader Error:  0.6720017790794373
Episode:  915 / 2500 Pursuer Error:  0.6714405417442322 Evader Error:  0.6714405417442322
Episode:  916 / 2500 Pursuer Error:  0.6713960766792297 Evader Error:  0.6713960766792297
Episode:  917 / 2500 Pursuer Error:  0.537891149520874 Evader Error:  0.537891149520874
Episode:  918 / 2500 Pursuer Error:  0.5378385186195374 Evader Error:  0.5378385186195374
Episode:  919 / 2500 Pursuer Error:  0.5377866625785828 Evader Error:  0.5377866625785828
Episode:  920 / 2500 Pursuer Error:  0.5377357602119446 Evader Error:  0.5377357602119446
Episode:  921 / 2500 Pursuer Error:  0.5377052426338196 Evader Error:  0.5377052426338196
Episode:  922 / 2500 Pursuer Error:  0.41567331552505493 Evader Error:  0.41567331552505493
Episode:  923 / 2500 Pursuer Error:  0.41563865542411804 Evader Error:  0.41563865542411804
Episode:  924 / 2500 Pursuer Error:  0.41570964455604553 Evader Error:  0.41570964455604553
Episode:  925 / 2500 Pursuer Error:  0.41561317443847656 Evader Error:  0.41561317443847656
Episode:  926 / 2500 Pursuer Error:  0.4156295359134674 Evader Error:  0.4156295359134674
Episode:  927 / 2500 Pursuer Error:  0.3154214918613434 Evader Error:  0.3154214918613434
Episode:  928 / 2500 Pursuer Error:  0.315326064825058 Evader Error:  0.315326064825058
Episode:  929 / 2500 Pursuer Error:  0.31529566645622253 Evader Error:  0.31529566645622253
Episode:  930 / 2500 Pursuer Error:  0.3152656853199005 Evader Error:  0.3152656853199005
Episode:  931 / 2500 Pursuer Error:  0.3152359426021576 Evader Error:  0.3152359426021576
Episode:  932 / 2500 Pursuer Error:  0.2284940481185913 Evader Error:  0.2284940481185913
Episode:  933 / 2500 Pursuer Error:  0.2283804714679718 Evader Error:  0.2283804714679718
Episode:  934 / 2500 Pursuer Error:  0.22826926410198212 Evader Error:  0.22826926410198212
Episode:  935 / 2500 Pursuer Error:  0.22815938293933868 Evader Error:  0.22815938293933868
Episode:  936 / 2500 Pursuer Error:  0.22805190086364746 Evader Error:  0.22805190086364746
Episode:  937 / 2500 Pursuer Error:  0.15736377239227295 Evader Error:  0.15736377239227295
Episode:  938 / 2500 Pursuer Error:  0.15734513103961945 Evader Error:  0.15734513103961945
Episode:  939 / 2500 Pursuer Error:  0.15732669830322266 Evader Error:  0.15732669830322266
Episode:  940 / 2500 Pursuer Error:  0.15730780363082886 Evader Error:  0.15730780363082886
Episode:  941 / 2500 Pursuer Error:  0.15728910267353058 Evader Error:  0.15728910267353058
Episode:  942 / 2500 Pursuer Error:  0.11396802961826324 Evader Error:  0.11396802961826324
Episode:  943 / 2500 Pursuer Error:  0.11384964734315872 Evader Error:  0.11384964734315872
Episode:  944 / 2500 Pursuer Error:  0.11373569071292877 Evader Error:  0.11373569071292877
Episode:  945 / 2500 Pursuer Error:  0.11362423002719879 Evader Error:  0.11362423002719879
Episode:  946 / 2500 Pursuer Error:  0.11351454257965088 Evader Error:  0.11351455003023148
Episode:  947 / 2500 Pursuer Error:  0.07601764798164368 Evader Error:  0.07601764798164368
Episode:  948 / 2500 Pursuer Error:  0.07864486426115036 Evader Error:  0.07864485681056976
Episode:  949 / 2500 Pursuer Error:  0.07870372384786606 Evader Error:  0.07870372384786606
Episode:  950 / 2500 Pursuer Error:  0.07876288890838623 Evader Error:  0.07876288890838623
Episode:  951 / 2500 Pursuer Error:  0.07882454991340637 Evader Error:  0.07882454991340637
Episode:  952 / 2500 Pursuer Error:  0.04919368773698807 Evader Error:  0.04919368773698807
Episode:  953 / 2500 Pursuer Error:  0.04917788505554199 Evader Error:  0.04917788505554199
Episode:  954 / 2500 Pursuer Error:  0.04916217923164368 Evader Error:  0.04916217923164368
Episode:  955 / 2500 Pursuer Error:  0.04914648085832596 Evader Error:  0.04914648085832596
Episode:  956 / 2500 Pursuer Error:  0.0491308718919754 Evader Error:  0.0491308718919754
Episode:  957 / 2500 Pursuer Error:  0.03366629406809807 Evader Error:  0.03366629406809807
Episode:  958 / 2500 Pursuer Error:  0.033574920147657394 Evader Error:  0.033574920147657394
Episode:  959 / 2500 Pursuer Error:  0.03348473459482193 Evader Error:  0.03348473459482193
Episode:  960 / 2500 Pursuer Error:  0.03339570388197899 Evader Error:  0.03339570388197899
Episode:  961 / 2500 Pursuer Error:  0.03330761194229126 Evader Error:  0.03330761194229126
Episode:  962 / 2500 Pursuer Error:  0.021589873358607292 Evader Error:  0.021589873358607292
Episode:  963 / 2500 Pursuer Error:  0.021507300436496735 Evader Error:  0.021507300436496735
Episode:  964 / 2500 Pursuer Error:  0.02142576314508915 Evader Error:  0.02142576314508915
Episode:  965 / 2500 Pursuer Error:  0.021345270797610283 Evader Error:  0.021345270797610283
Episode:  966 / 2500 Pursuer Error:  0.0212657880038023 Evader Error:  0.0212657880038023
Evader Caught
Episode:  967 / 2500 Pursuer Error:  0.015400419011712074 Evader Error:  0.015400419011712074
Episode:  968 / 2500 Pursuer Error:  0.7806844711303711 Evader Error:  0.7806844711303711
Episode:  969 / 2500 Pursuer Error:  0.7792253494262695 Evader Error:  0.7792253494262695
Episode:  970 / 2500 Pursuer Error:  0.7774389982223511 Evader Error:  0.7774389982223511
Episode:  971 / 2500 Pursuer Error:  0.7756767272949219 Evader Error:  0.7756767272949219
Episode:  972 / 2500 Pursuer Error:  0.7143948078155518 Evader Error:  0.7143948078155518
Episode:  973 / 2500 Pursuer Error:  0.712399423122406 Evader Error:  0.712399423122406
Episode:  974 / 2500 Pursuer Error:  0.710322916507721 Evader Error:  0.710322916507721
Episode:  975 / 2500 Pursuer Error:  0.7082633376121521 Evader Error:  0.7082633376121521
Episode:  976 / 2500 Pursuer Error:  0.7062205672264099 Evader Error:  0.7062205672264099
Episode:  977 / 2500 Pursuer Error:  0.626384437084198 Evader Error:  0.6263843774795532
Episode:  978 / 2500 Pursuer Error:  0.6265894174575806 Evader Error:  0.6265894174575806
Episode:  979 / 2500 Pursuer Error:  0.6261969804763794 Evader Error:  0.6261969804763794
Episode:  980 / 2500 Pursuer Error:  0.6254050731658936 Evader Error:  0.6254050731658936
Episode:  981 / 2500 Pursuer Error:  0.6244441270828247 Evader Error:  0.6244441270828247
Episode:  982 / 2500 Pursuer Error:  0.5427134037017822 Evader Error:  0.5427134037017822
Episode:  983 / 2500 Pursuer Error:  0.5433846712112427 Evader Error:  0.5433846712112427
Episode:  984 / 2500 Pursuer Error:  0.5436630249023438 Evader Error:  0.5436630249023438
Episode:  985 / 2500 Pursuer Error:  0.5436476469039917 Evader Error:  0.5436476469039917
Episode:  986 / 2500 Pursuer Error:  0.5434293150901794 Evader Error:  0.5434292554855347
Episode:  987 / 2500 Pursuer Error:  0.4633501470088959 Evader Error:  0.4633501470088959
Episode:  988 / 2500 Pursuer Error:  0.46322524547576904 Evader Error:  0.46322524547576904
Episode:  989 / 2500 Pursuer Error:  0.4636892080307007 Evader Error:  0.4636891484260559
Episode:  990 / 2500 Pursuer Error:  0.4640396237373352 Evader Error:  0.4640396237373352
Episode:  991 / 2500 Pursuer Error:  0.464280366897583 Evader Error:  0.464280366897583
Episode:  992 / 2500 Pursuer Error:  0.38893938064575195 Evader Error:  0.38893941044807434
Episode:  993 / 2500 Pursuer Error:  0.3889922499656677 Evader Error:  0.38899222016334534
Episode:  994 / 2500 Pursuer Error:  0.392890602350235 Evader Error:  0.392890602350235
Episode:  995 / 2500 Pursuer Error:  0.3932321071624756 Evader Error:  0.3932321071624756
Episode:  996 / 2500 Pursuer Error:  0.38940921425819397 Evader Error:  0.38940924406051636
Episode:  997 / 2500 Pursuer Error:  0.3212733566761017 Evader Error:  0.3212733268737793
Episode:  998 / 2500 Pursuer Error:  0.32105547189712524 Evader Error:  0.32105547189712524
Episode:  999 / 2500 Pursuer Error:  0.32084137201309204 Evader Error:  0.32084134221076965
Episode:  1000 / 2500 Pursuer Error:  0.32063138484954834 Evader Error:  0.3206314146518707
Episode:  1001 / 2500 Pursuer Error:  0.32042545080184937 Evader Error:  0.320425420999527
Episode:  1002 / 2500 Pursuer Error:  0.2560266852378845 Evader Error:  0.2560266852378845
Episode:  1003 / 2500 Pursuer Error:  0.2560043931007385 Evader Error:  0.2560043931007385
Episode:  1004 / 2500 Pursuer Error:  0.2559828758239746 Evader Error:  0.2559828758239746
Episode:  1005 / 2500 Pursuer Error:  0.25596150755882263 Evader Error:  0.25596147775650024
Episode:  1006 / 2500 Pursuer Error:  0.2559407651424408 Evader Error:  0.2559407353401184
Episode:  1007 / 2500 Pursuer Error:  0.2027701437473297 Evader Error:  0.2027701437473297
Episode:  1008 / 2500 Pursuer Error:  0.20279574394226074 Evader Error:  0.20279572904109955
Episode:  1009 / 2500 Pursuer Error:  0.20281949639320374 Evader Error:  0.20281949639320374
Episode:  1010 / 2500 Pursuer Error:  0.20284007489681244 Evader Error:  0.20284008979797363
Episode:  1011 / 2500 Pursuer Error:  0.20279192924499512 Evader Error:  0.20279192924499512
Episode:  1012 / 2500 Pursuer Error:  0.16375581920146942 Evader Error:  0.16375581920146942
Episode:  1013 / 2500 Pursuer Error:  0.16359226405620575 Evader Error:  0.16359226405620575
Episode:  1014 / 2500 Pursuer Error:  0.15546594560146332 Evader Error:  0.15546594560146332
Episode:  1015 / 2500 Pursuer Error:  0.15548869967460632 Evader Error:  0.15548871457576752
Episode:  1016 / 2500 Pursuer Error:  0.1555100381374359 Evader Error:  0.1555100530385971
Episode:  1017 / 2500 Pursuer Error:  0.12183801084756851 Evader Error:  0.12183801084756851
Episode:  1018 / 2500 Pursuer Error:  0.1107979342341423 Evader Error:  0.1107979267835617
Episode:  1019 / 2500 Pursuer Error:  0.11089105904102325 Evader Error:  0.11089105904102325
Episode:  1020 / 2500 Pursuer Error:  0.11098016053438187 Evader Error:  0.11098015308380127
Episode:  1021 / 2500 Pursuer Error:  0.11106931418180466 Evader Error:  0.11106932163238525
Episode:  1022 / 2500 Pursuer Error:  0.07556277513504028 Evader Error:  0.07556277513504028
Episode:  1023 / 2500 Pursuer Error:  0.07552390545606613 Evader Error:  0.07552390545606613
Episode:  1024 / 2500 Pursuer Error:  0.0754856988787651 Evader Error:  0.0754856988787651
Episode:  1025 / 2500 Pursuer Error:  0.07544782757759094 Evader Error:  0.07544782757759094
Episode:  1026 / 2500 Pursuer Error:  0.07541052997112274 Evader Error:  0.07541052997112274
Episode:  1027 / 2500 Pursuer Error:  0.052850283682346344 Evader Error:  0.052850283682346344
Episode:  1028 / 2500 Pursuer Error:  0.052812110632658005 Evader Error:  0.052812110632658005
Episode:  1029 / 2500 Pursuer Error:  0.05277444049715996 Evader Error:  0.05277444049715996
Episode:  1030 / 2500 Pursuer Error:  0.05330558121204376 Evader Error:  0.05330558121204376
Episode:  1031 / 2500 Pursuer Error:  0.05330782011151314 Evader Error:  0.05330781638622284
Episode:  1032 / 2500 Pursuer Error:  0.03863329440355301 Evader Error:  0.03863329440355301
Episode:  1033 / 2500 Pursuer Error:  0.039517052471637726 Evader Error:  0.039517052471637726
Episode:  1034 / 2500 Pursuer Error:  0.039511967450380325 Evader Error:  0.03951196372509003
Episode:  1035 / 2500 Pursuer Error:  0.03950682654976845 Evader Error:  0.03950682282447815
Episode:  1036 / 2500 Pursuer Error:  0.0395011343061924 Evader Error:  0.0395011343061924
Episode:  1037 / 2500 Pursuer Error:  0.029642833396792412 Evader Error:  0.029642833396792412
Episode:  1038 / 2500 Pursuer Error:  0.029592350125312805 Evader Error:  0.029592350125312805
Episode:  1039 / 2500 Pursuer Error:  0.02954360470175743 Evader Error:  0.02954360470175743
Episode:  1040 / 2500 Pursuer Error:  0.02949647605419159 Evader Error:  0.02949647419154644
Episode:  1041 / 2500 Pursuer Error:  0.029450813308358192 Evader Error:  0.029450813308358192
Episode:  1042 / 2500 Pursuer Error:  0.022036457434296608 Evader Error:  0.022036457434296608
Episode:  1043 / 2500 Pursuer Error:  0.021979790180921555 Evader Error:  0.021979790180921555
Episode:  1044 / 2500 Pursuer Error:  0.021923832595348358 Evader Error:  0.021923832595348358
Episode:  1045 / 2500 Pursuer Error:  0.021868577226996422 Evader Error:  0.021868577226996422
Episode:  1046 / 2500 Pursuer Error:  0.02181408926844597 Evader Error:  0.02181408926844597
Episode:  1047 / 2500 Pursuer Error:  0.016496174037456512 Evader Error:  0.016496174037456512
Episode:  1048 / 2500 Pursuer Error:  0.016435902565717697 Evader Error:  0.016435902565717697
Episode:  1049 / 2500 Pursuer Error:  0.01637638732790947 Evader Error:  0.01637638732790947
Episode:  1050 / 2500 Pursuer Error:  0.016317596659064293 Evader Error:  0.016317596659064293
Episode:  1051 / 2500 Pursuer Error:  0.016259556636214256 Evader Error:  0.016259556636214256
Evader Caught
Episode:  1052 / 2500 Pursuer Error:  0.012910502031445503 Evader Error:  0.012910502031445503
Episode:  1053 / 2500 Pursuer Error:  0.9478740692138672 Evader Error:  0.9478740692138672
Episode:  1054 / 2500 Pursuer Error:  0.9456982016563416 Evader Error:  0.9456982016563416
Episode:  1055 / 2500 Pursuer Error:  0.9435390830039978 Evader Error:  0.9435390830039978
Episode:  1056 / 2500 Pursuer Error:  0.9413960576057434 Evader Error:  0.9413960576057434
Episode:  1057 / 2500 Pursuer Error:  0.8827928900718689 Evader Error:  0.8827928900718689
Episode:  1058 / 2500 Pursuer Error:  0.8796192407608032 Evader Error:  0.8796192407608032
Episode:  1059 / 2500 Pursuer Error:  0.8764919638633728 Evader Error:  0.8764919638633728
Episode:  1060 / 2500 Pursuer Error:  0.8734104037284851 Evader Error:  0.8734104037284851
Episode:  1061 / 2500 Pursuer Error:  0.8703663945198059 Evader Error:  0.8703663945198059
Episode:  1062 / 2500 Pursuer Error:  0.7736148834228516 Evader Error:  0.7736148834228516
Episode:  1063 / 2500 Pursuer Error:  0.7714732885360718 Evader Error:  0.7714732885360718
Episode:  1064 / 2500 Pursuer Error:  0.7693616151809692 Evader Error:  0.7693616151809692
Episode:  1065 / 2500 Pursuer Error:  0.7672798037528992 Evader Error:  0.7672798037528992
Episode:  1066 / 2500 Pursuer Error:  0.7652274966239929 Evader Error:  0.7652274966239929
Episode:  1067 / 2500 Pursuer Error:  0.6705841422080994 Evader Error:  0.6705841422080994
Episode:  1068 / 2500 Pursuer Error:  0.6691293120384216 Evader Error:  0.6691293120384216
Episode:  1069 / 2500 Pursuer Error:  0.667695939540863 Evader Error:  0.667695939540863
Episode:  1070 / 2500 Pursuer Error:  0.6662830710411072 Evader Error:  0.6662830710411072
Episode:  1071 / 2500 Pursuer Error:  0.6648891568183899 Evader Error:  0.6648891568183899
Episode:  1072 / 2500 Pursuer Error:  0.5671672224998474 Evader Error:  0.5671672224998474
Episode:  1073 / 2500 Pursuer Error:  0.566287636756897 Evader Error:  0.566287636756897
Episode:  1074 / 2500 Pursuer Error:  0.5654212832450867 Evader Error:  0.5654212832450867
Episode:  1075 / 2500 Pursuer Error:  0.5645679235458374 Evader Error:  0.5645679235458374
Episode:  1076 / 2500 Pursuer Error:  0.5637238621711731 Evader Error:  0.5637238621711731
Episode:  1077 / 2500 Pursuer Error:  0.47288113832473755 Evader Error:  0.47288113832473755
Episode:  1078 / 2500 Pursuer Error:  0.4723227620124817 Evader Error:  0.4723227620124817
Episode:  1079 / 2500 Pursuer Error:  0.4719639718532562 Evader Error:  0.4719639718532562
Episode:  1080 / 2500 Pursuer Error:  0.47177964448928833 Evader Error:  0.47177964448928833
Episode:  1081 / 2500 Pursuer Error:  0.4715736508369446 Evader Error:  0.4715736508369446
Episode:  1082 / 2500 Pursuer Error:  0.38361984491348267 Evader Error:  0.38361984491348267
Episode:  1083 / 2500 Pursuer Error:  0.3834648132324219 Evader Error:  0.3834647834300995
Episode:  1084 / 2500 Pursuer Error:  0.3833099901676178 Evader Error:  0.3833099603652954
Episode:  1085 / 2500 Pursuer Error:  0.383156418800354 Evader Error:  0.383156418800354
Episode:  1086 / 2500 Pursuer Error:  0.38300371170043945 Evader Error:  0.38300371170043945
Episode:  1087 / 2500 Pursuer Error:  0.308063268661499 Evader Error:  0.308063268661499
Episode:  1088 / 2500 Pursuer Error:  0.30773887038230896 Evader Error:  0.30773887038230896
Episode:  1089 / 2500 Pursuer Error:  0.3074207007884979 Evader Error:  0.3074207007884979
Episode:  1090 / 2500 Pursuer Error:  0.30710721015930176 Evader Error:  0.30710721015930176
Episode:  1091 / 2500 Pursuer Error:  0.3067989647388458 Evader Error:  0.3067989647388458
Episode:  1092 / 2500 Pursuer Error:  0.23506072163581848 Evader Error:  0.23506072163581848
Episode:  1093 / 2500 Pursuer Error:  0.23502303659915924 Evader Error:  0.23502302169799805
Episode:  1094 / 2500 Pursuer Error:  0.23498520255088806 Evader Error:  0.23498521745204926
Episode:  1095 / 2500 Pursuer Error:  0.23494741320610046 Evader Error:  0.23494742810726166
Episode:  1096 / 2500 Pursuer Error:  0.2349095642566681 Evader Error:  0.23490957915782928
Episode:  1097 / 2500 Pursuer Error:  0.17622682452201843 Evader Error:  0.17622682452201843
Episode:  1098 / 2500 Pursuer Error:  0.17618462443351746 Evader Error:  0.17618462443351746
Episode:  1099 / 2500 Pursuer Error:  0.176143079996109 Evader Error:  0.176143079996109
Episode:  1100 / 2500 Pursuer Error:  0.1761016994714737 Evader Error:  0.1761016845703125
Episode:  1101 / 2500 Pursuer Error:  0.1760607808828354 Evader Error:  0.1760607808828354
Episode:  1102 / 2500 Pursuer Error:  0.13038209080696106 Evader Error:  0.13038207590579987
Episode:  1103 / 2500 Pursuer Error:  0.13035070896148682 Evader Error:  0.13035070896148682
Episode:  1104 / 2500 Pursuer Error:  0.1303192675113678 Evader Error:  0.1303192675113678
Episode:  1105 / 2500 Pursuer Error:  0.1302884817123413 Evader Error:  0.1302884817123413
Episode:  1106 / 2500 Pursuer Error:  0.1302577257156372 Evader Error:  0.1302577406167984
Episode:  1107 / 2500 Pursuer Error:  0.09512782096862793 Evader Error:  0.09512782096862793
Episode:  1108 / 2500 Pursuer Error:  0.09510669857263565 Evader Error:  0.09510669857263565
Episode:  1109 / 2500 Pursuer Error:  0.09508572518825531 Evader Error:  0.09508573263883591
Episode:  1110 / 2500 Pursuer Error:  0.0950649082660675 Evader Error:  0.0950649231672287
Episode:  1111 / 2500 Pursuer Error:  0.09504421055316925 Evader Error:  0.09504421800374985
Episode:  1112 / 2500 Pursuer Error:  0.06941311806440353 Evader Error:  0.06941312551498413
Episode:  1113 / 2500 Pursuer Error:  0.06939615309238434 Evader Error:  0.06939615309238434
Episode:  1114 / 2500 Pursuer Error:  0.06937924772500992 Evader Error:  0.06937924772500992
Episode:  1115 / 2500 Pursuer Error:  0.06936244666576385 Evader Error:  0.06936243921518326
Episode:  1116 / 2500 Pursuer Error:  0.06934572756290436 Evader Error:  0.06934572756290436
Episode:  1117 / 2500 Pursuer Error:  0.05138779804110527 Evader Error:  0.05138779431581497
Episode:  1118 / 2500 Pursuer Error:  0.051370058208703995 Evader Error:  0.051370054483413696
Episode:  1119 / 2500 Pursuer Error:  0.051352377980947495 Evader Error:  0.051352374255657196
Episode:  1120 / 2500 Pursuer Error:  0.0513346791267395 Evader Error:  0.0513346828520298
Episode:  1121 / 2500 Pursuer Error:  0.05131717026233673 Evader Error:  0.05131717026233673
Episode:  1122 / 2500 Pursuer Error:  0.03878778964281082 Evader Error:  0.03878778964281082
Episode:  1123 / 2500 Pursuer Error:  0.038771986961364746 Evader Error:  0.038771986961364746
Episode:  1124 / 2500 Pursuer Error:  0.038756534457206726 Evader Error:  0.038756534457206726
Episode:  1125 / 2500 Pursuer Error:  0.038740918040275574 Evader Error:  0.038740918040275574
Episode:  1126 / 2500 Pursuer Error:  0.0387246236205101 Evader Error:  0.0387246236205101
Episode:  1127 / 2500 Pursuer Error:  0.029417414218187332 Evader Error:  0.029417414218187332
Episode:  1128 / 2500 Pursuer Error:  0.02940242737531662 Evader Error:  0.02940242737531662
Episode:  1129 / 2500 Pursuer Error:  0.02938753366470337 Evader Error:  0.02938752993941307
Episode:  1130 / 2500 Pursuer Error:  0.029372811317443848 Evader Error:  0.029372811317443848
Episode:  1131 / 2500 Pursuer Error:  0.02935810759663582 Evader Error:  0.02935810759663582
Episode:  1132 / 2500 Pursuer Error:  0.022768612951040268 Evader Error:  0.022768612951040268
Episode:  1133 / 2500 Pursuer Error:  0.02275586687028408 Evader Error:  0.02275586687028408
Episode:  1134 / 2500 Pursuer Error:  0.022743189707398415 Evader Error:  0.022743189707398415
Episode:  1135 / 2500 Pursuer Error:  0.02273070067167282 Evader Error:  0.02273070067167282
Episode:  1136 / 2500 Pursuer Error:  0.02271823212504387 Evader Error:  0.02271823212504387
Episode:  1137 / 2500 Pursuer Error:  0.017882108688354492 Evader Error:  0.017882106825709343
Episode:  1138 / 2500 Pursuer Error:  0.01787124201655388 Evader Error:  0.01787124201655388
Episode:  1139 / 2500 Pursuer Error:  0.017860449850559235 Evader Error:  0.017860449850559235
Episode:  1140 / 2500 Pursuer Error:  0.01784975454211235 Evader Error:  0.01784975454211235
Episode:  1141 / 2500 Pursuer Error:  0.017839141190052032 Evader Error:  0.017839141190052032
Episode:  1142 / 2500 Pursuer Error:  0.014377925544977188 Evader Error:  0.014377925544977188
Episode:  1143 / 2500 Pursuer Error:  0.014369131065905094 Evader Error:  0.014369131997227669
Episode:  1144 / 2500 Pursuer Error:  0.0143603989854455 Evader Error:  0.0143603989854455
Episode:  1145 / 2500 Pursuer Error:  0.014351736754179 Evader Error:  0.014351736754179
Episode:  1146 / 2500 Pursuer Error:  0.014343125745654106 Evader Error:  0.014343125745654106
Evader Caught
Episode:  1147 / 2500 Pursuer Error:  0.011782284826040268 Evader Error:  0.011782284826040268
Episode:  1148 / 2500 Pursuer Error:  0.9413771033287048 Evader Error:  0.9413771033287048
Episode:  1149 / 2500 Pursuer Error:  0.9394122958183289 Evader Error:  0.9394122958183289
Episode:  1150 / 2500 Pursuer Error:  0.9374601244926453 Evader Error:  0.9374601244926453
Episode:  1151 / 2500 Pursuer Error:  0.9355206489562988 Evader Error:  0.9355206489562988
Episode:  1152 / 2500 Pursuer Error:  0.8596577048301697 Evader Error:  0.8596577048301697
Episode:  1153 / 2500 Pursuer Error:  0.8580994009971619 Evader Error:  0.8580994009971619
Episode:  1154 / 2500 Pursuer Error:  0.8565570712089539 Evader Error:  0.8565570712089539
Episode:  1155 / 2500 Pursuer Error:  0.8550310134887695 Evader Error:  0.8550310134887695
Episode:  1156 / 2500 Pursuer Error:  0.8535224199295044 Evader Error:  0.8535224199295044
Episode:  1157 / 2500 Pursuer Error:  0.7703344225883484 Evader Error:  0.7703344821929932
Episode:  1158 / 2500 Pursuer Error:  0.769037127494812 Evader Error:  0.7690371870994568
Episode:  1159 / 2500 Pursuer Error:  0.7681629061698914 Evader Error:  0.7681628465652466
Episode:  1160 / 2500 Pursuer Error:  0.7673991918563843 Evader Error:  0.7673991918563843
Episode:  1161 / 2500 Pursuer Error:  0.7667304873466492 Evader Error:  0.7667304873466492
Episode:  1162 / 2500 Pursuer Error:  0.6745175123214722 Evader Error:  0.6745175123214722
Episode:  1163 / 2500 Pursuer Error:  0.6740122437477112 Evader Error:  0.6740122437477112
Episode:  1164 / 2500 Pursuer Error:  0.6735417246818542 Evader Error:  0.6735417246818542
Episode:  1165 / 2500 Pursuer Error:  0.6730387210845947 Evader Error:  0.6730387210845947
Episode:  1166 / 2500 Pursuer Error:  0.6724900603294373 Evader Error:  0.6724900603294373
Episode:  1167 / 2500 Pursuer Error:  0.5775037407875061 Evader Error:  0.5775037407875061
Episode:  1168 / 2500 Pursuer Error:  0.5770385265350342 Evader Error:  0.5770385265350342
Episode:  1169 / 2500 Pursuer Error:  0.5766066312789917 Evader Error:  0.5766066312789917
Episode:  1170 / 2500 Pursuer Error:  0.5762050747871399 Evader Error:  0.5762050151824951
Episode:  1171 / 2500 Pursuer Error:  0.5758321285247803 Evader Error:  0.5758321285247803
Episode:  1172 / 2500 Pursuer Error:  0.48075541853904724 Evader Error:  0.48075541853904724
Episode:  1173 / 2500 Pursuer Error:  0.4803321957588196 Evader Error:  0.48033222556114197
Episode:  1174 / 2500 Pursuer Error:  0.47993290424346924 Evader Error:  0.47993290424346924
Episode:  1175 / 2500 Pursuer Error:  0.47955790162086487 Evader Error:  0.4795578718185425
Episode:  1176 / 2500 Pursuer Error:  0.4792008697986603 Evader Error:  0.47920089960098267
Episode:  1177 / 2500 Pursuer Error:  0.38635364174842834 Evader Error:  0.38635367155075073
Episode:  1178 / 2500 Pursuer Error:  0.38620784878730774 Evader Error:  0.38620781898498535
Episode:  1179 / 2500 Pursuer Error:  0.3860715329647064 Evader Error:  0.38607150316238403
Episode:  1180 / 2500 Pursuer Error:  0.38594090938568115 Evader Error:  0.38594087958335876
Episode:  1181 / 2500 Pursuer Error:  0.3863745331764221 Evader Error:  0.3863745629787445
Episode:  1182 / 2500 Pursuer Error:  0.3019593358039856 Evader Error:  0.3019593358039856
Episode:  1183 / 2500 Pursuer Error:  0.3018766939640045 Evader Error:  0.30187666416168213
Episode:  1184 / 2500 Pursuer Error:  0.30179503560066223 Evader Error:  0.3017950654029846
Episode:  1185 / 2500 Pursuer Error:  0.30171436071395874 Evader Error:  0.30171436071395874
Episode:  1186 / 2500 Pursuer Error:  0.3016340732574463 Evader Error:  0.3016340732574463
Episode:  1187 / 2500 Pursuer Error:  0.22940799593925476 Evader Error:  0.22940798103809357
Episode:  1188 / 2500 Pursuer Error:  0.22937950491905212 Evader Error:  0.22937947511672974
Episode:  1189 / 2500 Pursuer Error:  0.22934968769550323 Evader Error:  0.22934967279434204
Episode:  1190 / 2500 Pursuer Error:  0.22932037711143494 Evader Error:  0.22932037711143494
Episode:  1191 / 2500 Pursuer Error:  0.22934916615486145 Evader Error:  0.22934916615486145
Episode:  1192 / 2500 Pursuer Error:  0.16769982874393463 Evader Error:  0.16769984364509583
Episode:  1193 / 2500 Pursuer Error:  0.1672215610742569 Evader Error:  0.1672215461730957
Episode:  1194 / 2500 Pursuer Error:  0.16762003302574158 Evader Error:  0.16762003302574158
Episode:  1195 / 2500 Pursuer Error:  0.16621273756027222 Evader Error:  0.16621273756027222
Episode:  1196 / 2500 Pursuer Error:  0.16620220243930817 Evader Error:  0.16620220243930817
Episode:  1197 / 2500 Pursuer Error:  0.12178404629230499 Evader Error:  0.1217840388417244
Episode:  1198 / 2500 Pursuer Error:  0.12176553905010223 Evader Error:  0.12176553159952164
Episode:  1199 / 2500 Pursuer Error:  0.12174638360738754 Evader Error:  0.12174638360738754
Episode:  1200 / 2500 Pursuer Error:  0.12172676622867584 Evader Error:  0.12172676622867584
Episode:  1201 / 2500 Pursuer Error:  0.12113084644079208 Evader Error:  0.12113084644079208
Episode:  1202 / 2500 Pursuer Error:  0.08564021438360214 Evader Error:  0.08564022183418274
Episode:  1203 / 2500 Pursuer Error:  0.08562086522579193 Evader Error:  0.08562086522579193
Episode:  1204 / 2500 Pursuer Error:  0.08560151606798172 Evader Error:  0.08560150861740112
Episode:  1205 / 2500 Pursuer Error:  0.0855821892619133 Evader Error:  0.0855821818113327
Episode:  1206 / 2500 Pursuer Error:  0.08556292206048965 Evader Error:  0.08556292206048965
Episode:  1207 / 2500 Pursuer Error:  0.06454721838235855 Evader Error:  0.06454721838235855
Episode:  1208 / 2500 Pursuer Error:  0.0645228698849678 Evader Error:  0.0645228773355484
Episode:  1209 / 2500 Pursuer Error:  0.06449867784976959 Evader Error:  0.06449867784976959
Episode:  1210 / 2500 Pursuer Error:  0.0644746869802475 Evader Error:  0.0644746869802475
Episode:  1211 / 2500 Pursuer Error:  0.06445087492465973 Evader Error:  0.06445087492465973
Episode:  1212 / 2500 Pursuer Error:  0.05227933079004288 Evader Error:  0.05227933079004288
Episode:  1213 / 2500 Pursuer Error:  0.05219912528991699 Evader Error:  0.05219912528991699
Episode:  1214 / 2500 Pursuer Error:  0.05211959034204483 Evader Error:  0.05211959034204483
Episode:  1215 / 2500 Pursuer Error:  0.05204077437520027 Evader Error:  0.05204077437520027
Episode:  1216 / 2500 Pursuer Error:  0.051962580531835556 Evader Error:  0.051962580531835556
Episode:  1217 / 2500 Pursuer Error:  0.03595983609557152 Evader Error:  0.03595983609557152
Episode:  1218 / 2500 Pursuer Error:  0.03590424731373787 Evader Error:  0.03590424731373787
Episode:  1219 / 2500 Pursuer Error:  0.03584931045770645 Evader Error:  0.03584931045770645
Episode:  1220 / 2500 Pursuer Error:  0.03579501062631607 Evader Error:  0.03579501062631607
Episode:  1221 / 2500 Pursuer Error:  0.03574133664369583 Evader Error:  0.03574133664369583
Episode:  1222 / 2500 Pursuer Error:  0.03391924127936363 Evader Error:  0.03391924127936363
Episode:  1223 / 2500 Pursuer Error:  0.033834099769592285 Evader Error:  0.033834099769592285
Episode:  1224 / 2500 Pursuer Error:  0.03375014290213585 Evader Error:  0.03375014290213585
Episode:  1225 / 2500 Pursuer Error:  0.033666517585515976 Evader Error:  0.033666517585515976
Episode:  1226 / 2500 Pursuer Error:  0.03358373045921326 Evader Error:  0.03358373045921326
Episode:  1227 / 2500 Pursuer Error:  0.037086836993694305 Evader Error:  0.037086836993694305
Episode:  1228 / 2500 Pursuer Error:  0.03694726899266243 Evader Error:  0.03694726899266243
Episode:  1229 / 2500 Pursuer Error:  0.022641021758317947 Evader Error:  0.022641021758317947
Episode:  1230 / 2500 Pursuer Error:  0.022593948990106583 Evader Error:  0.022593948990106583
Episode:  1231 / 2500 Pursuer Error:  0.03682265803217888 Evader Error:  0.03682265803217888
Episode:  1232 / 2500 Pursuer Error:  0.019590795040130615 Evader Error:  0.019590795040130615
Episode:  1233 / 2500 Pursuer Error:  0.019560866057872772 Evader Error:  0.019560866057872772
Episode:  1234 / 2500 Pursuer Error:  0.019531236961483955 Evader Error:  0.019531236961483955
Episode:  1235 / 2500 Pursuer Error:  0.019501905888319016 Evader Error:  0.019501905888319016
Episode:  1236 / 2500 Pursuer Error:  0.019472867250442505 Evader Error:  0.019472867250442505
Episode:  1237 / 2500 Pursuer Error:  0.029207473620772362 Evader Error:  0.029207473620772362
Episode:  1238 / 2500 Pursuer Error:  0.01616162620484829 Evader Error:  0.01616162806749344
Episode:  1239 / 2500 Pursuer Error:  0.016176102682948112 Evader Error:  0.016176102682948112
Episode:  1240 / 2500 Pursuer Error:  0.02908920682966709 Evader Error:  0.02908920682966709
Episode:  1241 / 2500 Pursuer Error:  0.015876980498433113 Evader Error:  0.015876980498433113
Episode:  1242 / 2500 Pursuer Error:  0.012609236873686314 Evader Error:  0.012609235942363739
Episode:  1243 / 2500 Pursuer Error:  0.01261025108397007 Evader Error:  0.012610252015292645
Episode:  1244 / 2500 Pursuer Error:  0.012611237354576588 Evader Error:  0.012611237354576588
Episode:  1245 / 2500 Pursuer Error:  0.012612100690603256 Evader Error:  0.012612098827958107
Episode:  1246 / 2500 Pursuer Error:  0.012613177299499512 Evader Error:  0.012613177299499512
Evader Caught
Episode:  1247 / 2500 Pursuer Error:  0.010605567134916782 Evader Error:  0.010605566203594208
Episode:  1248 / 2500 Pursuer Error:  0.347433477640152 Evader Error:  0.347433477640152
Episode:  1249 / 2500 Pursuer Error:  0.347137987613678 Evader Error:  0.347137987613678
Episode:  1250 / 2500 Pursuer Error:  0.34684526920318604 Evader Error:  0.34684526920318604
Episode:  1251 / 2500 Pursuer Error:  0.34655556082725525 Evader Error:  0.34655556082725525
Episode:  1252 / 2500 Pursuer Error:  0.30715009570121765 Evader Error:  0.30715009570121765
Episode:  1253 / 2500 Pursuer Error:  0.30686044692993164 Evader Error:  0.30686044692993164
Episode:  1254 / 2500 Pursuer Error:  0.30657488107681274 Evader Error:  0.30657488107681274
Episode:  1255 / 2500 Pursuer Error:  0.3062900900840759 Evader Error:  0.3062900900840759
Episode:  1256 / 2500 Pursuer Error:  0.305909663438797 Evader Error:  0.305909663438797
Episode:  1257 / 2500 Pursuer Error:  0.25806960463523865 Evader Error:  0.25806960463523865
Episode:  1258 / 2500 Pursuer Error:  0.2581259310245514 Evader Error:  0.2581259310245514
Episode:  1259 / 2500 Pursuer Error:  0.2581687271595001 Evader Error:  0.2581687271595001
Episode:  1260 / 2500 Pursuer Error:  0.2580334544181824 Evader Error:  0.2580334544181824
Episode:  1261 / 2500 Pursuer Error:  0.25789153575897217 Evader Error:  0.25789153575897217
Episode:  1262 / 2500 Pursuer Error:  0.21432633697986603 Evader Error:  0.21432633697986603
Episode:  1263 / 2500 Pursuer Error:  0.21419616043567657 Evader Error:  0.21419616043567657
Episode:  1264 / 2500 Pursuer Error:  0.214066743850708 Evader Error:  0.214066743850708
Episode:  1265 / 2500 Pursuer Error:  0.21394002437591553 Evader Error:  0.21394002437591553
Episode:  1266 / 2500 Pursuer Error:  0.21381555497646332 Evader Error:  0.21381555497646332
Episode:  1267 / 2500 Pursuer Error:  0.17446495592594147 Evader Error:  0.17446495592594147
Episode:  1268 / 2500 Pursuer Error:  0.17441804707050323 Evader Error:  0.17441803216934204
Episode:  1269 / 2500 Pursuer Error:  0.1743723601102829 Evader Error:  0.1743723750114441
Episode:  1270 / 2500 Pursuer Error:  0.17432788014411926 Evader Error:  0.17432786524295807
Episode:  1271 / 2500 Pursuer Error:  0.17428889870643616 Evader Error:  0.17428889870643616
Episode:  1272 / 2500 Pursuer Error:  0.1366657018661499 Evader Error:  0.1366657018661499
Episode:  1273 / 2500 Pursuer Error:  0.136627197265625 Evader Error:  0.136627197265625
Episode:  1274 / 2500 Pursuer Error:  0.1365891546010971 Evader Error:  0.1365891695022583
Episode:  1275 / 2500 Pursuer Error:  0.13655146956443787 Evader Error:  0.13655146956443787
Episode:  1276 / 2500 Pursuer Error:  0.13651421666145325 Evader Error:  0.13651423156261444
Episode:  1277 / 2500 Pursuer Error:  0.10239973664283752 Evader Error:  0.10239973664283752
Episode:  1278 / 2500 Pursuer Error:  0.10238054394721985 Evader Error:  0.10238054394721985
Episode:  1279 / 2500 Pursuer Error:  0.10236119478940964 Evader Error:  0.10236118733882904
Episode:  1280 / 2500 Pursuer Error:  0.10234413295984268 Evader Error:  0.10234412550926208
Episode:  1281 / 2500 Pursuer Error:  0.10232719033956528 Evader Error:  0.10232719779014587
Episode:  1282 / 2500 Pursuer Error:  0.07524584978818893 Evader Error:  0.07524584978818893
Episode:  1283 / 2500 Pursuer Error:  0.07522310316562653 Evader Error:  0.07522310316562653
Episode:  1284 / 2500 Pursuer Error:  0.07520041614770889 Evader Error:  0.07520041614770889
Episode:  1285 / 2500 Pursuer Error:  0.0751778706908226 Evader Error:  0.0751778781414032
Episode:  1286 / 2500 Pursuer Error:  0.07515545934438705 Evader Error:  0.07515545934438705
Episode:  1287 / 2500 Pursuer Error:  0.05437466502189636 Evader Error:  0.05437466502189636
Episode:  1288 / 2500 Pursuer Error:  0.0543573834002018 Evader Error:  0.054357387125492096
Episode:  1289 / 2500 Pursuer Error:  0.054340213537216187 Evader Error:  0.054340213537216187
Episode:  1290 / 2500 Pursuer Error:  0.05432315170764923 Evader Error:  0.05432315170764923
Episode:  1291 / 2500 Pursuer Error:  0.05430616810917854 Evader Error:  0.054306164383888245
Episode:  1292 / 2500 Pursuer Error:  0.03880264610052109 Evader Error:  0.038802649825811386
Episode:  1293 / 2500 Pursuer Error:  0.03879135102033615 Evader Error:  0.03879135102033615
Episode:  1294 / 2500 Pursuer Error:  0.03878010809421539 Evader Error:  0.03878010809421539
Episode:  1295 / 2500 Pursuer Error:  0.038768962025642395 Evader Error:  0.038768962025642395
Episode:  1296 / 2500 Pursuer Error:  0.03875791281461716 Evader Error:  0.038757916539907455
Episode:  1297 / 2500 Pursuer Error:  0.02742091752588749 Evader Error:  0.02742091566324234
Episode:  1298 / 2500 Pursuer Error:  0.02741355448961258 Evader Error:  0.02741355635225773
Episode:  1299 / 2500 Pursuer Error:  0.027406316250562668 Evader Error:  0.027406316250562668
Episode:  1300 / 2500 Pursuer Error:  0.027399126440286636 Evader Error:  0.027399126440286636
Episode:  1301 / 2500 Pursuer Error:  0.027391966432332993 Evader Error:  0.027391966432332993
Episode:  1302 / 2500 Pursuer Error:  0.019590813666582108 Evader Error:  0.019590813666582108
Episode:  1303 / 2500 Pursuer Error:  0.019588347524404526 Evader Error:  0.019588347524404526
Episode:  1304 / 2500 Pursuer Error:  0.01958588883280754 Evader Error:  0.01958588883280754
Episode:  1305 / 2500 Pursuer Error:  0.019583553075790405 Evader Error:  0.019583551213145256
Episode:  1306 / 2500 Pursuer Error:  0.019581178203225136 Evader Error:  0.019581178203225136
Evader Caught
Episode:  1307 / 2500 Pursuer Error:  0.014408609829843044 Evader Error:  0.01440860889852047
Episode:  1308 / 2500 Pursuer Error:  3.7663044929504395 Evader Error:  3.7663044929504395
Episode:  1309 / 2500 Pursuer Error:  3.7631337642669678 Evader Error:  3.7631337642669678
Episode:  1310 / 2500 Pursuer Error:  3.7567672729492188 Evader Error:  3.7567672729492188
Episode:  1311 / 2500 Pursuer Error:  3.755103349685669 Evader Error:  3.755103349685669
Episode:  1312 / 2500 Pursuer Error:  3.6054608821868896 Evader Error:  3.6054608821868896
Episode:  1313 / 2500 Pursuer Error:  3.5864055156707764 Evader Error:  3.5864055156707764
Episode:  1314 / 2500 Pursuer Error:  3.569352388381958 Evader Error:  3.569352388381958
Episode:  1315 / 2500 Pursuer Error:  3.554063558578491 Evader Error:  3.554063558578491
Episode:  1316 / 2500 Pursuer Error:  3.5393669605255127 Evader Error:  3.5393669605255127
Episode:  1317 / 2500 Pursuer Error:  3.2522225379943848 Evader Error:  3.2522225379943848
Episode:  1318 / 2500 Pursuer Error:  3.2324066162109375 Evader Error:  3.2324066162109375
Episode:  1319 / 2500 Pursuer Error:  3.238604784011841 Evader Error:  3.238604784011841
Episode:  1320 / 2500 Pursuer Error:  3.2284305095672607 Evader Error:  3.2284305095672607
Episode:  1321 / 2500 Pursuer Error:  3.211998701095581 Evader Error:  3.21199893951416
Episode:  1322 / 2500 Pursuer Error:  2.9014298915863037 Evader Error:  2.9014298915863037
Episode:  1323 / 2500 Pursuer Error:  2.8981525897979736 Evader Error:  2.8981528282165527
Episode:  1324 / 2500 Pursuer Error:  2.8926596641540527 Evader Error:  2.8926596641540527
Episode:  1325 / 2500 Pursuer Error:  2.890186309814453 Evader Error:  2.890186309814453
Episode:  1326 / 2500 Pursuer Error:  2.887871265411377 Evader Error:  2.887871265411377
Episode:  1327 / 2500 Pursuer Error:  2.5554301738739014 Evader Error:  2.5554301738739014
Episode:  1328 / 2500 Pursuer Error:  2.560396194458008 Evader Error:  2.560396194458008
Episode:  1329 / 2500 Pursuer Error:  2.5515432357788086 Evader Error:  2.5515432357788086
Episode:  1330 / 2500 Pursuer Error:  2.555912494659424 Evader Error:  2.555912494659424
Episode:  1331 / 2500 Pursuer Error:  2.5537846088409424 Evader Error:  2.5537846088409424
Episode:  1332 / 2500 Pursuer Error:  2.236908435821533 Evader Error:  2.236908435821533
Episode:  1333 / 2500 Pursuer Error:  2.2374112606048584 Evader Error:  2.2374112606048584
Episode:  1334 / 2500 Pursuer Error:  2.2326853275299072 Evader Error:  2.2326853275299072
Episode:  1335 / 2500 Pursuer Error:  2.232978582382202 Evader Error:  2.232978582382202
Episode:  1336 / 2500 Pursuer Error:  2.232481002807617 Evader Error:  2.232480764389038
Episode:  1337 / 2500 Pursuer Error:  1.9360954761505127 Evader Error:  1.9360954761505127
Episode:  1338 / 2500 Pursuer Error:  1.9332355260849 Evader Error:  1.9332355260849
Episode:  1339 / 2500 Pursuer Error:  1.931721568107605 Evader Error:  1.931721568107605
Episode:  1340 / 2500 Pursuer Error:  1.9291709661483765 Evader Error:  1.9291709661483765
Episode:  1341 / 2500 Pursuer Error:  1.9265773296356201 Evader Error:  1.9265773296356201
Episode:  1342 / 2500 Pursuer Error:  1.6355780363082886 Evader Error:  1.6355780363082886
Episode:  1343 / 2500 Pursuer Error:  1.6343673467636108 Evader Error:  1.6343673467636108
Episode:  1344 / 2500 Pursuer Error:  1.633194923400879 Evader Error:  1.633194923400879
Episode:  1345 / 2500 Pursuer Error:  1.6321384906768799 Evader Error:  1.6321384906768799
Episode:  1346 / 2500 Pursuer Error:  1.6308094263076782 Evader Error:  1.6308094263076782
Episode:  1347 / 2500 Pursuer Error:  1.3658266067504883 Evader Error:  1.3658266067504883
Episode:  1348 / 2500 Pursuer Error:  1.3643627166748047 Evader Error:  1.3643627166748047
Episode:  1349 / 2500 Pursuer Error:  1.3633590936660767 Evader Error:  1.3633590936660767
Episode:  1350 / 2500 Pursuer Error:  1.3629258871078491 Evader Error:  1.3629258871078491
Episode:  1351 / 2500 Pursuer Error:  1.3630045652389526 Evader Error:  1.3630045652389526
Episode:  1352 / 2500 Pursuer Error:  1.102142333984375 Evader Error:  1.102142333984375
Episode:  1353 / 2500 Pursuer Error:  1.1018213033676147 Evader Error:  1.1018213033676147
Episode:  1354 / 2500 Pursuer Error:  1.1014305353164673 Evader Error:  1.1014305353164673
Episode:  1355 / 2500 Pursuer Error:  1.1015815734863281 Evader Error:  1.1015815734863281
Episode:  1356 / 2500 Pursuer Error:  1.1007143259048462 Evader Error:  1.1007143259048462
Episode:  1357 / 2500 Pursuer Error:  0.8681015372276306 Evader Error:  0.8681015372276306
Episode:  1358 / 2500 Pursuer Error:  0.8674882054328918 Evader Error:  0.8674882054328918
Episode:  1359 / 2500 Pursuer Error:  0.8669037818908691 Evader Error:  0.8669037818908691
Episode:  1360 / 2500 Pursuer Error:  0.8663421869277954 Evader Error:  0.8663421869277954
Episode:  1361 / 2500 Pursuer Error:  0.8657412528991699 Evader Error:  0.8657412528991699
Episode:  1362 / 2500 Pursuer Error:  0.6608132719993591 Evader Error:  0.6608132719993591
Episode:  1363 / 2500 Pursuer Error:  0.660370945930481 Evader Error:  0.660370945930481
Episode:  1364 / 2500 Pursuer Error:  0.659920871257782 Evader Error:  0.659920871257782
Episode:  1365 / 2500 Pursuer Error:  0.6594186425209045 Evader Error:  0.6594186425209045
Episode:  1366 / 2500 Pursuer Error:  0.6589348316192627 Evader Error:  0.6589348316192627
Episode:  1367 / 2500 Pursuer Error:  0.4806392192840576 Evader Error:  0.4806392192840576
Episode:  1368 / 2500 Pursuer Error:  0.4805675148963928 Evader Error:  0.4805675148963928
Episode:  1369 / 2500 Pursuer Error:  0.48049718141555786 Evader Error:  0.48049718141555786
Episode:  1370 / 2500 Pursuer Error:  0.480425089597702 Evader Error:  0.480425089597702
Episode:  1371 / 2500 Pursuer Error:  0.4803134500980377 Evader Error:  0.4803134500980377
Episode:  1372 / 2500 Pursuer Error:  0.34657713770866394 Evader Error:  0.34657713770866394
Episode:  1373 / 2500 Pursuer Error:  0.3464619815349579 Evader Error:  0.3464619815349579
Episode:  1374 / 2500 Pursuer Error:  0.34634989500045776 Evader Error:  0.34634989500045776
Episode:  1375 / 2500 Pursuer Error:  0.3462400734424591 Evader Error:  0.3462400734424591
Episode:  1376 / 2500 Pursuer Error:  0.34613436460494995 Evader Error:  0.34613436460494995
Episode:  1377 / 2500 Pursuer Error:  0.24868342280387878 Evader Error:  0.24868342280387878
Episode:  1378 / 2500 Pursuer Error:  0.24865932762622833 Evader Error:  0.24865934252738953
Episode:  1379 / 2500 Pursuer Error:  0.2486354112625122 Evader Error:  0.248635396361351
Episode:  1380 / 2500 Pursuer Error:  0.24861177802085876 Evader Error:  0.24861177802085876
Episode:  1381 / 2500 Pursuer Error:  0.2485884130001068 Evader Error:  0.2485884130001068
Episode:  1382 / 2500 Pursuer Error:  0.1752914935350418 Evader Error:  0.17529147863388062
Episode:  1383 / 2500 Pursuer Error:  0.17525850236415863 Evader Error:  0.17525850236415863
Episode:  1384 / 2500 Pursuer Error:  0.17522555589675903 Evader Error:  0.17522554099559784
Episode:  1385 / 2500 Pursuer Error:  0.1751927137374878 Evader Error:  0.1751927137374878
Episode:  1386 / 2500 Pursuer Error:  0.17516013979911804 Evader Error:  0.17516013979911804
Episode:  1387 / 2500 Pursuer Error:  0.11967641115188599 Evader Error:  0.11967640370130539
Episode:  1388 / 2500 Pursuer Error:  0.11966440081596375 Evader Error:  0.11966439336538315
Episode:  1389 / 2500 Pursuer Error:  0.1196521520614624 Evader Error:  0.119652159512043
Episode:  1390 / 2500 Pursuer Error:  0.11964049935340881 Evader Error:  0.11964049935340881
Episode:  1391 / 2500 Pursuer Error:  0.11962888389825821 Evader Error:  0.11962888389825821
Episode:  1392 / 2500 Pursuer Error:  0.07908421009778976 Evader Error:  0.07908421754837036
Episode:  1393 / 2500 Pursuer Error:  0.07907339930534363 Evader Error:  0.07907339930534363
Episode:  1394 / 2500 Pursuer Error:  0.07906219363212585 Evader Error:  0.07906219363212585
Episode:  1395 / 2500 Pursuer Error:  0.07905200123786926 Evader Error:  0.07905200123786926
Episode:  1396 / 2500 Pursuer Error:  0.07904160022735596 Evader Error:  0.07904160022735596
Episode:  1397 / 2500 Pursuer Error:  0.05110854655504227 Evader Error:  0.05110854655504227
Episode:  1398 / 2500 Pursuer Error:  0.05108797550201416 Evader Error:  0.05108798295259476
Episode:  1399 / 2500 Pursuer Error:  0.051067937165498734 Evader Error:  0.051067933440208435
Episode:  1400 / 2500 Pursuer Error:  0.051047779619693756 Evader Error:  0.051047779619693756
Episode:  1401 / 2500 Pursuer Error:  0.051027920097112656 Evader Error:  0.05102791637182236
Episode:  1402 / 2500 Pursuer Error:  0.03302198648452759 Evader Error:  0.03302198648452759
Episode:  1403 / 2500 Pursuer Error:  0.03299017250537872 Evader Error:  0.03299017250537872
Episode:  1404 / 2500 Pursuer Error:  0.03295866772532463 Evader Error:  0.03295866772532463
Episode:  1405 / 2500 Pursuer Error:  0.032927416265010834 Evader Error:  0.032927416265010834
Episode:  1406 / 2500 Pursuer Error:  0.03289647027850151 Evader Error:  0.03289646655321121
Evader Caught
Episode:  1407 / 2500 Pursuer Error:  0.021639231592416763 Evader Error:  0.021639231592416763
Episode:  1408 / 2500 Pursuer Error:  0.8641796112060547 Evader Error:  0.8641796112060547
Episode:  1409 / 2500 Pursuer Error:  0.8633090853691101 Evader Error:  0.8633090853691101
Episode:  1410 / 2500 Pursuer Error:  0.862443745136261 Evader Error:  0.862443745136261
Episode:  1411 / 2500 Pursuer Error:  0.861585259437561 Evader Error:  0.861585259437561
Episode:  1412 / 2500 Pursuer Error:  0.806038498878479 Evader Error:  0.806038498878479
Episode:  1413 / 2500 Pursuer Error:  0.8052591681480408 Evader Error:  0.8052591681480408
Episode:  1414 / 2500 Pursuer Error:  0.8043319582939148 Evader Error:  0.8043319582939148
Episode:  1415 / 2500 Pursuer Error:  0.8033804893493652 Evader Error:  0.8033804893493652
Episode:  1416 / 2500 Pursuer Error:  0.8024369478225708 Evader Error:  0.8024369478225708
Episode:  1417 / 2500 Pursuer Error:  0.7019888162612915 Evader Error:  0.7019888162612915
Episode:  1418 / 2500 Pursuer Error:  0.7003411650657654 Evader Error:  0.7003411650657654
Episode:  1419 / 2500 Pursuer Error:  0.6983194947242737 Evader Error:  0.6983195543289185
Episode:  1420 / 2500 Pursuer Error:  0.6985744833946228 Evader Error:  0.6985744833946228
Episode:  1421 / 2500 Pursuer Error:  0.6966294050216675 Evader Error:  0.6966294050216675
Episode:  1422 / 2500 Pursuer Error:  0.6117326617240906 Evader Error:  0.6117326617240906
Episode:  1423 / 2500 Pursuer Error:  0.6114150285720825 Evader Error:  0.6114150285720825
Episode:  1424 / 2500 Pursuer Error:  0.6110987067222595 Evader Error:  0.6110987067222595
Episode:  1425 / 2500 Pursuer Error:  0.6094754338264465 Evader Error:  0.6094754338264465
Episode:  1426 / 2500 Pursuer Error:  0.6107776165008545 Evader Error:  0.6107776165008545
Episode:  1427 / 2500 Pursuer Error:  0.5120091438293457 Evader Error:  0.5120091438293457
Episode:  1428 / 2500 Pursuer Error:  0.5118458867073059 Evader Error:  0.5118458867073059
Episode:  1429 / 2500 Pursuer Error:  0.5116816163063049 Evader Error:  0.5116816163063049
Episode:  1430 / 2500 Pursuer Error:  0.511513888835907 Evader Error:  0.5115138292312622
Episode:  1431 / 2500 Pursuer Error:  0.5113447904586792 Evader Error:  0.5113447904586792
Episode:  1432 / 2500 Pursuer Error:  0.42313364148139954 Evader Error:  0.42313364148139954
Episode:  1433 / 2500 Pursuer Error:  0.4229610562324524 Evader Error:  0.4229610562324524
Episode:  1434 / 2500 Pursuer Error:  0.422791063785553 Evader Error:  0.422791063785553
Episode:  1435 / 2500 Pursuer Error:  0.42262256145477295 Evader Error:  0.42262256145477295
Episode:  1436 / 2500 Pursuer Error:  0.4224560260772705 Evader Error:  0.4224560260772705
Episode:  1437 / 2500 Pursuer Error:  0.3432861864566803 Evader Error:  0.3432862162590027
Episode:  1438 / 2500 Pursuer Error:  0.3431957960128784 Evader Error:  0.3431957960128784
Episode:  1439 / 2500 Pursuer Error:  0.3431059718132019 Evader Error:  0.3431059718132019
Episode:  1440 / 2500 Pursuer Error:  0.34301644563674927 Evader Error:  0.34301644563674927
Episode:  1441 / 2500 Pursuer Error:  0.3429276943206787 Evader Error:  0.3429276943206787
Episode:  1442 / 2500 Pursuer Error:  0.2712417244911194 Evader Error:  0.2712417244911194
Episode:  1443 / 2500 Pursuer Error:  0.2712309658527374 Evader Error:  0.2712309658527374
Episode:  1444 / 2500 Pursuer Error:  0.27121978998184204 Evader Error:  0.27121978998184204
Episode:  1445 / 2500 Pursuer Error:  0.2712075710296631 Evader Error:  0.2712075710296631
Episode:  1446 / 2500 Pursuer Error:  0.2711954712867737 Evader Error:  0.2711954712867737
Episode:  1447 / 2500 Pursuer Error:  0.21279917657375336 Evader Error:  0.21279917657375336
Episode:  1448 / 2500 Pursuer Error:  0.21265845000743866 Evader Error:  0.21265845000743866
Episode:  1449 / 2500 Pursuer Error:  0.212516650557518 Evader Error:  0.212516650557518
Episode:  1450 / 2500 Pursuer Error:  0.21237154304981232 Evader Error:  0.21237154304981232
Episode:  1451 / 2500 Pursuer Error:  0.21222856640815735 Evader Error:  0.21222856640815735
Episode:  1452 / 2500 Pursuer Error:  0.15160207450389862 Evader Error:  0.15160207450389862
Episode:  1453 / 2500 Pursuer Error:  0.15141578018665314 Evader Error:  0.15141578018665314
Episode:  1454 / 2500 Pursuer Error:  0.15123340487480164 Evader Error:  0.15123340487480164
Episode:  1455 / 2500 Pursuer Error:  0.15105478465557098 Evader Error:  0.15105478465557098
Episode:  1456 / 2500 Pursuer Error:  0.15006889402866364 Evader Error:  0.15006889402866364
Episode:  1457 / 2500 Pursuer Error:  0.1041538342833519 Evader Error:  0.1041538342833519
Episode:  1458 / 2500 Pursuer Error:  0.10400893539190292 Evader Error:  0.10400893539190292
Episode:  1459 / 2500 Pursuer Error:  0.10386637598276138 Evader Error:  0.10386637598276138
Episode:  1460 / 2500 Pursuer Error:  0.10371587425470352 Evader Error:  0.10371587425470352
Episode:  1461 / 2500 Pursuer Error:  0.10356791317462921 Evader Error:  0.10356791317462921
Episode:  1462 / 2500 Pursuer Error:  0.07098781317472458 Evader Error:  0.07098781317472458
Episode:  1463 / 2500 Pursuer Error:  0.07086143642663956 Evader Error:  0.07086143642663956
Episode:  1464 / 2500 Pursuer Error:  0.07073677331209183 Evader Error:  0.07073677331209183
Episode:  1465 / 2500 Pursuer Error:  0.07067286223173141 Evader Error:  0.07067286223173141
Episode:  1466 / 2500 Pursuer Error:  0.07059510797262192 Evader Error:  0.07059510797262192
Episode:  1467 / 2500 Pursuer Error:  0.05075206235051155 Evader Error:  0.05075206235051155
Episode:  1468 / 2500 Pursuer Error:  0.05065753683447838 Evader Error:  0.05065753683447838
Episode:  1469 / 2500 Pursuer Error:  0.05056413635611534 Evader Error:  0.05056413635611534
Episode:  1470 / 2500 Pursuer Error:  0.05047187954187393 Evader Error:  0.05047187954187393
Episode:  1471 / 2500 Pursuer Error:  0.050383616238832474 Evader Error:  0.050383616238832474
Episode:  1472 / 2500 Pursuer Error:  0.035709068179130554 Evader Error:  0.035709068179130554
Episode:  1473 / 2500 Pursuer Error:  0.03568334877490997 Evader Error:  0.03568334877490997
Episode:  1474 / 2500 Pursuer Error:  0.03565800189971924 Evader Error:  0.03565800562500954
Episode:  1475 / 2500 Pursuer Error:  0.03563309088349342 Evader Error:  0.03563309460878372
Episode:  1476 / 2500 Pursuer Error:  0.035608552396297455 Evader Error:  0.035608552396297455
Episode:  1477 / 2500 Pursuer Error:  0.026836449280381203 Evader Error:  0.026836449280381203
Episode:  1478 / 2500 Pursuer Error:  0.026829231530427933 Evader Error:  0.02682923525571823
Episode:  1479 / 2500 Pursuer Error:  0.02682197466492653 Evader Error:  0.02682197280228138
Episode:  1480 / 2500 Pursuer Error:  0.026814667508006096 Evader Error:  0.026814667508006096
Episode:  1481 / 2500 Pursuer Error:  0.02680719643831253 Evader Error:  0.02680719457566738
Episode:  1482 / 2500 Pursuer Error:  0.020778236910700798 Evader Error:  0.020778238773345947
Episode:  1483 / 2500 Pursuer Error:  0.020765263587236404 Evader Error:  0.020765259861946106
Episode:  1484 / 2500 Pursuer Error:  0.020752448588609695 Evader Error:  0.020752444863319397
Episode:  1485 / 2500 Pursuer Error:  0.02073979191482067 Evader Error:  0.02073979377746582
Episode:  1486 / 2500 Pursuer Error:  0.020727278664708138 Evader Error:  0.020727278664708138
Episode:  1487 / 2500 Pursuer Error:  0.01655513420701027 Evader Error:  0.01655513420701027
Episode:  1488 / 2500 Pursuer Error:  0.016539188101887703 Evader Error:  0.016539188101887703
Episode:  1489 / 2500 Pursuer Error:  0.01652338355779648 Evader Error:  0.01652338355779648
Episode:  1490 / 2500 Pursuer Error:  0.01650765724480152 Evader Error:  0.01650765724480152
Episode:  1491 / 2500 Pursuer Error:  0.016492044553160667 Evader Error:  0.016492042690515518
Evader Caught
Episode:  1492 / 2500 Pursuer Error:  0.01353460829705 Evader Error:  0.013534607365727425
Episode:  1493 / 2500 Pursuer Error:  0.8636507391929626 Evader Error:  0.8636507391929626
Episode:  1494 / 2500 Pursuer Error:  0.8629044890403748 Evader Error:  0.8629044890403748
Episode:  1495 / 2500 Pursuer Error:  0.8617197275161743 Evader Error:  0.8617197275161743
Episode:  1496 / 2500 Pursuer Error:  0.8607341051101685 Evader Error:  0.8607341051101685
Episode:  1497 / 2500 Pursuer Error:  0.7713337540626526 Evader Error:  0.7713337540626526
Episode:  1498 / 2500 Pursuer Error:  0.7710095047950745 Evader Error:  0.7710095643997192
Episode:  1499 / 2500 Pursuer Error:  0.7705777287483215 Evader Error:  0.7705776691436768
Episode:  1500 / 2500 Pursuer Error:  0.7700198888778687 Evader Error:  0.7700198888778687
Episode:  1501 / 2500 Pursuer Error:  0.7693697214126587 Evader Error:  0.7693697810173035
Episode:  1502 / 2500 Pursuer Error:  0.6827527284622192 Evader Error:  0.6827527284622192
Episode:  1503 / 2500 Pursuer Error:  0.6796026825904846 Evader Error:  0.6796026825904846
Episode:  1504 / 2500 Pursuer Error:  0.681720495223999 Evader Error:  0.681720495223999
Episode:  1505 / 2500 Pursuer Error:  0.6772360801696777 Evader Error:  0.6772360801696777
Episode:  1506 / 2500 Pursuer Error:  0.6807697415351868 Evader Error:  0.6807698011398315
Episode:  1507 / 2500 Pursuer Error:  0.5822991728782654 Evader Error:  0.5822991728782654
Episode:  1508 / 2500 Pursuer Error:  0.5810798406600952 Evader Error:  0.5810798406600952
Episode:  1509 / 2500 Pursuer Error:  0.5798801183700562 Evader Error:  0.5798801183700562
Episode:  1510 / 2500 Pursuer Error:  0.57869952917099 Evader Error:  0.57869952917099
Episode:  1511 / 2500 Pursuer Error:  0.5729346871376038 Evader Error:  0.5729346871376038
Episode:  1512 / 2500 Pursuer Error:  0.49197065830230713 Evader Error:  0.4919706881046295
Episode:  1513 / 2500 Pursuer Error:  0.491757333278656 Evader Error:  0.491757333278656
Episode:  1514 / 2500 Pursuer Error:  0.4915485382080078 Evader Error:  0.4915485382080078
Episode:  1515 / 2500 Pursuer Error:  0.49134403467178345 Evader Error:  0.49134403467178345
Episode:  1516 / 2500 Pursuer Error:  0.4894769787788391 Evader Error:  0.4894769787788391
Episode:  1517 / 2500 Pursuer Error:  0.40961164236068726 Evader Error:  0.40961164236068726
Episode:  1518 / 2500 Pursuer Error:  0.40946197509765625 Evader Error:  0.40946200489997864
Episode:  1519 / 2500 Pursuer Error:  0.4093132019042969 Evader Error:  0.4093132019042969
Episode:  1520 / 2500 Pursuer Error:  0.40916284918785095 Evader Error:  0.40916287899017334
Episode:  1521 / 2500 Pursuer Error:  0.4090029001235962 Evader Error:  0.4090028405189514
Episode:  1522 / 2500 Pursuer Error:  0.32871344685554504 Evader Error:  0.32871347665786743
Episode:  1523 / 2500 Pursuer Error:  0.3285517692565918 Evader Error:  0.3285517692565918
Episode:  1524 / 2500 Pursuer Error:  0.32839375734329224 Evader Error:  0.32839372754096985
Episode:  1525 / 2500 Pursuer Error:  0.3282386362552643 Evader Error:  0.32823866605758667
Episode:  1526 / 2500 Pursuer Error:  0.32808640599250793 Evader Error:  0.32808637619018555
Episode:  1527 / 2500 Pursuer Error:  0.25816234946250916 Evader Error:  0.25816234946250916
Episode:  1528 / 2500 Pursuer Error:  0.2579095959663391 Evader Error:  0.2579095959663391
Episode:  1529 / 2500 Pursuer Error:  0.2576632499694824 Evader Error:  0.2576632499694824
Episode:  1530 / 2500 Pursuer Error:  0.2574223577976227 Evader Error:  0.2574223577976227
Episode:  1531 / 2500 Pursuer Error:  0.25718703866004944 Evader Error:  0.25718703866004944
Episode:  1532 / 2500 Pursuer Error:  0.19637493789196014 Evader Error:  0.19637492299079895
Episode:  1533 / 2500 Pursuer Error:  0.196236252784729 Evader Error:  0.1962362378835678
Episode:  1534 / 2500 Pursuer Error:  0.1961023509502411 Evader Error:  0.1961023509502411
Episode:  1535 / 2500 Pursuer Error:  0.19597095251083374 Evader Error:  0.19597095251083374
Episode:  1536 / 2500 Pursuer Error:  0.19584280252456665 Evader Error:  0.19584280252456665
Episode:  1537 / 2500 Pursuer Error:  0.14532500505447388 Evader Error:  0.14532500505447388
Episode:  1538 / 2500 Pursuer Error:  0.1450580209493637 Evader Error:  0.1450580209493637
Episode:  1539 / 2500 Pursuer Error:  0.14479796588420868 Evader Error:  0.14479796588420868
Episode:  1540 / 2500 Pursuer Error:  0.14454388618469238 Evader Error:  0.14454388618469238
Episode:  1541 / 2500 Pursuer Error:  0.1442958563566208 Evader Error:  0.1442958563566208
Episode:  1542 / 2500 Pursuer Error:  0.1037001758813858 Evader Error:  0.1037001758813858
Episode:  1543 / 2500 Pursuer Error:  0.10358179360628128 Evader Error:  0.10358179360628128
Episode:  1544 / 2500 Pursuer Error:  0.10346627235412598 Evader Error:  0.10346626490354538
Episode:  1545 / 2500 Pursuer Error:  0.10335347056388855 Evader Error:  0.10335346311330795
Episode:  1546 / 2500 Pursuer Error:  0.10324320197105408 Evader Error:  0.10324320197105408
Episode:  1547 / 2500 Pursuer Error:  0.0719115361571312 Evader Error:  0.0719115361571312
Episode:  1548 / 2500 Pursuer Error:  0.0717213973402977 Evader Error:  0.0717213973402977
Episode:  1549 / 2500 Pursuer Error:  0.07153734564781189 Evader Error:  0.07153734564781189
Episode:  1550 / 2500 Pursuer Error:  0.07191436737775803 Evader Error:  0.07191437482833862
Episode:  1551 / 2500 Pursuer Error:  0.07189038395881653 Evader Error:  0.07189036905765533
Episode:  1552 / 2500 Pursuer Error:  0.04868704453110695 Evader Error:  0.04868704825639725
Episode:  1553 / 2500 Pursuer Error:  0.04867692291736603 Evader Error:  0.04867691919207573
Episode:  1554 / 2500 Pursuer Error:  0.048666518181562424 Evader Error:  0.048666518181562424
Episode:  1555 / 2500 Pursuer Error:  0.04865562915802002 Evader Error:  0.048655636608600616
Episode:  1556 / 2500 Pursuer Error:  0.048644643276929855 Evader Error:  0.048644643276929855
Episode:  1557 / 2500 Pursuer Error:  0.03348107635974884 Evader Error:  0.03348107635974884
Episode:  1558 / 2500 Pursuer Error:  0.033457182347774506 Evader Error:  0.033457186073064804
Episode:  1559 / 2500 Pursuer Error:  0.03343340754508972 Evader Error:  0.03343340754508972
Episode:  1560 / 2500 Pursuer Error:  0.03340969234704971 Evader Error:  0.033409688621759415
Episode:  1561 / 2500 Pursuer Error:  0.03338613733649254 Evader Error:  0.03338613733649254
Episode:  1562 / 2500 Pursuer Error:  0.022720497101545334 Evader Error:  0.022720497101545334
Episode:  1563 / 2500 Pursuer Error:  0.022673942148685455 Evader Error:  0.022673942148685455
Episode:  1564 / 2500 Pursuer Error:  0.02262789011001587 Evader Error:  0.02262789011001587
Episode:  1565 / 2500 Pursuer Error:  0.022582199424505234 Evader Error:  0.022582199424505234
Episode:  1566 / 2500 Pursuer Error:  0.02253524586558342 Evader Error:  0.02253524400293827
Evader Caught
Episode:  1567 / 2500 Pursuer Error:  0.016343383118510246 Evader Error:  0.016343383118510246
Episode:  1568 / 2500 Pursuer Error:  4.203319072723389 Evader Error:  4.203319072723389
Episode:  1569 / 2500 Pursuer Error:  4.196907043457031 Evader Error:  4.196907043457031
Episode:  1570 / 2500 Pursuer Error:  4.186338901519775 Evader Error:  4.186338901519775
Episode:  1571 / 2500 Pursuer Error:  4.175851345062256 Evader Error:  4.175851345062256
Episode:  1572 / 2500 Pursuer Error:  3.9215142726898193 Evader Error:  3.9215142726898193
Episode:  1573 / 2500 Pursuer Error:  3.914703845977783 Evader Error:  3.914703845977783
Episode:  1574 / 2500 Pursuer Error:  3.9068241119384766 Evader Error:  3.9068241119384766
Episode:  1575 / 2500 Pursuer Error:  3.8973541259765625 Evader Error:  3.8973541259765625
Episode:  1576 / 2500 Pursuer Error:  3.8894424438476562 Evader Error:  3.889442205429077
Episode:  1577 / 2500 Pursuer Error:  3.5907135009765625 Evader Error:  3.5907135009765625
Episode:  1578 / 2500 Pursuer Error:  3.5834946632385254 Evader Error:  3.5834946632385254
Episode:  1579 / 2500 Pursuer Error:  3.578986644744873 Evader Error:  3.578986644744873
Episode:  1580 / 2500 Pursuer Error:  3.5708954334259033 Evader Error:  3.5708954334259033
Episode:  1581 / 2500 Pursuer Error:  3.5736377239227295 Evader Error:  3.5736377239227295
Episode:  1582 / 2500 Pursuer Error:  3.2753360271453857 Evader Error:  3.2753360271453857
Episode:  1583 / 2500 Pursuer Error:  3.262545108795166 Evader Error:  3.262545108795166
Episode:  1584 / 2500 Pursuer Error:  3.2631778717041016 Evader Error:  3.2631778717041016
Episode:  1585 / 2500 Pursuer Error:  3.254964590072632 Evader Error:  3.254964590072632
Episode:  1586 / 2500 Pursuer Error:  3.2572274208068848 Evader Error:  3.2572274208068848
Episode:  1587 / 2500 Pursuer Error:  2.9388842582702637 Evader Error:  2.9388842582702637
Episode:  1588 / 2500 Pursuer Error:  2.935891628265381 Evader Error:  2.935891628265381
Episode:  1589 / 2500 Pursuer Error:  2.927976608276367 Evader Error:  2.927976608276367
Episode:  1590 / 2500 Pursuer Error:  2.932425022125244 Evader Error:  2.932425022125244
Episode:  1591 / 2500 Pursuer Error:  2.923229694366455 Evader Error:  2.923229694366455
Episode:  1592 / 2500 Pursuer Error:  2.642054796218872 Evader Error:  2.642054796218872
Episode:  1593 / 2500 Pursuer Error:  2.638516426086426 Evader Error:  2.638516426086426
Episode:  1594 / 2500 Pursuer Error:  2.6237704753875732 Evader Error:  2.6237704753875732
Episode:  1595 / 2500 Pursuer Error:  2.6365954875946045 Evader Error:  2.6365954875946045
Episode:  1596 / 2500 Pursuer Error:  2.633350133895874 Evader Error:  2.633350133895874
Episode:  1597 / 2500 Pursuer Error:  2.2883503437042236 Evader Error:  2.2883505821228027
Episode:  1598 / 2500 Pursuer Error:  2.2866971492767334 Evader Error:  2.2866971492767334
Episode:  1599 / 2500 Pursuer Error:  2.2844901084899902 Evader Error:  2.2844901084899902
Episode:  1600 / 2500 Pursuer Error:  2.2826809883117676 Evader Error:  2.2826809883117676
Episode:  1601 / 2500 Pursuer Error:  2.280630588531494 Evader Error:  2.280630588531494
Episode:  1602 / 2500 Pursuer Error:  1.9673153162002563 Evader Error:  1.9673153162002563
Episode:  1603 / 2500 Pursuer Error:  1.964880108833313 Evader Error:  1.964880108833313
Episode:  1604 / 2500 Pursuer Error:  1.9657926559448242 Evader Error:  1.9657927751541138
Episode:  1605 / 2500 Pursuer Error:  1.965474247932434 Evader Error:  1.965474247932434
Episode:  1606 / 2500 Pursuer Error:  1.9659518003463745 Evader Error:  1.9659518003463745
Episode:  1607 / 2500 Pursuer Error:  1.7056070566177368 Evader Error:  1.7056070566177368
Episode:  1608 / 2500 Pursuer Error:  1.685389518737793 Evader Error:  1.685389518737793
Episode:  1609 / 2500 Pursuer Error:  1.683929443359375 Evader Error:  1.683929443359375
Episode:  1610 / 2500 Pursuer Error:  1.6840740442276 Evader Error:  1.6840740442276
Episode:  1611 / 2500 Pursuer Error:  1.6824636459350586 Evader Error:  1.6824636459350586
Episode:  1612 / 2500 Pursuer Error:  1.3976014852523804 Evader Error:  1.3976014852523804
Episode:  1613 / 2500 Pursuer Error:  1.3964662551879883 Evader Error:  1.3964662551879883
Episode:  1614 / 2500 Pursuer Error:  1.4030992984771729 Evader Error:  1.4030992984771729
Episode:  1615 / 2500 Pursuer Error:  1.3946291208267212 Evader Error:  1.3946290016174316
Episode:  1616 / 2500 Pursuer Error:  1.3949817419052124 Evader Error:  1.3949817419052124
Episode:  1617 / 2500 Pursuer Error:  1.1535120010375977 Evader Error:  1.1535120010375977
Episode:  1618 / 2500 Pursuer Error:  1.1529662609100342 Evader Error:  1.1529662609100342
Episode:  1619 / 2500 Pursuer Error:  1.1529988050460815 Evader Error:  1.1529988050460815
Episode:  1620 / 2500 Pursuer Error:  1.15243399143219 Evader Error:  1.15243399143219
Episode:  1621 / 2500 Pursuer Error:  1.1525062322616577 Evader Error:  1.1525062322616577
Episode:  1622 / 2500 Pursuer Error:  0.92110276222229 Evader Error:  0.92110276222229
Episode:  1623 / 2500 Pursuer Error:  0.9210759401321411 Evader Error:  0.9210759401321411
Episode:  1624 / 2500 Pursuer Error:  0.9210248589515686 Evader Error:  0.9210248589515686
Episode:  1625 / 2500 Pursuer Error:  0.921571671962738 Evader Error:  0.9215716123580933
Episode:  1626 / 2500 Pursuer Error:  0.9208816289901733 Evader Error:  0.9208816289901733
Episode:  1627 / 2500 Pursuer Error:  0.7276571989059448 Evader Error:  0.7276571989059448
Episode:  1628 / 2500 Pursuer Error:  0.7273644208908081 Evader Error:  0.7273643612861633
Episode:  1629 / 2500 Pursuer Error:  0.7273245453834534 Evader Error:  0.7273245453834534
Episode:  1630 / 2500 Pursuer Error:  0.7272681593894958 Evader Error:  0.7272681593894958
Episode:  1631 / 2500 Pursuer Error:  0.7272040843963623 Evader Error:  0.7272040843963623
Episode:  1632 / 2500 Pursuer Error:  0.5554026365280151 Evader Error:  0.5554026365280151
Episode:  1633 / 2500 Pursuer Error:  0.5550834536552429 Evader Error:  0.5550834536552429
Episode:  1634 / 2500 Pursuer Error:  0.5547530651092529 Evader Error:  0.5547530651092529
Episode:  1635 / 2500 Pursuer Error:  0.5544318556785583 Evader Error:  0.5544318556785583
Episode:  1636 / 2500 Pursuer Error:  0.5541219115257263 Evader Error:  0.5541219115257263
Episode:  1637 / 2500 Pursuer Error:  0.4053514003753662 Evader Error:  0.4053514003753662
Episode:  1638 / 2500 Pursuer Error:  0.40513601899147034 Evader Error:  0.40513601899147034
Episode:  1639 / 2500 Pursuer Error:  0.40492483973503113 Evader Error:  0.40492483973503113
Episode:  1640 / 2500 Pursuer Error:  0.4047161042690277 Evader Error:  0.4047161042690277
Episode:  1641 / 2500 Pursuer Error:  0.40451422333717346 Evader Error:  0.40451422333717346
Episode:  1642 / 2500 Pursuer Error:  0.2900361716747284 Evader Error:  0.2900361716747284
Episode:  1643 / 2500 Pursuer Error:  0.2898600995540619 Evader Error:  0.2898600995540619
Episode:  1644 / 2500 Pursuer Error:  0.2896943986415863 Evader Error:  0.2896943986415863
Episode:  1645 / 2500 Pursuer Error:  0.2895316183567047 Evader Error:  0.2895316183567047
Episode:  1646 / 2500 Pursuer Error:  0.2893620431423187 Evader Error:  0.2893620431423187
Episode:  1647 / 2500 Pursuer Error:  0.20302550494670868 Evader Error:  0.20302550494670868
Episode:  1648 / 2500 Pursuer Error:  0.20287492871284485 Evader Error:  0.20287492871284485
Episode:  1649 / 2500 Pursuer Error:  0.20272698998451233 Evader Error:  0.20272698998451233
Episode:  1650 / 2500 Pursuer Error:  0.20257990062236786 Evader Error:  0.20257990062236786
Episode:  1651 / 2500 Pursuer Error:  0.20243583619594574 Evader Error:  0.20243583619594574
Episode:  1652 / 2500 Pursuer Error:  0.13892440497875214 Evader Error:  0.13892440497875214
Episode:  1653 / 2500 Pursuer Error:  0.13881081342697144 Evader Error:  0.13881082832813263
Episode:  1654 / 2500 Pursuer Error:  0.1387040615081787 Evader Error:  0.1387040615081787
Episode:  1655 / 2500 Pursuer Error:  0.13860315084457397 Evader Error:  0.13860315084457397
Episode:  1656 / 2500 Pursuer Error:  0.13850729167461395 Evader Error:  0.13850729167461395
Episode:  1657 / 2500 Pursuer Error:  0.09274105727672577 Evader Error:  0.09274104982614517
Episode:  1658 / 2500 Pursuer Error:  0.09266634285449982 Evader Error:  0.09266635030508041
Episode:  1659 / 2500 Pursuer Error:  0.09259219467639923 Evader Error:  0.09259219467639923
Episode:  1660 / 2500 Pursuer Error:  0.09251858294010162 Evader Error:  0.09251858294010162
Episode:  1661 / 2500 Pursuer Error:  0.0924454927444458 Evader Error:  0.0924454852938652
Episode:  1662 / 2500 Pursuer Error:  0.06206265091896057 Evader Error:  0.06206265091896057
Episode:  1663 / 2500 Pursuer Error:  0.06199747323989868 Evader Error:  0.06199747323989868
Episode:  1664 / 2500 Pursuer Error:  0.0619329996407032 Evader Error:  0.0619329996407032
Episode:  1665 / 2500 Pursuer Error:  0.061869245022535324 Evader Error:  0.061869245022535324
Episode:  1666 / 2500 Pursuer Error:  0.061805929988622665 Evader Error:  0.061805929988622665
Episode:  1667 / 2500 Pursuer Error:  0.04703328013420105 Evader Error:  0.04703327640891075
Episode:  1668 / 2500 Pursuer Error:  0.04700472205877304 Evader Error:  0.04700472205877304
Episode:  1669 / 2500 Pursuer Error:  0.04697416350245476 Evader Error:  0.04697416350245476
Episode:  1670 / 2500 Pursuer Error:  0.046941667795181274 Evader Error:  0.046941667795181274
Episode:  1671 / 2500 Pursuer Error:  0.046907275915145874 Evader Error:  0.046907275915145874
Episode:  1672 / 2500 Pursuer Error:  0.029535403475165367 Evader Error:  0.029535403475165367
Episode:  1673 / 2500 Pursuer Error:  0.02945989929139614 Evader Error:  0.02945989929139614
Episode:  1674 / 2500 Pursuer Error:  0.029385197907686234 Evader Error:  0.029385197907686234
Episode:  1675 / 2500 Pursuer Error:  0.029311317950487137 Evader Error:  0.029311317950487137
Episode:  1676 / 2500 Pursuer Error:  0.02923821471631527 Evader Error:  0.02923821471631527
Evader Caught
Episode:  1677 / 2500 Pursuer Error:  0.023786861449480057 Evader Error:  0.023786861449480057
Episode:  1678 / 2500 Pursuer Error:  1.1012442111968994 Evader Error:  1.1012442111968994
Episode:  1679 / 2500 Pursuer Error:  1.0991623401641846 Evader Error:  1.0991623401641846
Episode:  1680 / 2500 Pursuer Error:  1.0985273122787476 Evader Error:  1.0985273122787476
Episode:  1681 / 2500 Pursuer Error:  1.0969301462173462 Evader Error:  1.0969301462173462
Episode:  1682 / 2500 Pursuer Error:  1.0052584409713745 Evader Error:  1.0052584409713745
Episode:  1683 / 2500 Pursuer Error:  1.0041537284851074 Evader Error:  1.0041537284851074
Episode:  1684 / 2500 Pursuer Error:  1.0030555725097656 Evader Error:  1.0030555725097656
Episode:  1685 / 2500 Pursuer Error:  1.0019643306732178 Evader Error:  1.0019643306732178
Episode:  1686 / 2500 Pursuer Error:  1.0008773803710938 Evader Error:  1.0008773803710938
Episode:  1687 / 2500 Pursuer Error:  0.8784450888633728 Evader Error:  0.8784450888633728
Episode:  1688 / 2500 Pursuer Error:  0.8766212463378906 Evader Error:  0.8766212463378906
Episode:  1689 / 2500 Pursuer Error:  0.87482088804245 Evader Error:  0.87482088804245
Episode:  1690 / 2500 Pursuer Error:  0.8730422258377075 Evader Error:  0.8730422258377075
Episode:  1691 / 2500 Pursuer Error:  0.8712849020957947 Evader Error:  0.8712849020957947
Episode:  1692 / 2500 Pursuer Error:  0.7596960663795471 Evader Error:  0.7596960663795471
Episode:  1693 / 2500 Pursuer Error:  0.7584556937217712 Evader Error:  0.7584556937217712
Episode:  1694 / 2500 Pursuer Error:  0.757236897945404 Evader Error:  0.757236897945404
Episode:  1695 / 2500 Pursuer Error:  0.7560285329818726 Evader Error:  0.7560285329818726
Episode:  1696 / 2500 Pursuer Error:  0.7541742324829102 Evader Error:  0.7541742324829102
Episode:  1697 / 2500 Pursuer Error:  0.6263702511787415 Evader Error:  0.6263702511787415
Episode:  1698 / 2500 Pursuer Error:  0.6262089610099792 Evader Error:  0.6262089610099792
Episode:  1699 / 2500 Pursuer Error:  0.6260505318641663 Evader Error:  0.6260505318641663
Episode:  1700 / 2500 Pursuer Error:  0.6258971095085144 Evader Error:  0.6258971095085144
Episode:  1701 / 2500 Pursuer Error:  0.6255977749824524 Evader Error:  0.6255977749824524
Episode:  1702 / 2500 Pursuer Error:  0.5214146375656128 Evader Error:  0.5214146375656128
Episode:  1703 / 2500 Pursuer Error:  0.5208798050880432 Evader Error:  0.5208798050880432
Episode:  1704 / 2500 Pursuer Error:  0.5203535556793213 Evader Error:  0.5203535556793213
Episode:  1705 / 2500 Pursuer Error:  0.5198373794555664 Evader Error:  0.5198373794555664
Episode:  1706 / 2500 Pursuer Error:  0.5198131799697876 Evader Error:  0.5198131799697876
Episode:  1707 / 2500 Pursuer Error:  0.4275721609592438 Evader Error:  0.4275721609592438
Episode:  1708 / 2500 Pursuer Error:  0.4272150993347168 Evader Error:  0.4272150993347168
Episode:  1709 / 2500 Pursuer Error:  0.4268668293952942 Evader Error:  0.4268668293952942
Episode:  1710 / 2500 Pursuer Error:  0.42650142312049866 Evader Error:  0.42650142312049866
Episode:  1711 / 2500 Pursuer Error:  0.4261298179626465 Evader Error:  0.4261298179626465
Episode:  1712 / 2500 Pursuer Error:  0.34621116518974304 Evader Error:  0.34621116518974304
Episode:  1713 / 2500 Pursuer Error:  0.34591585397720337 Evader Error:  0.34591585397720337
Episode:  1714 / 2500 Pursuer Error:  0.3456251919269562 Evader Error:  0.3456251919269562
Episode:  1715 / 2500 Pursuer Error:  0.34533748030662537 Evader Error:  0.34533748030662537
Episode:  1716 / 2500 Pursuer Error:  0.3450544774532318 Evader Error:  0.3450544774532318
Episode:  1717 / 2500 Pursuer Error:  0.2729678452014923 Evader Error:  0.2729678452014923
Episode:  1718 / 2500 Pursuer Error:  0.2727263867855072 Evader Error:  0.2727263867855072
Episode:  1719 / 2500 Pursuer Error:  0.27248984575271606 Evader Error:  0.27248984575271606
Episode:  1720 / 2500 Pursuer Error:  0.27225834131240845 Evader Error:  0.27225834131240845
Episode:  1721 / 2500 Pursuer Error:  0.27202922105789185 Evader Error:  0.27202922105789185
Episode:  1722 / 2500 Pursuer Error:  0.2061741203069687 Evader Error:  0.2061741203069687
Episode:  1723 / 2500 Pursuer Error:  0.20598731935024261 Evader Error:  0.20598731935024261
Episode:  1724 / 2500 Pursuer Error:  0.20580290257930756 Evader Error:  0.20580290257930756
Episode:  1725 / 2500 Pursuer Error:  0.20562146604061127 Evader Error:  0.20562146604061127
Episode:  1726 / 2500 Pursuer Error:  0.20544235408306122 Evader Error:  0.20544235408306122
Episode:  1727 / 2500 Pursuer Error:  0.15436197817325592 Evader Error:  0.15436197817325592
Episode:  1728 / 2500 Pursuer Error:  0.15421384572982788 Evader Error:  0.15421384572982788
Episode:  1729 / 2500 Pursuer Error:  0.15406794846057892 Evader Error:  0.15406794846057892
Episode:  1730 / 2500 Pursuer Error:  0.15392418205738068 Evader Error:  0.15392418205738068
Episode:  1731 / 2500 Pursuer Error:  0.1537827104330063 Evader Error:  0.1537827104330063
Episode:  1732 / 2500 Pursuer Error:  0.11700514703989029 Evader Error:  0.11700514703989029
Episode:  1733 / 2500 Pursuer Error:  0.11276048421859741 Evader Error:  0.11276048421859741
Episode:  1734 / 2500 Pursuer Error:  0.11692032963037491 Evader Error:  0.11692032963037491
Episode:  1735 / 2500 Pursuer Error:  0.11269557476043701 Evader Error:  0.11269557476043701
Episode:  1736 / 2500 Pursuer Error:  0.11683600395917892 Evader Error:  0.11683600395917892
Episode:  1737 / 2500 Pursuer Error:  0.0855216383934021 Evader Error:  0.0855216383934021
Episode:  1738 / 2500 Pursuer Error:  0.08545622229576111 Evader Error:  0.08545622229576111
Episode:  1739 / 2500 Pursuer Error:  0.08539177477359772 Evader Error:  0.08539177477359772
Episode:  1740 / 2500 Pursuer Error:  0.08532816916704178 Evader Error:  0.08532816916704178
Episode:  1741 / 2500 Pursuer Error:  0.0852653905749321 Evader Error:  0.0852653905749321
Episode:  1742 / 2500 Pursuer Error:  0.0673464760184288 Evader Error:  0.0673464760184288
Episode:  1743 / 2500 Pursuer Error:  0.06724255532026291 Evader Error:  0.06724255532026291
Episode:  1744 / 2500 Pursuer Error:  0.06714081019163132 Evader Error:  0.06714081019163132
Episode:  1745 / 2500 Pursuer Error:  0.06321844458580017 Evader Error:  0.06321844458580017
Episode:  1746 / 2500 Pursuer Error:  0.06701389700174332 Evader Error:  0.06701389700174332
Episode:  1747 / 2500 Pursuer Error:  0.04913902282714844 Evader Error:  0.04913902282714844
Episode:  1748 / 2500 Pursuer Error:  0.04912099614739418 Evader Error:  0.04912099242210388
Episode:  1749 / 2500 Pursuer Error:  0.049102939665317535 Evader Error:  0.049102939665317535
Episode:  1750 / 2500 Pursuer Error:  0.04908488690853119 Evader Error:  0.04908488690853119
Episode:  1751 / 2500 Pursuer Error:  0.04906679689884186 Evader Error:  0.049066800624132156
Episode:  1752 / 2500 Pursuer Error:  0.03751380741596222 Evader Error:  0.03751380741596222
Episode:  1753 / 2500 Pursuer Error:  0.037491463124752045 Evader Error:  0.037491463124752045
Episode:  1754 / 2500 Pursuer Error:  0.0374692939221859 Evader Error:  0.0374692939221859
Episode:  1755 / 2500 Pursuer Error:  0.03744730353355408 Evader Error:  0.03744730353355408
Episode:  1756 / 2500 Pursuer Error:  0.037425488233566284 Evader Error:  0.037425484508275986
Episode:  1757 / 2500 Pursuer Error:  0.027657467871904373 Evader Error:  0.027657467871904373
Episode:  1758 / 2500 Pursuer Error:  0.02764163166284561 Evader Error:  0.02764163538813591
Episode:  1759 / 2500 Pursuer Error:  0.027625927701592445 Evader Error:  0.027625929564237595
Episode:  1760 / 2500 Pursuer Error:  0.027610281482338905 Evader Error:  0.027610281482338905
Episode:  1761 / 2500 Pursuer Error:  0.027594707906246185 Evader Error:  0.027594707906246185
Episode:  1762 / 2500 Pursuer Error:  0.024882415309548378 Evader Error:  0.024882415309548378
Episode:  1763 / 2500 Pursuer Error:  0.02483057789504528 Evader Error:  0.02483057789504528
Episode:  1764 / 2500 Pursuer Error:  0.02477973699569702 Evader Error:  0.02477973699569702
Episode:  1765 / 2500 Pursuer Error:  0.02472907491028309 Evader Error:  0.02472907491028309
Episode:  1766 / 2500 Pursuer Error:  0.024678973481059074 Evader Error:  0.024678973481059074
Episode:  1767 / 2500 Pursuer Error:  0.023452887311577797 Evader Error:  0.023452887311577797
Episode:  1768 / 2500 Pursuer Error:  0.023400381207466125 Evader Error:  0.023400381207466125
Episode:  1769 / 2500 Pursuer Error:  0.02334817498922348 Evader Error:  0.02334817498922348
Episode:  1770 / 2500 Pursuer Error:  0.023296646773815155 Evader Error:  0.023296646773815155
Episode:  1771 / 2500 Pursuer Error:  0.023245738819241524 Evader Error:  0.023245738819241524
Episode:  1772 / 2500 Pursuer Error:  0.02181648090481758 Evader Error:  0.02181648090481758
Episode:  1773 / 2500 Pursuer Error:  0.021730709820985794 Evader Error:  0.021730709820985794
Episode:  1774 / 2500 Pursuer Error:  0.02164592407643795 Evader Error:  0.02164592407643795
Episode:  1775 / 2500 Pursuer Error:  0.021562138572335243 Evader Error:  0.021562138572335243
Episode:  1776 / 2500 Pursuer Error:  0.021479321643710136 Evader Error:  0.021479321643710136
Episode:  1777 / 2500 Pursuer Error:  0.02141113393008709 Evader Error:  0.02141113393008709
Episode:  1778 / 2500 Pursuer Error:  0.021365096792578697 Evader Error:  0.021365096792578697
Episode:  1779 / 2500 Pursuer Error:  0.021319428458809853 Evader Error:  0.021319428458809853
Episode:  1780 / 2500 Pursuer Error:  0.021274203434586525 Evader Error:  0.021274203434586525
Episode:  1781 / 2500 Pursuer Error:  0.02122955396771431 Evader Error:  0.02122955396771431
Episode:  1782 / 2500 Pursuer Error:  0.02004249393939972 Evader Error:  0.02004249393939972
Episode:  1783 / 2500 Pursuer Error:  0.019962146878242493 Evader Error:  0.019962146878242493
Episode:  1784 / 2500 Pursuer Error:  0.019882723689079285 Evader Error:  0.019882723689079285
Episode:  1785 / 2500 Pursuer Error:  0.019804220646619797 Evader Error:  0.019804220646619797
Episode:  1786 / 2500 Pursuer Error:  0.019726628437638283 Evader Error:  0.019726628437638283
Episode:  1787 / 2500 Pursuer Error:  0.019732600077986717 Evader Error:  0.019732600077986717
Episode:  1788 / 2500 Pursuer Error:  0.019677553325891495 Evader Error:  0.019677553325891495
Episode:  1789 / 2500 Pursuer Error:  0.019622962921857834 Evader Error:  0.019622962921857834
Episode:  1790 / 2500 Pursuer Error:  0.01956894062459469 Evader Error:  0.01956894062459469
Episode:  1791 / 2500 Pursuer Error:  0.01757904887199402 Evader Error:  0.01757904887199402
Evader Caught
Episode:  1792 / 2500 Pursuer Error:  0.016358427703380585 Evader Error:  0.016358427703380585
Episode:  1793 / 2500 Pursuer Error:  3.7217750549316406 Evader Error:  3.7217750549316406
Episode:  1794 / 2500 Pursuer Error:  3.7205891609191895 Evader Error:  3.7205891609191895
Episode:  1795 / 2500 Pursuer Error:  3.7279610633850098 Evader Error:  3.7279610633850098
Episode:  1796 / 2500 Pursuer Error:  3.7153468132019043 Evader Error:  3.7153468132019043
Episode:  1797 / 2500 Pursuer Error:  3.5131688117980957 Evader Error:  3.5131688117980957
Episode:  1798 / 2500 Pursuer Error:  3.4935173988342285 Evader Error:  3.4935173988342285
Episode:  1799 / 2500 Pursuer Error:  3.474552869796753 Evader Error:  3.474552869796753
Episode:  1800 / 2500 Pursuer Error:  3.4614627361297607 Evader Error:  3.4614627361297607
Episode:  1801 / 2500 Pursuer Error:  3.459984540939331 Evader Error:  3.459984540939331
Episode:  1802 / 2500 Pursuer Error:  3.14310884475708 Evader Error:  3.14310884475708
Episode:  1803 / 2500 Pursuer Error:  3.146253824234009 Evader Error:  3.146253824234009
Episode:  1804 / 2500 Pursuer Error:  3.1313085556030273 Evader Error:  3.1313085556030273
Episode:  1805 / 2500 Pursuer Error:  3.1308791637420654 Evader Error:  3.1308791637420654
Episode:  1806 / 2500 Pursuer Error:  3.1199469566345215 Evader Error:  3.1199469566345215
Episode:  1807 / 2500 Pursuer Error:  2.820009231567383 Evader Error:  2.820009231567383
Episode:  1808 / 2500 Pursuer Error:  2.8104732036590576 Evader Error:  2.8104732036590576
Episode:  1809 / 2500 Pursuer Error:  2.8052029609680176 Evader Error:  2.8052029609680176
Episode:  1810 / 2500 Pursuer Error:  2.803943634033203 Evader Error:  2.803943634033203
Episode:  1811 / 2500 Pursuer Error:  2.79555606842041 Evader Error:  2.79555606842041
Episode:  1812 / 2500 Pursuer Error:  2.4678561687469482 Evader Error:  2.4678561687469482
Episode:  1813 / 2500 Pursuer Error:  2.462864637374878 Evader Error:  2.462864637374878
Episode:  1814 / 2500 Pursuer Error:  2.461275815963745 Evader Error:  2.461275815963745
Episode:  1815 / 2500 Pursuer Error:  2.4571053981781006 Evader Error:  2.4571053981781006
Episode:  1816 / 2500 Pursuer Error:  2.4537370204925537 Evader Error:  2.453737258911133
Episode:  1817 / 2500 Pursuer Error:  2.1312971115112305 Evader Error:  2.1312971115112305
Episode:  1818 / 2500 Pursuer Error:  2.1289432048797607 Evader Error:  2.1289432048797607
Episode:  1819 / 2500 Pursuer Error:  2.131500244140625 Evader Error:  2.131500244140625
Episode:  1820 / 2500 Pursuer Error:  2.1363449096679688 Evader Error:  2.1363449096679688
Episode:  1821 / 2500 Pursuer Error:  2.1338374614715576 Evader Error:  2.1338374614715576
Episode:  1822 / 2500 Pursuer Error:  1.8150657415390015 Evader Error:  1.8150657415390015
Episode:  1823 / 2500 Pursuer Error:  1.8112272024154663 Evader Error:  1.8112272024154663
Episode:  1824 / 2500 Pursuer Error:  1.8143547773361206 Evader Error:  1.8143547773361206
Episode:  1825 / 2500 Pursuer Error:  1.8077096939086914 Evader Error:  1.8077096939086914
Episode:  1826 / 2500 Pursuer Error:  1.8109670877456665 Evader Error:  1.8109670877456665
Episode:  1827 / 2500 Pursuer Error:  1.5089919567108154 Evader Error:  1.5089918375015259
Episode:  1828 / 2500 Pursuer Error:  1.5087006092071533 Evader Error:  1.5087006092071533
Episode:  1829 / 2500 Pursuer Error:  1.508415937423706 Evader Error:  1.508415937423706
Episode:  1830 / 2500 Pursuer Error:  1.5081372261047363 Evader Error:  1.5081372261047363
Episode:  1831 / 2500 Pursuer Error:  1.5078620910644531 Evader Error:  1.507861852645874
Episode:  1832 / 2500 Pursuer Error:  1.2411973476409912 Evader Error:  1.2411973476409912
Episode:  1833 / 2500 Pursuer Error:  1.240411639213562 Evader Error:  1.2404115200042725
Episode:  1834 / 2500 Pursuer Error:  1.2396825551986694 Evader Error:  1.2396825551986694
Episode:  1835 / 2500 Pursuer Error:  1.2389686107635498 Evader Error:  1.2389686107635498
Episode:  1836 / 2500 Pursuer Error:  1.2382715940475464 Evader Error:  1.2382714748382568
Episode:  1837 / 2500 Pursuer Error:  0.9902006387710571 Evader Error:  0.9902006387710571
Episode:  1838 / 2500 Pursuer Error:  0.9899965524673462 Evader Error:  0.9899965524673462
Episode:  1839 / 2500 Pursuer Error:  0.9896069765090942 Evader Error:  0.9896069765090942
Episode:  1840 / 2500 Pursuer Error:  0.9895660281181335 Evader Error:  0.9895660281181335
Episode:  1841 / 2500 Pursuer Error:  0.989029049873352 Evader Error:  0.989029049873352
Episode:  1842 / 2500 Pursuer Error:  0.7682018876075745 Evader Error:  0.7682018876075745
Episode:  1843 / 2500 Pursuer Error:  0.7680433988571167 Evader Error:  0.7680433392524719
Episode:  1844 / 2500 Pursuer Error:  0.7678849101066589 Evader Error:  0.7678849697113037
Episode:  1845 / 2500 Pursuer Error:  0.7677239179611206 Evader Error:  0.7677239179611206
Episode:  1846 / 2500 Pursuer Error:  0.7675557732582092 Evader Error:  0.7675557136535645
Episode:  1847 / 2500 Pursuer Error:  0.5685965418815613 Evader Error:  0.5685965418815613
Episode:  1848 / 2500 Pursuer Error:  0.568321704864502 Evader Error:  0.568321704864502
Episode:  1849 / 2500 Pursuer Error:  0.56805419921875 Evader Error:  0.56805419921875
Episode:  1850 / 2500 Pursuer Error:  0.5677922368049622 Evader Error:  0.5677922368049622
Episode:  1851 / 2500 Pursuer Error:  0.5675278306007385 Evader Error:  0.5675278306007385
Episode:  1852 / 2500 Pursuer Error:  0.4024079442024231 Evader Error:  0.4024079442024231
Episode:  1853 / 2500 Pursuer Error:  0.40221738815307617 Evader Error:  0.40221738815307617
Episode:  1854 / 2500 Pursuer Error:  0.402031272649765 Evader Error:  0.402031272649765
Episode:  1855 / 2500 Pursuer Error:  0.40184900164604187 Evader Error:  0.40184900164604187
Episode:  1856 / 2500 Pursuer Error:  0.4016769528388977 Evader Error:  0.4016769528388977
Episode:  1857 / 2500 Pursuer Error:  0.28168755769729614 Evader Error:  0.28168752789497375
Episode:  1858 / 2500 Pursuer Error:  0.2815854847431183 Evader Error:  0.2815854549407959
Episode:  1859 / 2500 Pursuer Error:  0.2814818024635315 Evader Error:  0.2814818024635315
Episode:  1860 / 2500 Pursuer Error:  0.2813757359981537 Evader Error:  0.2813757359981537
Episode:  1861 / 2500 Pursuer Error:  0.28126710653305054 Evader Error:  0.28126710653305054
Episode:  1862 / 2500 Pursuer Error:  0.191289022564888 Evader Error:  0.191289022564888
Episode:  1863 / 2500 Pursuer Error:  0.19112232327461243 Evader Error:  0.19112232327461243
Episode:  1864 / 2500 Pursuer Error:  0.19094210863113403 Evader Error:  0.19094210863113403
Episode:  1865 / 2500 Pursuer Error:  0.19076384603977203 Evader Error:  0.19076384603977203
Episode:  1866 / 2500 Pursuer Error:  0.19059015810489655 Evader Error:  0.19059015810489655
Episode:  1867 / 2500 Pursuer Error:  0.1288980096578598 Evader Error:  0.1288980096578598
Episode:  1868 / 2500 Pursuer Error:  0.12886126339435577 Evader Error:  0.12886126339435577
Episode:  1869 / 2500 Pursuer Error:  0.1288251131772995 Evader Error:  0.1288251131772995
Episode:  1870 / 2500 Pursuer Error:  0.12878993153572083 Evader Error:  0.12878993153572083
Episode:  1871 / 2500 Pursuer Error:  0.12875518202781677 Evader Error:  0.12875518202781677
Episode:  1872 / 2500 Pursuer Error:  0.08663464337587357 Evader Error:  0.08663464337587357
Episode:  1873 / 2500 Pursuer Error:  0.08662790060043335 Evader Error:  0.08662790060043335
Episode:  1874 / 2500 Pursuer Error:  0.08662188798189163 Evader Error:  0.08662188053131104
Episode:  1875 / 2500 Pursuer Error:  0.08661515265703201 Evader Error:  0.08661515265703201
Episode:  1876 / 2500 Pursuer Error:  0.08660819381475449 Evader Error:  0.08660818636417389
Episode:  1877 / 2500 Pursuer Error:  0.05867254361510277 Evader Error:  0.05867254361510277
Episode:  1878 / 2500 Pursuer Error:  0.05857039615511894 Evader Error:  0.05857039615511894
Episode:  1879 / 2500 Pursuer Error:  0.05846969410777092 Evader Error:  0.05846969410777092
Episode:  1880 / 2500 Pursuer Error:  0.058371253311634064 Evader Error:  0.058371253311634064
Episode:  1881 / 2500 Pursuer Error:  0.058273326605558395 Evader Error:  0.058273326605558395
Episode:  1882 / 2500 Pursuer Error:  0.04079456254839897 Evader Error:  0.04079456254839897
Episode:  1883 / 2500 Pursuer Error:  0.040694043040275574 Evader Error:  0.040694043040275574
Episode:  1884 / 2500 Pursuer Error:  0.040595073252916336 Evader Error:  0.040595073252916336
Episode:  1885 / 2500 Pursuer Error:  0.04049748182296753 Evader Error:  0.04049748182296753
Episode:  1886 / 2500 Pursuer Error:  0.0404011569917202 Evader Error:  0.0404011569917202
Episode:  1887 / 2500 Pursuer Error:  0.028524190187454224 Evader Error:  0.028524190187454224
Episode:  1888 / 2500 Pursuer Error:  0.02844901755452156 Evader Error:  0.02844901755452156
Episode:  1889 / 2500 Pursuer Error:  0.028374722227454185 Evader Error:  0.028374722227454185
Episode:  1890 / 2500 Pursuer Error:  0.02830125205218792 Evader Error:  0.02830125205218792
Episode:  1891 / 2500 Pursuer Error:  0.02822864055633545 Evader Error:  0.02822864055633545
Evader Caught
Episode:  1892 / 2500 Pursuer Error:  0.02155754715204239 Evader Error:  0.02155754715204239
Episode:  1893 / 2500 Pursuer Error:  1.0262471437454224 Evader Error:  1.0262471437454224
Episode:  1894 / 2500 Pursuer Error:  1.0255769491195679 Evader Error:  1.0255769491195679
Episode:  1895 / 2500 Pursuer Error:  1.018816590309143 Evader Error:  1.018816590309143
Episode:  1896 / 2500 Pursuer Error:  1.0243403911590576 Evader Error:  1.0243403911590576
Episode:  1897 / 2500 Pursuer Error:  0.9200083017349243 Evader Error:  0.9200083017349243
Episode:  1898 / 2500 Pursuer Error:  0.9191350340843201 Evader Error:  0.9191350340843201
Episode:  1899 / 2500 Pursuer Error:  0.918279767036438 Evader Error:  0.918279767036438
Episode:  1900 / 2500 Pursuer Error:  0.9174389839172363 Evader Error:  0.9174389839172363
Episode:  1901 / 2500 Pursuer Error:  0.9166143536567688 Evader Error:  0.9166143536567688
Episode:  1902 / 2500 Pursuer Error:  0.7961794137954712 Evader Error:  0.7961794137954712
Episode:  1903 / 2500 Pursuer Error:  0.7946730852127075 Evader Error:  0.7946730852127075
Episode:  1904 / 2500 Pursuer Error:  0.7932451367378235 Evader Error:  0.7932451963424683
Episode:  1905 / 2500 Pursuer Error:  0.7919608354568481 Evader Error:  0.7919608354568481
Episode:  1906 / 2500 Pursuer Error:  0.7913814187049866 Evader Error:  0.7913814783096313
Episode:  1907 / 2500 Pursuer Error:  0.687687337398529 Evader Error:  0.687687337398529
Episode:  1908 / 2500 Pursuer Error:  0.6866594552993774 Evader Error:  0.6866594552993774
Episode:  1909 / 2500 Pursuer Error:  0.6856414675712585 Evader Error:  0.6856414675712585
Episode:  1910 / 2500 Pursuer Error:  0.6846821308135986 Evader Error:  0.6846821308135986
Episode:  1911 / 2500 Pursuer Error:  0.6837478876113892 Evader Error:  0.6837478876113892
Episode:  1912 / 2500 Pursuer Error:  0.5906442999839783 Evader Error:  0.5906442999839783
Episode:  1913 / 2500 Pursuer Error:  0.5899752378463745 Evader Error:  0.5899752378463745
Episode:  1914 / 2500 Pursuer Error:  0.5895838141441345 Evader Error:  0.5895837545394897
Episode:  1915 / 2500 Pursuer Error:  0.5895769000053406 Evader Error:  0.5895769596099854
Episode:  1916 / 2500 Pursuer Error:  0.5890657305717468 Evader Error:  0.5890657305717468
Episode:  1917 / 2500 Pursuer Error:  0.4917394816875458 Evader Error:  0.4917394816875458
Episode:  1918 / 2500 Pursuer Error:  0.49125781655311584 Evader Error:  0.49125781655311584
Episode:  1919 / 2500 Pursuer Error:  0.49100610613822937 Evader Error:  0.49100610613822937
Episode:  1920 / 2500 Pursuer Error:  0.4907999634742737 Evader Error:  0.4907999634742737
Episode:  1921 / 2500 Pursuer Error:  0.4907655715942383 Evader Error:  0.4907655715942383
Episode:  1922 / 2500 Pursuer Error:  0.40461039543151855 Evader Error:  0.40461039543151855
Episode:  1923 / 2500 Pursuer Error:  0.4045144021511078 Evader Error:  0.4045144021511078
Episode:  1924 / 2500 Pursuer Error:  0.4043998718261719 Evader Error:  0.4043998718261719
Episode:  1925 / 2500 Pursuer Error:  0.4043363630771637 Evader Error:  0.4043363630771637
Episode:  1926 / 2500 Pursuer Error:  0.40419140458106995 Evader Error:  0.40419140458106995
Episode:  1927 / 2500 Pursuer Error:  0.3248521685600281 Evader Error:  0.3248521685600281
Episode:  1928 / 2500 Pursuer Error:  0.3247638940811157 Evader Error:  0.3247638940811157
Episode:  1929 / 2500 Pursuer Error:  0.3246782720088959 Evader Error:  0.3246782720088959
Episode:  1930 / 2500 Pursuer Error:  0.3245938718318939 Evader Error:  0.3245938718318939
Episode:  1931 / 2500 Pursuer Error:  0.32451096177101135 Evader Error:  0.32451096177101135
Episode:  1932 / 2500 Pursuer Error:  0.25324082374572754 Evader Error:  0.25324082374572754
Episode:  1933 / 2500 Pursuer Error:  0.25306275486946106 Evader Error:  0.25306275486946106
Episode:  1934 / 2500 Pursuer Error:  0.2528879642486572 Evader Error:  0.2528879642486572
Episode:  1935 / 2500 Pursuer Error:  0.2527170181274414 Evader Error:  0.2527170181274414
Episode:  1936 / 2500 Pursuer Error:  0.25254949927330017 Evader Error:  0.25254949927330017
Episode:  1937 / 2500 Pursuer Error:  0.1907912790775299 Evader Error:  0.1907912790775299
Episode:  1938 / 2500 Pursuer Error:  0.19058218598365784 Evader Error:  0.19058218598365784
Episode:  1939 / 2500 Pursuer Error:  0.19037701189517975 Evader Error:  0.19037701189517975
Episode:  1940 / 2500 Pursuer Error:  0.1901756078004837 Evader Error:  0.1901756078004837
Episode:  1941 / 2500 Pursuer Error:  0.18997834622859955 Evader Error:  0.18997834622859955
Episode:  1942 / 2500 Pursuer Error:  0.13745562732219696 Evader Error:  0.13745562732219696
Episode:  1943 / 2500 Pursuer Error:  0.13727854192256927 Evader Error:  0.13727854192256927
Episode:  1944 / 2500 Pursuer Error:  0.13710473477840424 Evader Error:  0.13710473477840424
Episode:  1945 / 2500 Pursuer Error:  0.13693438470363617 Evader Error:  0.13693438470363617
Episode:  1946 / 2500 Pursuer Error:  0.13676689565181732 Evader Error:  0.13676689565181732
Episode:  1947 / 2500 Pursuer Error:  0.09679769724607468 Evader Error:  0.09679768979549408
Episode:  1948 / 2500 Pursuer Error:  0.09672058373689651 Evader Error:  0.09672059118747711
Episode:  1949 / 2500 Pursuer Error:  0.09664971381425858 Evader Error:  0.09664972126483917
Episode:  1950 / 2500 Pursuer Error:  0.09658403694629669 Evader Error:  0.09658403694629669
Episode:  1951 / 2500 Pursuer Error:  0.09652264416217804 Evader Error:  0.09652265161275864
Episode:  1952 / 2500 Pursuer Error:  0.06782452762126923 Evader Error:  0.06782452762126923
Episode:  1953 / 2500 Pursuer Error:  0.06778717041015625 Evader Error:  0.06778717041015625
Episode:  1954 / 2500 Pursuer Error:  0.06775032728910446 Evader Error:  0.06775033473968506
Episode:  1955 / 2500 Pursuer Error:  0.06771387159824371 Evader Error:  0.06771387159824371
Episode:  1956 / 2500 Pursuer Error:  0.06767790764570236 Evader Error:  0.06767790019512177
Episode:  1957 / 2500 Pursuer Error:  0.04665328189730644 Evader Error:  0.046653278172016144
Episode:  1958 / 2500 Pursuer Error:  0.04663176089525223 Evader Error:  0.04663176089525223
Episode:  1959 / 2500 Pursuer Error:  0.04661060869693756 Evader Error:  0.046610601246356964
Episode:  1960 / 2500 Pursuer Error:  0.046589650213718414 Evader Error:  0.04658965393900871
Episode:  1961 / 2500 Pursuer Error:  0.04656878113746643 Evader Error:  0.04656878113746643
Episode:  1962 / 2500 Pursuer Error:  0.03164498507976532 Evader Error:  0.03164498507976532
Episode:  1963 / 2500 Pursuer Error:  0.031626682728528976 Evader Error:  0.03162667900323868
Episode:  1964 / 2500 Pursuer Error:  0.031608596444129944 Evader Error:  0.031608596444129944
Episode:  1965 / 2500 Pursuer Error:  0.031590674072504044 Evader Error:  0.031590670347213745
Episode:  1966 / 2500 Pursuer Error:  0.03157288581132889 Evader Error:  0.03157288581132889
Episode:  1967 / 2500 Pursuer Error:  0.021288195624947548 Evader Error:  0.021288197487592697
Episode:  1968 / 2500 Pursuer Error:  0.021261906251311302 Evader Error:  0.02126190811395645
Episode:  1969 / 2500 Pursuer Error:  0.021235551685094833 Evader Error:  0.021235551685094833
Episode:  1970 / 2500 Pursuer Error:  0.02120915800333023 Evader Error:  0.02120915800333023
Episode:  1971 / 2500 Pursuer Error:  0.021182674914598465 Evader Error:  0.021182674914598465
Evader Caught
Episode:  1972 / 2500 Pursuer Error:  0.01438814215362072 Evader Error:  0.014388143084943295
Episode:  1973 / 2500 Pursuer Error:  1.8569389581680298 Evader Error:  1.8569389581680298
Episode:  1974 / 2500 Pursuer Error:  1.8543097972869873 Evader Error:  1.8543097972869873
Episode:  1975 / 2500 Pursuer Error:  1.8542877435684204 Evader Error:  1.8542877435684204
Episode:  1976 / 2500 Pursuer Error:  1.8522233963012695 Evader Error:  1.8522233963012695
Episode:  1977 / 2500 Pursuer Error:  1.7075176239013672 Evader Error:  1.7075176239013672
Episode:  1978 / 2500 Pursuer Error:  1.7032161951065063 Evader Error:  1.7032161951065063
Episode:  1979 / 2500 Pursuer Error:  1.6979477405548096 Evader Error:  1.6979477405548096
Episode:  1980 / 2500 Pursuer Error:  1.6913448572158813 Evader Error:  1.6913448572158813
Episode:  1981 / 2500 Pursuer Error:  1.6848430633544922 Evader Error:  1.6848430633544922
Episode:  1982 / 2500 Pursuer Error:  1.5190365314483643 Evader Error:  1.5190366506576538
Episode:  1983 / 2500 Pursuer Error:  1.5295467376708984 Evader Error:  1.5295467376708984
Episode:  1984 / 2500 Pursuer Error:  1.512499451637268 Evader Error:  1.512499451637268
Episode:  1985 / 2500 Pursuer Error:  1.5218428373336792 Evader Error:  1.5218428373336792
Episode:  1986 / 2500 Pursuer Error:  1.504974603652954 Evader Error:  1.504974603652954
Episode:  1987 / 2500 Pursuer Error:  1.3525581359863281 Evader Error:  1.3525581359863281
Episode:  1988 / 2500 Pursuer Error:  1.3458151817321777 Evader Error:  1.3458151817321777
Episode:  1989 / 2500 Pursuer Error:  1.3363070487976074 Evader Error:  1.3363070487976074
Episode:  1990 / 2500 Pursuer Error:  1.3340506553649902 Evader Error:  1.3340506553649902
Episode:  1991 / 2500 Pursuer Error:  1.3310145139694214 Evader Error:  1.331014633178711
Episode:  1992 / 2500 Pursuer Error:  1.1761163473129272 Evader Error:  1.1761163473129272
Episode:  1993 / 2500 Pursuer Error:  1.1656644344329834 Evader Error:  1.1656644344329834
Episode:  1994 / 2500 Pursuer Error:  1.1660287380218506 Evader Error:  1.1660287380218506
Episode:  1995 / 2500 Pursuer Error:  1.1678301095962524 Evader Error:  1.1678301095962524
Episode:  1996 / 2500 Pursuer Error:  1.1645286083221436 Evader Error:  1.1645286083221436
Episode:  1997 / 2500 Pursuer Error:  1.0062334537506104 Evader Error:  1.0062334537506104
Episode:  1998 / 2500 Pursuer Error:  1.0053679943084717 Evader Error:  1.0053679943084717
Episode:  1999 / 2500 Pursuer Error:  1.0088169574737549 Evader Error:  1.0088169574737549
Episode:  2000 / 2500 Pursuer Error:  1.0088396072387695 Evader Error:  1.0088396072387695
Episode:  2001 / 2500 Pursuer Error:  1.0042221546173096 Evader Error:  1.0042221546173096
Episode:  2002 / 2500 Pursuer Error:  0.8565865755081177 Evader Error:  0.8565865755081177
Episode:  2003 / 2500 Pursuer Error:  0.8603707551956177 Evader Error:  0.8603707551956177
Episode:  2004 / 2500 Pursuer Error:  0.855245053768158 Evader Error:  0.855245053768158
Episode:  2005 / 2500 Pursuer Error:  0.8526885509490967 Evader Error:  0.8526884913444519
Episode:  2006 / 2500 Pursuer Error:  0.8581936359405518 Evader Error:  0.8581936359405518
Episode:  2007 / 2500 Pursuer Error:  0.7175956964492798 Evader Error:  0.7175956964492798
Episode:  2008 / 2500 Pursuer Error:  0.7136616110801697 Evader Error:  0.7136616706848145
Episode:  2009 / 2500 Pursuer Error:  0.7142074108123779 Evader Error:  0.7142074108123779
Episode:  2010 / 2500 Pursuer Error:  0.7241131067276001 Evader Error:  0.7241131067276001
Episode:  2011 / 2500 Pursuer Error:  0.7239042520523071 Evader Error:  0.7239042520523071
Episode:  2012 / 2500 Pursuer Error:  0.5939685106277466 Evader Error:  0.5939685106277466
Episode:  2013 / 2500 Pursuer Error:  0.5938954949378967 Evader Error:  0.593895435333252
Episode:  2014 / 2500 Pursuer Error:  0.5839645266532898 Evader Error:  0.5839645266532898
Episode:  2015 / 2500 Pursuer Error:  0.5937730073928833 Evader Error:  0.5937730073928833
Episode:  2016 / 2500 Pursuer Error:  0.5936503410339355 Evader Error:  0.5936503410339355
Episode:  2017 / 2500 Pursuer Error:  0.4595987796783447 Evader Error:  0.4595987796783447
Episode:  2018 / 2500 Pursuer Error:  0.46137917041778564 Evader Error:  0.46137917041778564
Episode:  2019 / 2500 Pursuer Error:  0.461684912443161 Evader Error:  0.4616849422454834
Episode:  2020 / 2500 Pursuer Error:  0.461938738822937 Evader Error:  0.461938738822937
Episode:  2021 / 2500 Pursuer Error:  0.4621470868587494 Evader Error:  0.462147057056427
Episode:  2022 / 2500 Pursuer Error:  0.3555450737476349 Evader Error:  0.3555450737476349
Episode:  2023 / 2500 Pursuer Error:  0.3554963767528534 Evader Error:  0.3554964065551758
Episode:  2024 / 2500 Pursuer Error:  0.3554514944553375 Evader Error:  0.35545146465301514
Episode:  2025 / 2500 Pursuer Error:  0.3553750216960907 Evader Error:  0.3553750216960907
Episode:  2026 / 2500 Pursuer Error:  0.35536837577819824 Evader Error:  0.35536840558052063
Episode:  2027 / 2500 Pursuer Error:  0.261456161737442 Evader Error:  0.26145613193511963
Episode:  2028 / 2500 Pursuer Error:  0.2613745927810669 Evader Error:  0.2613746225833893
Episode:  2029 / 2500 Pursuer Error:  0.2612939178943634 Evader Error:  0.261293888092041
Episode:  2030 / 2500 Pursuer Error:  0.26121678948402405 Evader Error:  0.26121678948402405
Episode:  2031 / 2500 Pursuer Error:  0.2611415386199951 Evader Error:  0.2611415684223175
Episode:  2032 / 2500 Pursuer Error:  0.18385444581508636 Evader Error:  0.18385446071624756
Episode:  2033 / 2500 Pursuer Error:  0.18381965160369873 Evader Error:  0.18381965160369873
Episode:  2034 / 2500 Pursuer Error:  0.1837853193283081 Evader Error:  0.1837853342294693
Episode:  2035 / 2500 Pursuer Error:  0.1837514042854309 Evader Error:  0.1837514042854309
Episode:  2036 / 2500 Pursuer Error:  0.1837180256843567 Evader Error:  0.1837180256843567
Episode:  2037 / 2500 Pursuer Error:  0.1292586773633957 Evader Error:  0.1292586773633957
Episode:  2038 / 2500 Pursuer Error:  0.1292496770620346 Evader Error:  0.1292496621608734
Episode:  2039 / 2500 Pursuer Error:  0.12923966348171234 Evader Error:  0.12923966348171234
Episode:  2040 / 2500 Pursuer Error:  0.12922757863998413 Evader Error:  0.12922757863998413
Episode:  2041 / 2500 Pursuer Error:  0.12921588122844696 Evader Error:  0.12921588122844696
Episode:  2042 / 2500 Pursuer Error:  0.09021391719579697 Evader Error:  0.09021392464637756
Episode:  2043 / 2500 Pursuer Error:  0.09023110568523407 Evader Error:  0.09023110568523407
Episode:  2044 / 2500 Pursuer Error:  0.09019703418016434 Evader Error:  0.09019704163074493
Episode:  2045 / 2500 Pursuer Error:  0.09020088613033295 Evader Error:  0.09020087867975235
Episode:  2046 / 2500 Pursuer Error:  0.09020736813545227 Evader Error:  0.09020736813545227
Episode:  2047 / 2500 Pursuer Error:  0.06316633522510529 Evader Error:  0.06316633522510529
Episode:  2048 / 2500 Pursuer Error:  0.06316934525966644 Evader Error:  0.06316934525966644
Episode:  2049 / 2500 Pursuer Error:  0.06317225843667984 Evader Error:  0.06317226588726044
Episode:  2050 / 2500 Pursuer Error:  0.06317465752363205 Evader Error:  0.06317465752363205
Episode:  2051 / 2500 Pursuer Error:  0.06317708641290665 Evader Error:  0.06317708641290665
Episode:  2052 / 2500 Pursuer Error:  0.042282309383153915 Evader Error:  0.042282309383153915
Episode:  2053 / 2500 Pursuer Error:  0.042286746203899384 Evader Error:  0.042286746203899384
Episode:  2054 / 2500 Pursuer Error:  0.04229096323251724 Evader Error:  0.04229096323251724
Episode:  2055 / 2500 Pursuer Error:  0.04229520633816719 Evader Error:  0.04229520633816719
Episode:  2056 / 2500 Pursuer Error:  0.042299143970012665 Evader Error:  0.042299143970012665
Episode:  2057 / 2500 Pursuer Error:  0.028520962223410606 Evader Error:  0.028520962223410606
Episode:  2058 / 2500 Pursuer Error:  0.028519995510578156 Evader Error:  0.028519993647933006
Episode:  2059 / 2500 Pursuer Error:  0.02851887047290802 Evader Error:  0.02851887047290802
Episode:  2060 / 2500 Pursuer Error:  0.02851763367652893 Evader Error:  0.02851763367652893
Episode:  2061 / 2500 Pursuer Error:  0.02851627767086029 Evader Error:  0.02851627767086029
Episode:  2062 / 2500 Pursuer Error:  0.02005661651492119 Evader Error:  0.02005661465227604
Episode:  2063 / 2500 Pursuer Error:  0.020042916759848595 Evader Error:  0.020042914897203445
Episode:  2064 / 2500 Pursuer Error:  0.020028959959745407 Evader Error:  0.020028959959745407
Episode:  2065 / 2500 Pursuer Error:  0.020014634355902672 Evader Error:  0.020014632493257523
Episode:  2066 / 2500 Pursuer Error:  0.020000075921416283 Evader Error:  0.020000077784061432
Evader Caught
Episode:  2067 / 2500 Pursuer Error:  0.01477926503866911 Evader Error:  0.014779265969991684
Episode:  2068 / 2500 Pursuer Error:  2.896033763885498 Evader Error:  2.896033763885498
Episode:  2069 / 2500 Pursuer Error:  2.8924946784973145 Evader Error:  2.8924946784973145
Episode:  2070 / 2500 Pursuer Error:  2.888106107711792 Evader Error:  2.888106107711792
Episode:  2071 / 2500 Pursuer Error:  2.8855526447296143 Evader Error:  2.8855526447296143
Episode:  2072 / 2500 Pursuer Error:  2.6403143405914307 Evader Error:  2.6403143405914307
Episode:  2073 / 2500 Pursuer Error:  2.632082462310791 Evader Error:  2.632082462310791
Episode:  2074 / 2500 Pursuer Error:  2.624130964279175 Evader Error:  2.624130964279175
Episode:  2075 / 2500 Pursuer Error:  2.6187171936035156 Evader Error:  2.6187171936035156
Episode:  2076 / 2500 Pursuer Error:  2.618427038192749 Evader Error:  2.618427038192749
Episode:  2077 / 2500 Pursuer Error:  2.335336923599243 Evader Error:  2.335336685180664
Episode:  2078 / 2500 Pursuer Error:  2.3329758644104004 Evader Error:  2.3329758644104004
Episode:  2079 / 2500 Pursuer Error:  2.333604574203491 Evader Error:  2.333604574203491
Episode:  2080 / 2500 Pursuer Error:  2.331648588180542 Evader Error:  2.331648588180542
Episode:  2081 / 2500 Pursuer Error:  2.3294076919555664 Evader Error:  2.3294076919555664
Episode:  2082 / 2500 Pursuer Error:  2.043207883834839 Evader Error:  2.043207883834839
Episode:  2083 / 2500 Pursuer Error:  2.038358688354492 Evader Error:  2.038358688354492
Episode:  2084 / 2500 Pursuer Error:  2.035200595855713 Evader Error:  2.035200595855713
Episode:  2085 / 2500 Pursuer Error:  2.034257173538208 Evader Error:  2.034257173538208
Episode:  2086 / 2500 Pursuer Error:  2.033250093460083 Evader Error:  2.033250331878662
Episode:  2087 / 2500 Pursuer Error:  1.7526012659072876 Evader Error:  1.7526012659072876
Episode:  2088 / 2500 Pursuer Error:  1.750992774963379 Evader Error:  1.7509928941726685
Episode:  2089 / 2500 Pursuer Error:  1.7511051893234253 Evader Error:  1.7511051893234253
Episode:  2090 / 2500 Pursuer Error:  1.750247836112976 Evader Error:  1.750247836112976
Episode:  2091 / 2500 Pursuer Error:  1.7485090494155884 Evader Error:  1.7485090494155884
Episode:  2092 / 2500 Pursuer Error:  1.4817918539047241 Evader Error:  1.4817918539047241
Episode:  2093 / 2500 Pursuer Error:  1.4813281297683716 Evader Error:  1.4813282489776611
Episode:  2094 / 2500 Pursuer Error:  1.480930209159851 Evader Error:  1.4809303283691406
Episode:  2095 / 2500 Pursuer Error:  1.4803135395050049 Evader Error:  1.4803135395050049
Episode:  2096 / 2500 Pursuer Error:  1.4804329872131348 Evader Error:  1.4804329872131348
Episode:  2097 / 2500 Pursuer Error:  1.2296733856201172 Evader Error:  1.2296733856201172
Episode:  2098 / 2500 Pursuer Error:  1.23032546043396 Evader Error:  1.23032546043396
Episode:  2099 / 2500 Pursuer Error:  1.2302367687225342 Evader Error:  1.2302367687225342
Episode:  2100 / 2500 Pursuer Error:  1.2288293838500977 Evader Error:  1.2288293838500977
Episode:  2101 / 2500 Pursuer Error:  1.2301757335662842 Evader Error:  1.2301757335662842
Episode:  2102 / 2500 Pursuer Error:  1.0025949478149414 Evader Error:  1.0025949478149414
Episode:  2103 / 2500 Pursuer Error:  1.0023226737976074 Evader Error:  1.0023226737976074
Episode:  2104 / 2500 Pursuer Error:  1.00204598903656 Evader Error:  1.00204598903656
Episode:  2105 / 2500 Pursuer Error:  1.0017666816711426 Evader Error:  1.0017666816711426
Episode:  2106 / 2500 Pursuer Error:  1.0014848709106445 Evader Error:  1.0014848709106445
Episode:  2107 / 2500 Pursuer Error:  0.7976537942886353 Evader Error:  0.7976537346839905
Episode:  2108 / 2500 Pursuer Error:  0.7976104617118835 Evader Error:  0.7976104021072388
Episode:  2109 / 2500 Pursuer Error:  0.79755699634552 Evader Error:  0.79755699634552
Episode:  2110 / 2500 Pursuer Error:  0.797492265701294 Evader Error:  0.7974923253059387
Episode:  2111 / 2500 Pursuer Error:  0.7974182367324829 Evader Error:  0.7974181175231934
Episode:  2112 / 2500 Pursuer Error:  0.6183065176010132 Evader Error:  0.6183064579963684
Episode:  2113 / 2500 Pursuer Error:  0.6182997226715088 Evader Error:  0.6182997226715088
Episode:  2114 / 2500 Pursuer Error:  0.6182855367660522 Evader Error:  0.618285596370697
Episode:  2115 / 2500 Pursuer Error:  0.6182662844657898 Evader Error:  0.6182662844657898
Episode:  2116 / 2500 Pursuer Error:  0.6182424426078796 Evader Error:  0.6182424426078796
Episode:  2117 / 2500 Pursuer Error:  0.46940529346466064 Evader Error:  0.46940529346466064
Episode:  2118 / 2500 Pursuer Error:  0.46930593252182007 Evader Error:  0.46930593252182007
Episode:  2119 / 2500 Pursuer Error:  0.46920907497406006 Evader Error:  0.46920904517173767
Episode:  2120 / 2500 Pursuer Error:  0.4691120386123657 Evader Error:  0.4691120386123657
Episode:  2121 / 2500 Pursuer Error:  0.4690139591693878 Evader Error:  0.46901392936706543
Episode:  2122 / 2500 Pursuer Error:  0.34657472372055054 Evader Error:  0.34657472372055054
Episode:  2123 / 2500 Pursuer Error:  0.34647008776664734 Evader Error:  0.34647008776664734
Episode:  2124 / 2500 Pursuer Error:  0.3463648557662964 Evader Error:  0.3463648557662964
Episode:  2125 / 2500 Pursuer Error:  0.34625858068466187 Evader Error:  0.34625858068466187
Episode:  2126 / 2500 Pursuer Error:  0.34615302085876465 Evader Error:  0.34615302085876465
Episode:  2127 / 2500 Pursuer Error:  0.2459522783756256 Evader Error:  0.2459522783756256
Episode:  2128 / 2500 Pursuer Error:  0.2455848902463913 Evader Error:  0.2455848902463913
Episode:  2129 / 2500 Pursuer Error:  0.24522463977336884 Evader Error:  0.24522463977336884
Episode:  2130 / 2500 Pursuer Error:  0.24489746987819672 Evader Error:  0.24489746987819672
Episode:  2131 / 2500 Pursuer Error:  0.24480505287647247 Evader Error:  0.24480505287647247
Episode:  2132 / 2500 Pursuer Error:  0.1656266748905182 Evader Error:  0.16562668979167938
Episode:  2133 / 2500 Pursuer Error:  0.16572678089141846 Evader Error:  0.16572678089141846
Episode:  2134 / 2500 Pursuer Error:  0.16582629084587097 Evader Error:  0.16582627594470978
Episode:  2135 / 2500 Pursuer Error:  0.16592448949813843 Evader Error:  0.16592448949813843
Episode:  2136 / 2500 Pursuer Error:  0.16602151095867157 Evader Error:  0.16602149605751038
Episode:  2137 / 2500 Pursuer Error:  0.11728246510028839 Evader Error:  0.11728246510028839
Episode:  2138 / 2500 Pursuer Error:  0.1170564740896225 Evader Error:  0.1170564740896225
Episode:  2139 / 2500 Pursuer Error:  0.11684031784534454 Evader Error:  0.11684032529592514
Episode:  2140 / 2500 Pursuer Error:  0.1166297048330307 Evader Error:  0.1166297048330307
Episode:  2141 / 2500 Pursuer Error:  0.1164231076836586 Evader Error:  0.116423100233078
Episode:  2142 / 2500 Pursuer Error:  0.07040323317050934 Evader Error:  0.07040323317050934
Episode:  2143 / 2500 Pursuer Error:  0.0702601969242096 Evader Error:  0.0702601969242096
Episode:  2144 / 2500 Pursuer Error:  0.07011948525905609 Evader Error:  0.07011948525905609
Episode:  2145 / 2500 Pursuer Error:  0.06998059153556824 Evader Error:  0.06998059153556824
Episode:  2146 / 2500 Pursuer Error:  0.06986229866743088 Evader Error:  0.06986229866743088
Episode:  2147 / 2500 Pursuer Error:  0.04603045806288719 Evader Error:  0.04603045806288719
Episode:  2148 / 2500 Pursuer Error:  0.04593447595834732 Evader Error:  0.04593447595834732
Episode:  2149 / 2500 Pursuer Error:  0.04583984613418579 Evader Error:  0.04583984613418579
Episode:  2150 / 2500 Pursuer Error:  0.04574655368924141 Evader Error:  0.04574655368924141
Episode:  2151 / 2500 Pursuer Error:  0.045654576271772385 Evader Error:  0.045654576271772385
Episode:  2152 / 2500 Pursuer Error:  0.02962491475045681 Evader Error:  0.02962491475045681
Episode:  2153 / 2500 Pursuer Error:  0.02955450676381588 Evader Error:  0.02955450676381588
Episode:  2154 / 2500 Pursuer Error:  0.029484812170267105 Evader Error:  0.029484812170267105
Episode:  2155 / 2500 Pursuer Error:  0.02941587008535862 Evader Error:  0.02941587008535862
Episode:  2156 / 2500 Pursuer Error:  0.02934829704463482 Evader Error:  0.02934829704463482
Episode:  2157 / 2500 Pursuer Error:  0.020305195823311806 Evader Error:  0.020305195823311806
Episode:  2158 / 2500 Pursuer Error:  0.02022531069815159 Evader Error:  0.02022531069815159
Episode:  2159 / 2500 Pursuer Error:  0.02014656737446785 Evader Error:  0.02014656737446785
Episode:  2160 / 2500 Pursuer Error:  0.02006896212697029 Evader Error:  0.02006896212697029
Episode:  2161 / 2500 Pursuer Error:  0.020311327651143074 Evader Error:  0.020311325788497925
Evader Caught
Episode:  2162 / 2500 Pursuer Error:  0.01658068783581257 Evader Error:  0.01658068783581257
Episode:  2163 / 2500 Pursuer Error:  1.5818121433258057 Evader Error:  1.5818121433258057
Episode:  2164 / 2500 Pursuer Error:  1.5785106420516968 Evader Error:  1.5785106420516968
Episode:  2165 / 2500 Pursuer Error:  1.5753731727600098 Evader Error:  1.5753731727600098
Episode:  2166 / 2500 Pursuer Error:  1.5713309049606323 Evader Error:  1.5713309049606323
Episode:  2167 / 2500 Pursuer Error:  1.4108041524887085 Evader Error:  1.4108041524887085
Episode:  2168 / 2500 Pursuer Error:  1.4093650579452515 Evader Error:  1.4093650579452515
Episode:  2169 / 2500 Pursuer Error:  1.4077720642089844 Evader Error:  1.4077720642089844
Episode:  2170 / 2500 Pursuer Error:  1.4071409702301025 Evader Error:  1.4071409702301025
Episode:  2171 / 2500 Pursuer Error:  1.4069324731826782 Evader Error:  1.4069324731826782
Episode:  2172 / 2500 Pursuer Error:  1.2426570653915405 Evader Error:  1.2426570653915405
Episode:  2173 / 2500 Pursuer Error:  1.23750901222229 Evader Error:  1.23750901222229
Episode:  2174 / 2500 Pursuer Error:  1.2347503900527954 Evader Error:  1.2347503900527954
Episode:  2175 / 2500 Pursuer Error:  1.2343037128448486 Evader Error:  1.2343037128448486
Episode:  2176 / 2500 Pursuer Error:  1.2336324453353882 Evader Error:  1.2336324453353882
Episode:  2177 / 2500 Pursuer Error:  1.09767484664917 Evader Error:  1.09767484664917
Episode:  2178 / 2500 Pursuer Error:  1.0939280986785889 Evader Error:  1.0939280986785889
Episode:  2179 / 2500 Pursuer Error:  1.0972306728363037 Evader Error:  1.0972306728363037
Episode:  2180 / 2500 Pursuer Error:  1.0965631008148193 Evader Error:  1.0965631008148193
Episode:  2181 / 2500 Pursuer Error:  1.0967484712600708 Evader Error:  1.0967484712600708
Episode:  2182 / 2500 Pursuer Error:  0.9283661246299744 Evader Error:  0.9283661246299744
Episode:  2183 / 2500 Pursuer Error:  0.9270445704460144 Evader Error:  0.9270445704460144
Episode:  2184 / 2500 Pursuer Error:  0.9266918897628784 Evader Error:  0.9266918301582336
Episode:  2185 / 2500 Pursuer Error:  0.9276804327964783 Evader Error:  0.9276804327964783
Episode:  2186 / 2500 Pursuer Error:  0.9263092279434204 Evader Error:  0.9263092279434204
Episode:  2187 / 2500 Pursuer Error:  0.7753866910934448 Evader Error:  0.7753866910934448
Episode:  2188 / 2500 Pursuer Error:  0.7748297452926636 Evader Error:  0.7748297452926636
Episode:  2189 / 2500 Pursuer Error:  0.7747042179107666 Evader Error:  0.7747042179107666
Episode:  2190 / 2500 Pursuer Error:  0.7748270630836487 Evader Error:  0.7748270630836487
Episode:  2191 / 2500 Pursuer Error:  0.774588406085968 Evader Error:  0.774588406085968
Episode:  2192 / 2500 Pursuer Error:  0.6466661691665649 Evader Error:  0.6466661691665649
Episode:  2193 / 2500 Pursuer Error:  0.6464138031005859 Evader Error:  0.6464138031005859
Episode:  2194 / 2500 Pursuer Error:  0.6461288332939148 Evader Error:  0.6461288332939148
Episode:  2195 / 2500 Pursuer Error:  0.6457270979881287 Evader Error:  0.6457270979881287
Episode:  2196 / 2500 Pursuer Error:  0.6424661874771118 Evader Error:  0.6424661874771118
Episode:  2197 / 2500 Pursuer Error:  0.5188507437705994 Evader Error:  0.5188507437705994
Episode:  2198 / 2500 Pursuer Error:  0.5187289714813232 Evader Error:  0.5187289714813232
Episode:  2199 / 2500 Pursuer Error:  0.5186066627502441 Evader Error:  0.5186066627502441
Episode:  2200 / 2500 Pursuer Error:  0.5185935497283936 Evader Error:  0.5185935497283936
Episode:  2201 / 2500 Pursuer Error:  0.5184612274169922 Evader Error:  0.5184612274169922
Episode:  2202 / 2500 Pursuer Error:  0.40255266427993774 Evader Error:  0.40255266427993774
Episode:  2203 / 2500 Pursuer Error:  0.4024537205696106 Evader Error:  0.4024537205696106
Episode:  2204 / 2500 Pursuer Error:  0.40235647559165955 Evader Error:  0.40235647559165955
Episode:  2205 / 2500 Pursuer Error:  0.4022599160671234 Evader Error:  0.4022599160671234
Episode:  2206 / 2500 Pursuer Error:  0.4021627604961395 Evader Error:  0.4021627604961395
Episode:  2207 / 2500 Pursuer Error:  0.3005032241344452 Evader Error:  0.3005032241344452
Episode:  2208 / 2500 Pursuer Error:  0.30033037066459656 Evader Error:  0.30033037066459656
Episode:  2209 / 2500 Pursuer Error:  0.3002466857433319 Evader Error:  0.3002466857433319
Episode:  2210 / 2500 Pursuer Error:  0.30014768242836 Evader Error:  0.30014768242836
Episode:  2211 / 2500 Pursuer Error:  0.30000409483909607 Evader Error:  0.30000409483909607
Episode:  2212 / 2500 Pursuer Error:  0.2152399867773056 Evader Error:  0.2152399718761444
Episode:  2213 / 2500 Pursuer Error:  0.21517214179039001 Evader Error:  0.21517214179039001
Episode:  2214 / 2500 Pursuer Error:  0.21510851383209229 Evader Error:  0.21510851383209229
Episode:  2215 / 2500 Pursuer Error:  0.2150474339723587 Evader Error:  0.2150474339723587
Episode:  2216 / 2500 Pursuer Error:  0.21498781442642212 Evader Error:  0.2149878293275833
Episode:  2217 / 2500 Pursuer Error:  0.1529015302658081 Evader Error:  0.1529015302658081
Episode:  2218 / 2500 Pursuer Error:  0.15278643369674683 Evader Error:  0.15278643369674683
Episode:  2219 / 2500 Pursuer Error:  0.1526779979467392 Evader Error:  0.1526779979467392
Episode:  2220 / 2500 Pursuer Error:  0.15256845951080322 Evader Error:  0.15256845951080322
Episode:  2221 / 2500 Pursuer Error:  0.152465358376503 Evader Error:  0.152465358376503
Episode:  2222 / 2500 Pursuer Error:  0.10617343336343765 Evader Error:  0.10617343336343765
Episode:  2223 / 2500 Pursuer Error:  0.10608206689357758 Evader Error:  0.10608206689357758
Episode:  2224 / 2500 Pursuer Error:  0.10599159449338913 Evader Error:  0.10599159449338913
Episode:  2225 / 2500 Pursuer Error:  0.10590461641550064 Evader Error:  0.10590461641550064
Episode:  2226 / 2500 Pursuer Error:  0.1058199480175972 Evader Error:  0.1058199554681778
Episode:  2227 / 2500 Pursuer Error:  0.07269107550382614 Evader Error:  0.07269108295440674
Episode:  2228 / 2500 Pursuer Error:  0.0726446732878685 Evader Error:  0.0726446807384491
Episode:  2229 / 2500 Pursuer Error:  0.07259894907474518 Evader Error:  0.07259894907474518
Episode:  2230 / 2500 Pursuer Error:  0.07255353033542633 Evader Error:  0.07255353033542633
Episode:  2231 / 2500 Pursuer Error:  0.07250738143920898 Evader Error:  0.07250738143920898
Episode:  2232 / 2500 Pursuer Error:  0.04960978031158447 Evader Error:  0.04960978031158447
Episode:  2233 / 2500 Pursuer Error:  0.049565866589546204 Evader Error:  0.049565866589546204
Episode:  2234 / 2500 Pursuer Error:  0.049522265791893005 Evader Error:  0.049522265791893005
Episode:  2235 / 2500 Pursuer Error:  0.04947961866855621 Evader Error:  0.04947961866855621
Episode:  2236 / 2500 Pursuer Error:  0.04943758621811867 Evader Error:  0.04943758621811867
Episode:  2237 / 2500 Pursuer Error:  0.03412870690226555 Evader Error:  0.03412871062755585
Episode:  2238 / 2500 Pursuer Error:  0.03409414738416672 Evader Error:  0.03409414738416672
Episode:  2239 / 2500 Pursuer Error:  0.03405999764800072 Evader Error:  0.03405999392271042
Episode:  2240 / 2500 Pursuer Error:  0.034026406705379486 Evader Error:  0.034026406705379486
Episode:  2241 / 2500 Pursuer Error:  0.03399299830198288 Evader Error:  0.03399299457669258
Episode:  2242 / 2500 Pursuer Error:  0.023811189457774162 Evader Error:  0.023811187595129013
Episode:  2243 / 2500 Pursuer Error:  0.02378140203654766 Evader Error:  0.02378140203654766
Episode:  2244 / 2500 Pursuer Error:  0.023751938715577126 Evader Error:  0.023751940578222275
Episode:  2245 / 2500 Pursuer Error:  0.02372279390692711 Evader Error:  0.02372279390692711
Episode:  2246 / 2500 Pursuer Error:  0.0236939936876297 Evader Error:  0.0236939936876297
Episode:  2247 / 2500 Pursuer Error:  0.01758827641606331 Evader Error:  0.01758827455341816
Episode:  2248 / 2500 Pursuer Error:  0.01757802814245224 Evader Error:  0.01757802814245224
Episode:  2249 / 2500 Pursuer Error:  0.017567861825227737 Evader Error:  0.017567861825227737
Episode:  2250 / 2500 Pursuer Error:  0.017557743936777115 Evader Error:  0.017557745799422264
Episode:  2251 / 2500 Pursuer Error:  0.017547721043229103 Evader Error:  0.017547721043229103
Episode:  2252 / 2500 Pursuer Error:  0.013063590042293072 Evader Error:  0.013063589110970497
Episode:  2253 / 2500 Pursuer Error:  0.013057796284556389 Evader Error:  0.013057795353233814
Episode:  2254 / 2500 Pursuer Error:  0.013052018359303474 Evader Error:  0.013052018359303474
Episode:  2255 / 2500 Pursuer Error:  0.013046212494373322 Evader Error:  0.013046212494373322
Episode:  2256 / 2500 Pursuer Error:  0.01304045133292675 Evader Error:  0.01304045133292675
Evader Caught
Episode:  2257 / 2500 Pursuer Error:  0.010022403672337532 Evader Error:  0.010022403672337532
Episode:  2258 / 2500 Pursuer Error:  4.200417995452881 Evader Error:  4.200417995452881
Episode:  2259 / 2500 Pursuer Error:  4.191482067108154 Evader Error:  4.191482067108154
Episode:  2260 / 2500 Pursuer Error:  4.1882758140563965 Evader Error:  4.1882758140563965
Episode:  2261 / 2500 Pursuer Error:  4.181588649749756 Evader Error:  4.181588649749756
Episode:  2262 / 2500 Pursuer Error:  3.8904950618743896 Evader Error:  3.8904950618743896
Episode:  2263 / 2500 Pursuer Error:  3.8865017890930176 Evader Error:  3.8865017890930176
Episode:  2264 / 2500 Pursuer Error:  3.8782596588134766 Evader Error:  3.8782596588134766
Episode:  2265 / 2500 Pursuer Error:  3.8813788890838623 Evader Error:  3.8813788890838623
Episode:  2266 / 2500 Pursuer Error:  3.8726999759674072 Evader Error:  3.872699737548828
Episode:  2267 / 2500 Pursuer Error:  3.566948413848877 Evader Error:  3.566948413848877
Episode:  2268 / 2500 Pursuer Error:  3.5565032958984375 Evader Error:  3.5565032958984375
Episode:  2269 / 2500 Pursuer Error:  3.5557219982147217 Evader Error:  3.5557219982147217
Episode:  2270 / 2500 Pursuer Error:  3.5480477809906006 Evader Error:  3.5480477809906006
Episode:  2271 / 2500 Pursuer Error:  3.5433638095855713 Evader Error:  3.5433638095855713
Episode:  2272 / 2500 Pursuer Error:  3.212008476257324 Evader Error:  3.212008476257324
Episode:  2273 / 2500 Pursuer Error:  3.2051219940185547 Evader Error:  3.2051219940185547
Episode:  2274 / 2500 Pursuer Error:  3.209399461746216 Evader Error:  3.209399461746216
Episode:  2275 / 2500 Pursuer Error:  3.211840867996216 Evader Error:  3.211840867996216
Episode:  2276 / 2500 Pursuer Error:  3.2071309089660645 Evader Error:  3.2071306705474854
Episode:  2277 / 2500 Pursuer Error:  2.8785767555236816 Evader Error:  2.8785767555236816
Episode:  2278 / 2500 Pursuer Error:  2.8803040981292725 Evader Error:  2.8803040981292725
Episode:  2279 / 2500 Pursuer Error:  2.874587059020996 Evader Error:  2.874587059020996
Episode:  2280 / 2500 Pursuer Error:  2.8776965141296387 Evader Error:  2.8776965141296387
Episode:  2281 / 2500 Pursuer Error:  2.866605520248413 Evader Error:  2.866605758666992
Episode:  2282 / 2500 Pursuer Error:  2.552804946899414 Evader Error:  2.552804946899414
Episode:  2283 / 2500 Pursuer Error:  2.5427346229553223 Evader Error:  2.5427346229553223
Episode:  2284 / 2500 Pursuer Error:  2.5541980266571045 Evader Error:  2.5541980266571045
Episode:  2285 / 2500 Pursuer Error:  2.544158697128296 Evader Error:  2.544158935546875
Episode:  2286 / 2500 Pursuer Error:  2.546072483062744 Evader Error:  2.546072483062744
Episode:  2287 / 2500 Pursuer Error:  2.2298967838287354 Evader Error:  2.2298967838287354
Episode:  2288 / 2500 Pursuer Error:  2.238629102706909 Evader Error:  2.238629102706909
Episode:  2289 / 2500 Pursuer Error:  2.2296833992004395 Evader Error:  2.2296833992004395
Episode:  2290 / 2500 Pursuer Error:  2.2363646030426025 Evader Error:  2.2363646030426025
Episode:  2291 / 2500 Pursuer Error:  2.2293221950531006 Evader Error:  2.2293221950531006
Episode:  2292 / 2500 Pursuer Error:  1.9165109395980835 Evader Error:  1.9165109395980835
Episode:  2293 / 2500 Pursuer Error:  1.9138832092285156 Evader Error:  1.9138832092285156
Episode:  2294 / 2500 Pursuer Error:  1.9215372800827026 Evader Error:  1.9215373992919922
Episode:  2295 / 2500 Pursuer Error:  1.912155032157898 Evader Error:  1.912155032157898
Episode:  2296 / 2500 Pursuer Error:  1.9360920190811157 Evader Error:  1.9360920190811157
Episode:  2297 / 2500 Pursuer Error:  1.5963160991668701 Evader Error:  1.5963160991668701
Episode:  2298 / 2500 Pursuer Error:  1.595576524734497 Evader Error:  1.5955766439437866
Episode:  2299 / 2500 Pursuer Error:  1.6196705102920532 Evader Error:  1.6196705102920532
Episode:  2300 / 2500 Pursuer Error:  1.5950239896774292 Evader Error:  1.5950238704681396
Episode:  2301 / 2500 Pursuer Error:  1.593994379043579 Evader Error:  1.5939946174621582
Episode:  2302 / 2500 Pursuer Error:  1.324709177017212 Evader Error:  1.324709177017212
Episode:  2303 / 2500 Pursuer Error:  1.3151922225952148 Evader Error:  1.3151921033859253
Episode:  2304 / 2500 Pursuer Error:  1.3240376710891724 Evader Error:  1.3240376710891724
Episode:  2305 / 2500 Pursuer Error:  1.3228495121002197 Evader Error:  1.3228495121002197
Episode:  2306 / 2500 Pursuer Error:  1.3148683309555054 Evader Error:  1.314868450164795
Episode:  2307 / 2500 Pursuer Error:  1.059187412261963 Evader Error:  1.059187412261963
Episode:  2308 / 2500 Pursuer Error:  1.0885021686553955 Evader Error:  1.0885021686553955
Episode:  2309 / 2500 Pursuer Error:  1.0591899156570435 Evader Error:  1.059190034866333
Episode:  2310 / 2500 Pursuer Error:  1.0874769687652588 Evader Error:  1.0874769687652588
Episode:  2311 / 2500 Pursuer Error:  1.0591485500335693 Evader Error:  1.0591485500335693
Episode:  2312 / 2500 Pursuer Error:  0.8405188918113708 Evader Error:  0.8405188918113708
Episode:  2313 / 2500 Pursuer Error:  0.840756356716156 Evader Error:  0.840756356716156
Episode:  2314 / 2500 Pursuer Error:  0.863530158996582 Evader Error:  0.863530158996582
Episode:  2315 / 2500 Pursuer Error:  0.8403042554855347 Evader Error:  0.8403043150901794
Episode:  2316 / 2500 Pursuer Error:  0.8624261021614075 Evader Error:  0.8624261021614075
Episode:  2317 / 2500 Pursuer Error:  0.6476044654846191 Evader Error:  0.6476044654846191
Episode:  2318 / 2500 Pursuer Error:  0.6474820375442505 Evader Error:  0.6474820375442505
Episode:  2319 / 2500 Pursuer Error:  0.6470313668251038 Evader Error:  0.6470313668251038
Episode:  2320 / 2500 Pursuer Error:  0.6602646708488464 Evader Error:  0.6602646708488464
Episode:  2321 / 2500 Pursuer Error:  0.6467012763023376 Evader Error:  0.6467012763023376
Episode:  2322 / 2500 Pursuer Error:  0.4878658950328827 Evader Error:  0.4878658950328827
Episode:  2323 / 2500 Pursuer Error:  0.48739907145500183 Evader Error:  0.48739907145500183
Episode:  2324 / 2500 Pursuer Error:  0.4872123897075653 Evader Error:  0.4872123897075653
Episode:  2325 / 2500 Pursuer Error:  0.4868970513343811 Evader Error:  0.4868970513343811
Episode:  2326 / 2500 Pursuer Error:  0.48656535148620605 Evader Error:  0.48656535148620605
Episode:  2327 / 2500 Pursuer Error:  0.3460160195827484 Evader Error:  0.3460160195827484
Episode:  2328 / 2500 Pursuer Error:  0.34600532054901123 Evader Error:  0.34600532054901123
Episode:  2329 / 2500 Pursuer Error:  0.3458159863948822 Evader Error:  0.3458159863948822
Episode:  2330 / 2500 Pursuer Error:  0.3458608388900757 Evader Error:  0.3458608388900757
Episode:  2331 / 2500 Pursuer Error:  0.34565117955207825 Evader Error:  0.34565117955207825
Episode:  2332 / 2500 Pursuer Error:  0.24192185699939728 Evader Error:  0.24192185699939728
Episode:  2333 / 2500 Pursuer Error:  0.24174371361732483 Evader Error:  0.24174371361732483
Episode:  2334 / 2500 Pursuer Error:  0.24157975614070892 Evader Error:  0.24157975614070892
Episode:  2335 / 2500 Pursuer Error:  0.24152566492557526 Evader Error:  0.24152566492557526
Episode:  2336 / 2500 Pursuer Error:  0.24152067303657532 Evader Error:  0.24152067303657532
Episode:  2337 / 2500 Pursuer Error:  0.16591177880764008 Evader Error:  0.16591179370880127
Episode:  2338 / 2500 Pursuer Error:  0.1657937467098236 Evader Error:  0.1657937467098236
Episode:  2339 / 2500 Pursuer Error:  0.1656804084777832 Evader Error:  0.1656804233789444
Episode:  2340 / 2500 Pursuer Error:  0.1656317412853241 Evader Error:  0.1656317412853241
Episode:  2341 / 2500 Pursuer Error:  0.16559362411499023 Evader Error:  0.16559360921382904
Episode:  2342 / 2500 Pursuer Error:  0.11108523607254028 Evader Error:  0.11108522862195969
Episode:  2343 / 2500 Pursuer Error:  0.11099660396575928 Evader Error:  0.11099660396575928
Episode:  2344 / 2500 Pursuer Error:  0.11091871559619904 Evader Error:  0.11091871559619904
Episode:  2345 / 2500 Pursuer Error:  0.1108463853597641 Evader Error:  0.1108463853597641
Episode:  2346 / 2500 Pursuer Error:  0.11077695339918137 Evader Error:  0.11077695339918137
Episode:  2347 / 2500 Pursuer Error:  0.07389529049396515 Evader Error:  0.07389529049396515
Episode:  2348 / 2500 Pursuer Error:  0.07382342964410782 Evader Error:  0.07382342219352722
Episode:  2349 / 2500 Pursuer Error:  0.07375186681747437 Evader Error:  0.07375186681747437
Episode:  2350 / 2500 Pursuer Error:  0.07368016242980957 Evader Error:  0.07368016242980957
Episode:  2351 / 2500 Pursuer Error:  0.07360899448394775 Evader Error:  0.07360899448394775
Episode:  2352 / 2500 Pursuer Error:  0.04932728409767151 Evader Error:  0.04932728409767151
Episode:  2353 / 2500 Pursuer Error:  0.049294084310531616 Evader Error:  0.049294084310531616
Episode:  2354 / 2500 Pursuer Error:  0.049260932952165604 Evader Error:  0.049260932952165604
Episode:  2355 / 2500 Pursuer Error:  0.049228258430957794 Evader Error:  0.049228258430957794
Episode:  2356 / 2500 Pursuer Error:  0.04919559136033058 Evader Error:  0.04919559508562088
Episode:  2357 / 2500 Pursuer Error:  0.03329119831323624 Evader Error:  0.03329119831323624
Episode:  2358 / 2500 Pursuer Error:  0.03324577584862709 Evader Error:  0.03324577957391739
Episode:  2359 / 2500 Pursuer Error:  0.03320104256272316 Evader Error:  0.03320104256272316
Episode:  2360 / 2500 Pursuer Error:  0.03315708413720131 Evader Error:  0.03315708413720131
Episode:  2361 / 2500 Pursuer Error:  0.03311384469270706 Evader Error:  0.03311384469270706
Evader Caught
Episode:  2362 / 2500 Pursuer Error:  0.023480325937271118 Evader Error:  0.023480325937271118
Episode:  2363 / 2500 Pursuer Error:  2.2707810401916504 Evader Error:  2.2707810401916504
Episode:  2364 / 2500 Pursuer Error:  2.265767812728882 Evader Error:  2.265767812728882
Episode:  2365 / 2500 Pursuer Error:  2.2592110633850098 Evader Error:  2.2592110633850098
Episode:  2366 / 2500 Pursuer Error:  2.257967472076416 Evader Error:  2.257967472076416
Episode:  2367 / 2500 Pursuer Error:  2.075214147567749 Evader Error:  2.075214147567749
Episode:  2368 / 2500 Pursuer Error:  2.0700857639312744 Evader Error:  2.0700857639312744
Episode:  2369 / 2500 Pursuer Error:  2.065413236618042 Evader Error:  2.065413236618042
Episode:  2370 / 2500 Pursuer Error:  2.0615756511688232 Evader Error:  2.0615756511688232
Episode:  2371 / 2500 Pursuer Error:  2.0557870864868164 Evader Error:  2.0557870864868164
Episode:  2372 / 2500 Pursuer Error:  1.8487709760665894 Evader Error:  1.8487709760665894
Episode:  2373 / 2500 Pursuer Error:  1.8501652479171753 Evader Error:  1.8501652479171753
Episode:  2374 / 2500 Pursuer Error:  1.844546914100647 Evader Error:  1.844546914100647
Episode:  2375 / 2500 Pursuer Error:  1.8451995849609375 Evader Error:  1.8451995849609375
Episode:  2376 / 2500 Pursuer Error:  1.847713589668274 Evader Error:  1.8477134704589844
Episode:  2377 / 2500 Pursuer Error:  1.6416869163513184 Evader Error:  1.6416869163513184
Episode:  2378 / 2500 Pursuer Error:  1.6391162872314453 Evader Error:  1.6391162872314453
Episode:  2379 / 2500 Pursuer Error:  1.6385222673416138 Evader Error:  1.6385221481323242
Episode:  2380 / 2500 Pursuer Error:  1.6408711671829224 Evader Error:  1.640871286392212
Episode:  2381 / 2500 Pursuer Error:  1.6336579322814941 Evader Error:  1.6336580514907837
Episode:  2382 / 2500 Pursuer Error:  1.4365698099136353 Evader Error:  1.4365698099136353
Episode:  2383 / 2500 Pursuer Error:  1.4402554035186768 Evader Error:  1.4402552843093872
Episode:  2384 / 2500 Pursuer Error:  1.4388715028762817 Evader Error:  1.4388716220855713
Episode:  2385 / 2500 Pursuer Error:  1.4326809644699097 Evader Error:  1.4326809644699097
Episode:  2386 / 2500 Pursuer Error:  1.4376708269119263 Evader Error:  1.4376708269119263
Episode:  2387 / 2500 Pursuer Error:  1.223532795906067 Evader Error:  1.2235329151153564
Episode:  2388 / 2500 Pursuer Error:  1.2235440015792847 Evader Error:  1.2235440015792847
Episode:  2389 / 2500 Pursuer Error:  1.2238032817840576 Evader Error:  1.2238032817840576
Episode:  2390 / 2500 Pursuer Error:  1.229546308517456 Evader Error:  1.229546308517456
Episode:  2391 / 2500 Pursuer Error:  1.2214618921279907 Evader Error:  1.2214618921279907
Episode:  2392 / 2500 Pursuer Error:  1.0275770425796509 Evader Error:  1.0275770425796509
Episode:  2393 / 2500 Pursuer Error:  1.0224275588989258 Evader Error:  1.0224275588989258
Episode:  2394 / 2500 Pursuer Error:  1.0228636264801025 Evader Error:  1.0228636264801025
Episode:  2395 / 2500 Pursuer Error:  1.026488184928894 Evader Error:  1.026488184928894
Episode:  2396 / 2500 Pursuer Error:  1.0218586921691895 Evader Error:  1.0218586921691895
Episode:  2397 / 2500 Pursuer Error:  0.8367555737495422 Evader Error:  0.8367555737495422
Episode:  2398 / 2500 Pursuer Error:  0.8470810055732727 Evader Error:  0.8470810055732727
Episode:  2399 / 2500 Pursuer Error:  0.8359846472740173 Evader Error:  0.8359846472740173
Episode:  2400 / 2500 Pursuer Error:  0.8406082391738892 Evader Error:  0.8406081795692444
Episode:  2401 / 2500 Pursuer Error:  0.8400983810424805 Evader Error:  0.8400983810424805
Episode:  2402 / 2500 Pursuer Error:  0.6762496829032898 Evader Error:  0.6762496829032898
Episode:  2403 / 2500 Pursuer Error:  0.6759385466575623 Evader Error:  0.6759385466575623
Episode:  2404 / 2500 Pursuer Error:  0.6756345629692078 Evader Error:  0.6756345629692078
Episode:  2405 / 2500 Pursuer Error:  0.6753366589546204 Evader Error:  0.6753366589546204
Episode:  2406 / 2500 Pursuer Error:  0.6750444769859314 Evader Error:  0.6750444769859314
Episode:  2407 / 2500 Pursuer Error:  0.5149077773094177 Evader Error:  0.5149077773094177
Episode:  2408 / 2500 Pursuer Error:  0.5147404074668884 Evader Error:  0.5147404074668884
Episode:  2409 / 2500 Pursuer Error:  0.5145643949508667 Evader Error:  0.5145643949508667
Episode:  2410 / 2500 Pursuer Error:  0.5143694877624512 Evader Error:  0.5143694877624512
Episode:  2411 / 2500 Pursuer Error:  0.5142313838005066 Evader Error:  0.5142313838005066
Episode:  2412 / 2500 Pursuer Error:  0.3898935914039612 Evader Error:  0.3898935914039612
Episode:  2413 / 2500 Pursuer Error:  0.38961443305015564 Evader Error:  0.38961443305015564
Episode:  2414 / 2500 Pursuer Error:  0.38933590054512024 Evader Error:  0.38933590054512024
Episode:  2415 / 2500 Pursuer Error:  0.38906145095825195 Evader Error:  0.38906145095825195
Episode:  2416 / 2500 Pursuer Error:  0.38879114389419556 Evader Error:  0.38879114389419556
Episode:  2417 / 2500 Pursuer Error:  0.27893948554992676 Evader Error:  0.27893948554992676
Episode:  2418 / 2500 Pursuer Error:  0.278569757938385 Evader Error:  0.278569757938385
Episode:  2419 / 2500 Pursuer Error:  0.2782062888145447 Evader Error:  0.2782062888145447
Episode:  2420 / 2500 Pursuer Error:  0.2778497338294983 Evader Error:  0.2778497338294983
Episode:  2421 / 2500 Pursuer Error:  0.27750110626220703 Evader Error:  0.27750110626220703
Episode:  2422 / 2500 Pursuer Error:  0.19000056385993958 Evader Error:  0.19000056385993958
Episode:  2423 / 2500 Pursuer Error:  0.1900574266910553 Evader Error:  0.1900574266910553
Episode:  2424 / 2500 Pursuer Error:  0.1900888830423355 Evader Error:  0.1900888979434967
Episode:  2425 / 2500 Pursuer Error:  0.19009508192539215 Evader Error:  0.19009508192539215
Episode:  2426 / 2500 Pursuer Error:  0.19007740914821625 Evader Error:  0.19007742404937744
Episode:  2427 / 2500 Pursuer Error:  0.12737298011779785 Evader Error:  0.12737298011779785
Episode:  2428 / 2500 Pursuer Error:  0.12695975601673126 Evader Error:  0.12695975601673126
Episode:  2429 / 2500 Pursuer Error:  0.1267087459564209 Evader Error:  0.1267087310552597
Episode:  2430 / 2500 Pursuer Error:  0.1265028566122055 Evader Error:  0.1265028417110443
Episode:  2431 / 2500 Pursuer Error:  0.12631049752235413 Evader Error:  0.12631049752235413
Episode:  2432 / 2500 Pursuer Error:  0.082469142973423 Evader Error:  0.082469142973423
Episode:  2433 / 2500 Pursuer Error:  0.082356296479702 Evader Error:  0.082356296479702
Episode:  2434 / 2500 Pursuer Error:  0.08229470252990723 Evader Error:  0.08229470252990723
Episode:  2435 / 2500 Pursuer Error:  0.08222665637731552 Evader Error:  0.08222665637731552
Episode:  2436 / 2500 Pursuer Error:  0.08211760222911835 Evader Error:  0.08211760222911835
Episode:  2437 / 2500 Pursuer Error:  0.05365869030356407 Evader Error:  0.05365869030356407
Episode:  2438 / 2500 Pursuer Error:  0.05350273847579956 Evader Error:  0.05350273847579956
Episode:  2439 / 2500 Pursuer Error:  0.053387582302093506 Evader Error:  0.053387582302093506
Episode:  2440 / 2500 Pursuer Error:  0.05351987108588219 Evader Error:  0.05351986736059189
Episode:  2441 / 2500 Pursuer Error:  0.05366327613592148 Evader Error:  0.05366327241063118
Episode:  2442 / 2500 Pursuer Error:  0.0342891551554203 Evader Error:  0.0342891551554203
Episode:  2443 / 2500 Pursuer Error:  0.03423668444156647 Evader Error:  0.034236688166856766
Episode:  2444 / 2500 Pursuer Error:  0.034354180097579956 Evader Error:  0.034354180097579956
Episode:  2445 / 2500 Pursuer Error:  0.03446521237492561 Evader Error:  0.03446521610021591
Episode:  2446 / 2500 Pursuer Error:  0.03457476571202278 Evader Error:  0.03457476198673248
Evader Caught
Episode:  2447 / 2500 Pursuer Error:  0.02408640831708908 Evader Error:  0.02408640831708908
Episode:  2448 / 2500 Pursuer Error:  0.4039614200592041 Evader Error:  0.4039614200592041
Episode:  2449 / 2500 Pursuer Error:  0.4032786786556244 Evader Error:  0.4032786786556244
Episode:  2450 / 2500 Pursuer Error:  0.39952343702316284 Evader Error:  0.39952343702316284
Episode:  2451 / 2500 Pursuer Error:  0.39889416098594666 Evader Error:  0.39889416098594666
Episode:  2452 / 2500 Pursuer Error:  0.34783807396888733 Evader Error:  0.34783807396888733
Episode:  2453 / 2500 Pursuer Error:  0.3475603461265564 Evader Error:  0.3475603461265564
Episode:  2454 / 2500 Pursuer Error:  0.3472873866558075 Evader Error:  0.3472873866558075
Episode:  2455 / 2500 Pursuer Error:  0.3470340967178345 Evader Error:  0.3470340967178345
Episode:  2456 / 2500 Pursuer Error:  0.3467888832092285 Evader Error:  0.3467888832092285
Episode:  2457 / 2500 Pursuer Error:  0.28208452463150024 Evader Error:  0.28208452463150024
Episode:  2458 / 2500 Pursuer Error:  0.28198808431625366 Evader Error:  0.28198808431625366
Episode:  2459 / 2500 Pursuer Error:  0.2818928062915802 Evader Error:  0.2818928062915802
Episode:  2460 / 2500 Pursuer Error:  0.2817993760108948 Evader Error:  0.2817993760108948
Episode:  2461 / 2500 Pursuer Error:  0.28170713782310486 Evader Error:  0.28170713782310486
Episode:  2462 / 2500 Pursuer Error:  0.22236934304237366 Evader Error:  0.22236934304237366
Episode:  2463 / 2500 Pursuer Error:  0.22234892845153809 Evader Error:  0.22234892845153809
Episode:  2464 / 2500 Pursuer Error:  0.22232860326766968 Evader Error:  0.22232860326766968
Episode:  2465 / 2500 Pursuer Error:  0.22230863571166992 Evader Error:  0.22230865061283112
Episode:  2466 / 2500 Pursuer Error:  0.22228869795799255 Evader Error:  0.22228868305683136
Episode:  2467 / 2500 Pursuer Error:  0.1741485893726349 Evader Error:  0.17414860427379608
Episode:  2468 / 2500 Pursuer Error:  0.1741357445716858 Evader Error:  0.1741357445716858
Episode:  2469 / 2500 Pursuer Error:  0.17412301898002625 Evader Error:  0.17412301898002625
Episode:  2470 / 2500 Pursuer Error:  0.174110546708107 Evader Error:  0.1741105616092682
Episode:  2471 / 2500 Pursuer Error:  0.17409813404083252 Evader Error:  0.17409813404083252
Episode:  2472 / 2500 Pursuer Error:  0.1303928643465042 Evader Error:  0.1303928643465042
Episode:  2473 / 2500 Pursuer Error:  0.13035759329795837 Evader Error:  0.13035759329795837
Episode:  2474 / 2500 Pursuer Error:  0.13032342493534088 Evader Error:  0.13032342493534088
Episode:  2475 / 2500 Pursuer Error:  0.1302904486656189 Evader Error:  0.1302904486656189
Episode:  2476 / 2500 Pursuer Error:  0.13025854527950287 Evader Error:  0.13025853037834167
Episode:  2477 / 2500 Pursuer Error:  0.09121961891651154 Evader Error:  0.09121961891651154
Episode:  2478 / 2500 Pursuer Error:  0.09120862931013107 Evader Error:  0.09120862185955048
Episode:  2479 / 2500 Pursuer Error:  0.09119762480258942 Evader Error:  0.09119762480258942
Episode:  2480 / 2500 Pursuer Error:  0.09118664264678955 Evader Error:  0.09118664264678955
Episode:  2481 / 2500 Pursuer Error:  0.09117566049098969 Evader Error:  0.09117566049098969
Episode:  2482 / 2500 Pursuer Error:  0.06264786422252655 Evader Error:  0.06264786422252655
Episode:  2483 / 2500 Pursuer Error:  0.06263570487499237 Evader Error:  0.06263569742441177
Episode:  2484 / 2500 Pursuer Error:  0.06262370944023132 Evader Error:  0.06262370944023132
Episode:  2485 / 2500 Pursuer Error:  0.0626116394996643 Evader Error:  0.0626116394996643
Episode:  2486 / 2500 Pursuer Error:  0.06259971857070923 Evader Error:  0.06259971857070923
Episode:  2487 / 2500 Pursuer Error:  0.04403994232416153 Evader Error:  0.04403994232416153
Episode:  2488 / 2500 Pursuer Error:  0.04402466118335724 Evader Error:  0.04402466118335724
Episode:  2489 / 2500 Pursuer Error:  0.04400953650474548 Evader Error:  0.04400953650474548
Episode:  2490 / 2500 Pursuer Error:  0.04399455338716507 Evader Error:  0.04399454593658447
Episode:  2491 / 2500 Pursuer Error:  0.04397972300648689 Evader Error:  0.04397972673177719
Episode:  2492 / 2500 Pursuer Error:  0.03242203965783119 Evader Error:  0.03242203965783119
Episode:  2493 / 2500 Pursuer Error:  0.03240644186735153 Evader Error:  0.03240644186735153
Episode:  2494 / 2500 Pursuer Error:  0.03239098936319351 Evader Error:  0.03239099308848381
Episode:  2495 / 2500 Pursuer Error:  0.03237570822238922 Evader Error:  0.03237570822238922
Episode:  2496 / 2500 Pursuer Error:  0.03236052393913269 Evader Error:  0.03236052393913269
Episode:  2497 / 2500 Pursuer Error:  0.026035184040665627 Evader Error:  0.026035184040665627
Episode:  2498 / 2500 Pursuer Error:  0.02599874697625637 Evader Error:  0.02599874697625637
Episode:  2499 / 2500 Pursuer Error:  0.025962769985198975 Evader Error:  0.025962769985198975
Episode:  2500 / 2500 Pursuer Error:  0.025927139446139336 Evader Error:  0.025927139446139336
Training Complete
---------------------------------------------------------------
plotting the results
---------------------------------------------------------------
---------------------------------------------------------------
Saving the weights
---------------------------------------------------------------
Saving the weight as version:  4
